#! /d/a/fpga-toolchain-build/fpga-toolchain-build/iverilog/_install/bin/vvp
:ivl_version "11.0 (stable)" "(d3b0992)";
:ivl_delay_selection "TYPICAL";
:vpi_time_precision + 0;
:vpi_module "C:\PROGRA~3\CHOCOL~1\lib\iverilog\tools\lib\ivl\system.vpi";
:vpi_module "C:\PROGRA~3\CHOCOL~1\lib\iverilog\tools\lib\ivl\vhdl_sys.vpi";
:vpi_module "C:\PROGRA~3\CHOCOL~1\lib\iverilog\tools\lib\ivl\vhdl_textio.vpi";
:vpi_module "C:\PROGRA~3\CHOCOL~1\lib\iverilog\tools\lib\ivl\v2005_math.vpi";
:vpi_module "C:\PROGRA~3\CHOCOL~1\lib\iverilog\tools\lib\ivl\va_math.vpi";
S_000001fe0c35eba0 .scope module, "flopenr" "flopenr" 2 26;
 .timescale 0 0;
    .port_info 0 /INPUT 1 "clk";
    .port_info 1 /INPUT 1 "reset";
    .port_info 2 /INPUT 1 "en";
    .port_info 3 /INPUT 8 "d";
    .port_info 4 /OUTPUT 8 "q";
P_000001fe0c330780 .param/l "WIDTH" 0 2 26, +C4<00000000000000000000000000001000>;
o000001fe0c3640a8 .functor BUFZ 1, C4<z>; HiZ drive
v000001fe0c355ca0_0 .net "clk", 0 0, o000001fe0c3640a8;  0 drivers
o000001fe0c3640d8 .functor BUFZ 8, C4<zzzzzzzz>; HiZ drive
v000001fe0c354260_0 .net "d", 7 0, o000001fe0c3640d8;  0 drivers
o000001fe0c364108 .functor BUFZ 1, C4<z>; HiZ drive
v000001fe0c355020_0 .net "en", 0 0, o000001fe0c364108;  0 drivers
v000001fe0c3555c0_0 .var "q", 7 0;
o000001fe0c364168 .functor BUFZ 1, C4<z>; HiZ drive
v000001fe0c354440_0 .net "reset", 0 0, o000001fe0c364168;  0 drivers
E_000001fe0c330900 .event posedge, v000001fe0c354440_0, v000001fe0c355ca0_0;
S_000001fe0c35ed30 .scope module, "flopr" "flopr" 2 10;
 .timescale 0 0;
    .port_info 0 /INPUT 1 "clk";
    .port_info 1 /INPUT 1 "reset";
    .port_info 2 /INPUT 8 "d";
    .port_info 3 /OUTPUT 8 "q";
P_000001fe0c330200 .param/l "WIDTH" 0 2 10, +C4<00000000000000000000000000001000>;
o000001fe0c364288 .functor BUFZ 1, C4<z>; HiZ drive
v000001fe0c3558e0_0 .net "clk", 0 0, o000001fe0c364288;  0 drivers
o000001fe0c3642b8 .functor BUFZ 8, C4<zzzzzzzz>; HiZ drive
v000001fe0c355980_0 .net "d", 7 0, o000001fe0c3642b8;  0 drivers
v000001fe0c355fc0_0 .var "q", 7 0;
o000001fe0c364318 .functor BUFZ 1, C4<z>; HiZ drive
v000001fe0c355700_0 .net "reset", 0 0, o000001fe0c364318;  0 drivers
E_000001fe0c330a40 .event posedge, v000001fe0c355700_0, v000001fe0c3558e0_0;
S_000001fe0c2f64d0 .scope module, "mux4" "mux4" 3 20;
 .timescale 0 0;
    .port_info 0 /INPUT 8 "d0";
    .port_info 1 /INPUT 8 "d1";
    .port_info 2 /INPUT 8 "d2";
    .port_info 3 /INPUT 8 "d3";
    .port_info 4 /INPUT 2 "s";
    .port_info 5 /OUTPUT 8 "y";
P_000001fe0c330500 .param/l "WIDTH" 0 3 20, +C4<00000000000000000000000000001000>;
v000001fe0c355e80_0 .net *"_ivl_1", 0 0, L_000001fe0c3bf730;  1 drivers
v000001fe0c3550c0_0 .net *"_ivl_3", 0 0, L_000001fe0c3c0090;  1 drivers
v000001fe0c356100_0 .net *"_ivl_4", 7 0, L_000001fe0c3bed30;  1 drivers
v000001fe0c354c60_0 .net *"_ivl_7", 0 0, L_000001fe0c3bf870;  1 drivers
v000001fe0c354d00_0 .net *"_ivl_8", 7 0, L_000001fe0c3beab0;  1 drivers
o000001fe0c3644f8 .functor BUFZ 8, C4<zzzzzzzz>; HiZ drive
v000001fe0c355a20_0 .net "d0", 7 0, o000001fe0c3644f8;  0 drivers
o000001fe0c364528 .functor BUFZ 8, C4<zzzzzzzz>; HiZ drive
v000001fe0c355200_0 .net "d1", 7 0, o000001fe0c364528;  0 drivers
o000001fe0c364558 .functor BUFZ 8, C4<zzzzzzzz>; HiZ drive
v000001fe0c3553e0_0 .net "d2", 7 0, o000001fe0c364558;  0 drivers
o000001fe0c364588 .functor BUFZ 8, C4<zzzzzzzz>; HiZ drive
v000001fe0c355c00_0 .net "d3", 7 0, o000001fe0c364588;  0 drivers
o000001fe0c3645b8 .functor BUFZ 2, C4<zz>; HiZ drive
v000001fe0c355660_0 .net "s", 1 0, o000001fe0c3645b8;  0 drivers
v000001fe0c355ac0_0 .net "y", 7 0, L_000001fe0c3bedd0;  1 drivers
L_000001fe0c3bf730 .part o000001fe0c3645b8, 1, 1;
L_000001fe0c3c0090 .part o000001fe0c3645b8, 0, 1;
L_000001fe0c3bed30 .functor MUXZ 8, o000001fe0c364558, o000001fe0c364588, L_000001fe0c3c0090, C4<>;
L_000001fe0c3bf870 .part o000001fe0c3645b8, 0, 1;
L_000001fe0c3beab0 .functor MUXZ 8, o000001fe0c3644f8, o000001fe0c364528, L_000001fe0c3bf870, C4<>;
L_000001fe0c3bedd0 .functor MUXZ 8, L_000001fe0c3beab0, L_000001fe0c3bed30, L_000001fe0c3bf730, C4<>;
S_000001fe0c2f6660 .scope module, "rv_pl" "rv_pl" 4 15;
 .timescale 0 0;
    .port_info 0 /INPUT 1 "clk";
    .port_info 1 /INPUT 1 "rst_n";
L_000001fe0c311cd0 .functor NOT 1, v000001fe0c3b9440_0, C4<0>, C4<0>, C4<0>;
L_000001fe0c41e8d0 .functor BUFZ 32, L_000001fe0c41c7c0, C4<00000000000000000000000000000000>, C4<00000000000000000000000000000000>, C4<00000000000000000000000000000000>;
L_000001fe0c41e400 .functor AND 1, v000001fe0c3b4020_0, v000001fe0c3ba480_0, C4<1>, C4<1>;
L_000001fe0c41ecc0 .functor OR 1, L_000001fe0c41e400, v000001fe0c3b3940_0, C4<0>, C4<0>;
v000001fe0c3bdfe0_0 .net "D_ALUControl", 3 0, v000001fe0c3b73c0_0;  1 drivers
v000001fe0c3bcdc0_0 .net "D_ALUSrcASel", 0 0, L_000001fe0c41bdc0;  1 drivers
v000001fe0c3bdb80_0 .net "D_ALUSrcBSel", 0 0, L_000001fe0c41a6a0;  1 drivers
v000001fe0c3bce60_0 .net "D_Branch", 0 0, L_000001fe0c41a880;  1 drivers
v000001fe0c3be080_0 .net "D_ImmExt", 31 0, v000001fe0c3b64c0_0;  1 drivers
v000001fe0c3bcfa0_0 .net "D_ImmSrc", 2 0, L_000001fe0c41ae20;  1 drivers
v000001fe0c3bd040_0 .net "D_Jump", 0 0, L_000001fe0c41aec0;  1 drivers
v000001fe0c3bc3c0_0 .net "D_MemWrite", 0 0, L_000001fe0c41c4a0;  1 drivers
v000001fe0c3bc460_0 .net "D_RD1", 31 0, L_000001fe0c41bfa0;  1 drivers
v000001fe0c3bc500_0 .net "D_RD2", 31 0, L_000001fe0c41ad80;  1 drivers
v000001fe0c3bc6e0_0 .net "D_Rd", 4 0, L_000001fe0c41a560;  1 drivers
v000001fe0c3bdd60_0 .net "D_RegWrite", 0 0, L_000001fe0c41a600;  1 drivers
v000001fe0c3bd400_0 .net "D_ResultSrc", 1 0, L_000001fe0c41bc80;  1 drivers
v000001fe0c3bd0e0_0 .net "D_Rs1", 4 0, L_000001fe0c3befb0;  1 drivers
v000001fe0c3bd180_0 .net "D_Rs2", 4 0, L_000001fe0c3bf050;  1 drivers
v000001fe0c3bdea0_0 .net "D_flush", 0 0, v000001fe0c3b9760_0;  1 drivers
v000001fe0c3bd2c0_0 .net "D_instr", 31 0, v000001fe0c3b3e40_0;  1 drivers
v000001fe0c3bdc20_0 .net "D_pc", 31 0, v000001fe0c3b3080_0;  1 drivers
v000001fe0c3bdcc0_0 .net "D_pc_plus_4", 31 0, v000001fe0c3b3580_0;  1 drivers
v000001fe0c3bd9a0_0 .net "D_stall", 0 0, v000001fe0c3b99e0_0;  1 drivers
v000001fe0c3bd7c0_0 .net "E_ALUControl", 3 0, L_000001fe0c41b000;  1 drivers
v000001fe0c3bd4a0_0 .net "E_ALUResult", 31 0, v000001fe0c3bac00_0;  1 drivers
o000001fe0c3666e8 .functor BUFZ 1, C4<z>; HiZ drive
v000001fe0c3bd680_0 .net "E_ALUSrcASel", 0 0, o000001fe0c3666e8;  0 drivers
v000001fe0c3bd860_0 .net "E_ALUSrcBSel", 0 0, v000001fe0c3b3da0_0;  1 drivers
v000001fe0c3bc640_0 .net "E_Branch", 0 0, v000001fe0c3b4020_0;  1 drivers
v000001fe0c3bda40_0 .net "E_ImmExt", 31 0, v000001fe0c3b3800_0;  1 drivers
v000001fe0c3bdae0_0 .net "E_Jump", 0 0, v000001fe0c3b3940_0;  1 drivers
v000001fe0c3bd720_0 .net "E_MemWrite", 0 0, v000001fe0c3b2540_0;  1 drivers
v000001fe0c3bde00_0 .net "E_PCSrc", 0 0, L_000001fe0c41ecc0;  1 drivers
v000001fe0c3bc780_0 .net "E_RD1", 31 0, v000001fe0c3b22c0_0;  1 drivers
v000001fe0c3bc820_0 .net "E_RD2", 31 0, v000001fe0c3b2400_0;  1 drivers
v000001fe0c3bc960_0 .net "E_Rd", 4 0, v000001fe0c3b2360_0;  1 drivers
v000001fe0c3bca00_0 .net "E_RegWrite", 0 0, v000001fe0c3b3260_0;  1 drivers
v000001fe0c3bcaa0_0 .net "E_ResultSrc", 1 0, v000001fe0c3b2720_0;  1 drivers
v000001fe0c3beb50_0 .net "E_Rs1", 4 0, v000001fe0c3b2900_0;  1 drivers
v000001fe0c3bf910_0 .net "E_Rs2", 4 0, v000001fe0c3b29a0_0;  1 drivers
v000001fe0c3be510_0 .net "E_SrcA", 31 0, L_000001fe0c41b960;  1 drivers
v000001fe0c3bf410_0 .net "E_SrcA_forwarded", 31 0, L_000001fe0c41c220;  1 drivers
v000001fe0c3bfcd0_0 .net "E_SrcB", 31 0, L_000001fe0c41b640;  1 drivers
v000001fe0c3be8d0_0 .net "E_SrcB_forwarded", 31 0, L_000001fe0c41c7c0;  1 drivers
v000001fe0c3be5b0_0 .net "E_WriteData", 31 0, L_000001fe0c41e8d0;  1 drivers
v000001fe0c3be3d0_0 .net "E_Zero", 0 0, v000001fe0c3ba480_0;  1 drivers
v000001fe0c3be470_0 .net "E_flush", 0 0, v000001fe0c3bad40_0;  1 drivers
v000001fe0c3bea10_0 .net "E_pc", 31 0, v000001fe0c3b2180_0;  1 drivers
v000001fe0c3bf550_0 .net "E_pcTarget", 31 0, L_000001fe0c41c0e0;  1 drivers
v000001fe0c3bf190_0 .net "E_pc_plus_4", 31 0, v000001fe0c3b2e00_0;  1 drivers
v000001fe0c3bfe10_0 .net "F_instr", 31 0, L_000001fe0c311e20;  1 drivers
v000001fe0c3bf7d0_0 .net "F_pc", 31 0, v000001fe0c3bc8c0_0;  1 drivers
v000001fe0c3be6f0_0 .net "F_pc_next", 31 0, L_000001fe0c3bef10;  1 drivers
v000001fe0c3bf5f0_0 .net "F_pc_plus_4", 31 0, L_000001fe0c3bf9b0;  1 drivers
v000001fe0c3bfd70_0 .net "ForwardAE", 1 0, v000001fe0c3bab60_0;  1 drivers
v000001fe0c3bfa50_0 .net "ForwardBE", 1 0, v000001fe0c3b98a0_0;  1 drivers
v000001fe0c3bfaf0_0 .net "M_ALUResult", 31 0, v000001fe0c3b5810_0;  1 drivers
v000001fe0c3bee70_0 .net "M_MemWrite", 0 0, v000001fe0c3b5450_0;  1 drivers
v000001fe0c3bf4b0_0 .net "M_Rd", 4 0, v000001fe0c3b4e10_0;  1 drivers
v000001fe0c3bebf0_0 .net "M_ReadDataW", 31 0, L_000001fe0c41e9b0;  1 drivers
v000001fe0c3bfb90_0 .net "M_RegWrite", 0 0, v000001fe0c3b5f90_0;  1 drivers
v000001fe0c3be790_0 .net "M_ResultSrc", 1 0, v000001fe0c3b4a50_0;  1 drivers
v000001fe0c3bf230_0 .net "M_WriteData", 31 0, v000001fe0c3b5310_0;  1 drivers
v000001fe0c3bf370_0 .net "M_pc_plus_4", 31 0, v000001fe0c3b5c70_0;  1 drivers
v000001fe0c3bf2d0_0 .net "W_ALUResult", 31 0, v000001fe0c3b5950_0;  1 drivers
v000001fe0c3bf0f0_0 .net "W_Rd", 4 0, v000001fe0c3b5270_0;  1 drivers
v000001fe0c3be650_0 .net "W_ReadData", 31 0, v000001fe0c3b6030_0;  1 drivers
v000001fe0c3bfeb0_0 .net "W_RegWrite", 0 0, v000001fe0c3b54f0_0;  1 drivers
v000001fe0c3bf690_0 .net "W_Result", 31 0, L_000001fe0c41a740;  1 drivers
v000001fe0c3bec90_0 .net "W_ResultSrc", 1 0, v000001fe0c3b5630_0;  1 drivers
v000001fe0c3be830_0 .net "W_pc_plus_4", 31 0, v000001fe0c3b4190_0;  1 drivers
v000001fe0c3bff50_0 .net *"_ivl_30", 0 0, L_000001fe0c41e400;  1 drivers
o000001fe0c3647c8 .functor BUFZ 1, C4<z>; HiZ drive
v000001fe0c3bfc30_0 .net "clk", 0 0, o000001fe0c3647c8;  0 drivers
o000001fe0c364c18 .functor BUFZ 1, C4<z>; HiZ drive
v000001fe0c3bfff0_0 .net "rst_n", 0 0, o000001fe0c364c18;  0 drivers
v000001fe0c3be970_0 .net "stallF", 0 0, v000001fe0c3b9440_0;  1 drivers
L_000001fe0c3be330 .part v000001fe0c3bc8c0_0, 2, 6;
L_000001fe0c3befb0 .part v000001fe0c3b3e40_0, 15, 5;
L_000001fe0c3bf050 .part v000001fe0c3b3e40_0, 20, 5;
L_000001fe0c41a560 .part v000001fe0c3b3e40_0, 7, 5;
L_000001fe0c41baa0 .part v000001fe0c3b3e40_0, 0, 7;
L_000001fe0c41b6e0 .part v000001fe0c3b3e40_0, 12, 3;
L_000001fe0c41be60 .part v000001fe0c3b3e40_0, 30, 1;
L_000001fe0c41a2e0 .part v000001fe0c3b3e40_0, 7, 25;
L_000001fe0c41af60 .part v000001fe0c3b73c0_0, 0, 3;
L_000001fe0c41b000 .part/pv v000001fe0c3b24a0_0, 0, 3, 4;
L_000001fe0c41aba0 .part v000001fe0c3b2720_0, 0, 1;
S_000001fe0c2f67f0 .scope module, "DMEM" "dmem" 4 301, 5 1 0, S_000001fe0c2f6660;
 .timescale 0 0;
    .port_info 0 /INPUT 1 "clk";
    .port_info 1 /INPUT 1 "we";
    .port_info 2 /INPUT 32 "a";
    .port_info 3 /INPUT 32 "wd";
    .port_info 4 /OUTPUT 32 "rd";
L_000001fe0c41e9b0 .functor BUFZ 32, L_000001fe0c41b0a0, C4<00000000000000000000000000000000>, C4<00000000000000000000000000000000>, C4<00000000000000000000000000000000>;
v000001fe0c3557a0 .array "RAM", 63 0, 31 0;
v000001fe0c355b60_0 .net *"_ivl_0", 31 0, L_000001fe0c41b0a0;  1 drivers
v000001fe0c3544e0_0 .net *"_ivl_3", 29 0, L_000001fe0c41c5e0;  1 drivers
v000001fe0c355f20_0 .net "a", 31 0, v000001fe0c3b5810_0;  alias, 1 drivers
v000001fe0c354760_0 .net "clk", 0 0, o000001fe0c3647c8;  alias, 0 drivers
v000001fe0c354800_0 .net "rd", 31 0, L_000001fe0c41e9b0;  alias, 1 drivers
v000001fe0c342550_0 .net "wd", 31 0, v000001fe0c3b5310_0;  alias, 1 drivers
v000001fe0c3427d0_0 .net "we", 0 0, v000001fe0c3b5450_0;  alias, 1 drivers
E_000001fe0c330880 .event posedge, v000001fe0c354760_0;
L_000001fe0c41b0a0 .array/port v000001fe0c3557a0, L_000001fe0c41c5e0;
L_000001fe0c41c5e0 .part v000001fe0c3b5810_0, 2, 30;
S_000001fe0c2f3f60 .scope module, "IMEM" "imem" 4 117, 6 1 0, S_000001fe0c2f6660;
 .timescale 0 0;
    .port_info 0 /INPUT 6 "a";
    .port_info 1 /OUTPUT 32 "rd";
P_000001fe0c331540 .param/l "MEM_DEPTH" 0 6 1, +C4<00000000000000000000000001000000>;
L_000001fe0c311e20 .functor BUFZ 32, L_000001fe0c3be1f0, C4<00000000000000000000000000000000>, C4<00000000000000000000000000000000>, C4<00000000000000000000000000000000>;
v000001fe0c3b3620 .array "RAM", 63 0, 31 0;
v000001fe0c3b2cc0_0 .net *"_ivl_0", 31 0, L_000001fe0c3be1f0;  1 drivers
v000001fe0c3b3ee0_0 .net *"_ivl_2", 7 0, L_000001fe0c3be290;  1 drivers
L_000001fe0c3c2210 .functor BUFT 1, C4<00>, C4<0>, C4<0>, C4<0>;
v000001fe0c3b25e0_0 .net *"_ivl_5", 1 0, L_000001fe0c3c2210;  1 drivers
v000001fe0c3b34e0_0 .net "a", 5 0, L_000001fe0c3be330;  1 drivers
v000001fe0c3b2b80_0 .net "rd", 31 0, L_000001fe0c311e20;  alias, 1 drivers
L_000001fe0c3be1f0 .array/port v000001fe0c3b3620, L_000001fe0c3be290;
L_000001fe0c3be290 .concat [ 6 2 0 0], L_000001fe0c3be330, L_000001fe0c3c2210;
S_000001fe0c2f40f0 .scope module, "PLR1" "if_id_reg" 4 123, 7 1 0, S_000001fe0c2f6660;
 .timescale 0 0;
    .port_info 0 /INPUT 1 "clk";
    .port_info 1 /INPUT 1 "rst_n";
    .port_info 2 /INPUT 1 "en";
    .port_info 3 /INPUT 1 "clr";
    .port_info 4 /INPUT 32 "F_pc";
    .port_info 5 /INPUT 32 "F_instr";
    .port_info 6 /INPUT 32 "F_pc_plus_4";
    .port_info 7 /OUTPUT 32 "D_pc";
    .port_info 8 /OUTPUT 32 "D_instr";
    .port_info 9 /OUTPUT 32 "D_pc_plus_4";
v000001fe0c3b3e40_0 .var "D_instr", 31 0;
v000001fe0c3b3080_0 .var "D_pc", 31 0;
v000001fe0c3b3580_0 .var "D_pc_plus_4", 31 0;
v000001fe0c3b36c0_0 .net "F_instr", 31 0, L_000001fe0c311e20;  alias, 1 drivers
v000001fe0c3b3f80_0 .net "F_pc", 31 0, v000001fe0c3bc8c0_0;  alias, 1 drivers
v000001fe0c3b2d60_0 .net "F_pc_plus_4", 31 0, L_000001fe0c3bf9b0;  alias, 1 drivers
v000001fe0c3b3a80_0 .net "clk", 0 0, o000001fe0c3647c8;  alias, 0 drivers
v000001fe0c3b3c60_0 .net "clr", 0 0, v000001fe0c3b9760_0;  alias, 1 drivers
v000001fe0c3b3b20_0 .net "en", 0 0, v000001fe0c3b99e0_0;  alias, 1 drivers
v000001fe0c3b2ea0_0 .net "rst_n", 0 0, o000001fe0c364c18;  alias, 0 drivers
E_000001fe0c331840 .event posedge, v000001fe0c3b2ea0_0, v000001fe0c354760_0;
S_000001fe0c2f4280 .scope module, "PLR2" "decode_execute_reg" 4 180, 8 1 0, S_000001fe0c2f6660;
 .timescale 0 0;
    .port_info 0 /INPUT 1 "clk";
    .port_info 1 /INPUT 1 "reset";
    .port_info 2 /INPUT 1 "FlushE";
    .port_info 3 /INPUT 1 "RegWriteD";
    .port_info 4 /INPUT 2 "ResultSrcD";
    .port_info 5 /INPUT 1 "MemWriteD";
    .port_info 6 /INPUT 1 "JumpD";
    .port_info 7 /INPUT 1 "BranchD";
    .port_info 8 /INPUT 3 "ALUControlD";
    .port_info 9 /INPUT 1 "ALUSrcD";
    .port_info 10 /INPUT 32 "RD1D";
    .port_info 11 /INPUT 32 "RD2D";
    .port_info 12 /INPUT 32 "PCD";
    .port_info 13 /INPUT 5 "Rs1D";
    .port_info 14 /INPUT 5 "Rs2D";
    .port_info 15 /INPUT 5 "RdD";
    .port_info 16 /INPUT 32 "ImmExtD";
    .port_info 17 /INPUT 32 "PCPlus4D";
    .port_info 18 /OUTPUT 1 "RegWriteE";
    .port_info 19 /OUTPUT 2 "ResultSrcE";
    .port_info 20 /OUTPUT 1 "MemWriteE";
    .port_info 21 /OUTPUT 1 "JumpE";
    .port_info 22 /OUTPUT 1 "BranchE";
    .port_info 23 /OUTPUT 3 "ALUControlE";
    .port_info 24 /OUTPUT 1 "ALUSrcE";
    .port_info 25 /OUTPUT 32 "RD1E";
    .port_info 26 /OUTPUT 32 "RD2E";
    .port_info 27 /OUTPUT 32 "PCE";
    .port_info 28 /OUTPUT 5 "Rs1E";
    .port_info 29 /OUTPUT 5 "Rs2E";
    .port_info 30 /OUTPUT 5 "RdE";
    .port_info 31 /OUTPUT 32 "ImmExtE";
    .port_info 32 /OUTPUT 32 "PCPlus4E";
v000001fe0c3b2fe0_0 .net "ALUControlD", 2 0, L_000001fe0c41af60;  1 drivers
v000001fe0c3b24a0_0 .var "ALUControlE", 2 0;
v000001fe0c3b3760_0 .net "ALUSrcD", 0 0, L_000001fe0c41a6a0;  alias, 1 drivers
v000001fe0c3b3da0_0 .var "ALUSrcE", 0 0;
v000001fe0c3b33a0_0 .net "BranchD", 0 0, L_000001fe0c41a880;  alias, 1 drivers
v000001fe0c3b4020_0 .var "BranchE", 0 0;
v000001fe0c3b27c0_0 .net "FlushE", 0 0, v000001fe0c3bad40_0;  alias, 1 drivers
v000001fe0c3b3bc0_0 .net "ImmExtD", 31 0, v000001fe0c3b64c0_0;  alias, 1 drivers
v000001fe0c3b3800_0 .var "ImmExtE", 31 0;
v000001fe0c3b38a0_0 .net "JumpD", 0 0, L_000001fe0c41aec0;  alias, 1 drivers
v000001fe0c3b3940_0 .var "JumpE", 0 0;
v000001fe0c3b3d00_0 .net "MemWriteD", 0 0, L_000001fe0c41c4a0;  alias, 1 drivers
v000001fe0c3b2540_0 .var "MemWriteE", 0 0;
v000001fe0c3b2c20_0 .net "PCD", 31 0, v000001fe0c3b3080_0;  alias, 1 drivers
v000001fe0c3b2180_0 .var "PCE", 31 0;
v000001fe0c3b2220_0 .net "PCPlus4D", 31 0, v000001fe0c3b3580_0;  alias, 1 drivers
v000001fe0c3b2e00_0 .var "PCPlus4E", 31 0;
v000001fe0c3b3120_0 .net "RD1D", 31 0, L_000001fe0c41bfa0;  alias, 1 drivers
v000001fe0c3b22c0_0 .var "RD1E", 31 0;
v000001fe0c3b2f40_0 .net "RD2D", 31 0, L_000001fe0c41ad80;  alias, 1 drivers
v000001fe0c3b2400_0 .var "RD2E", 31 0;
v000001fe0c3b31c0_0 .net "RdD", 4 0, L_000001fe0c41a560;  alias, 1 drivers
v000001fe0c3b2360_0 .var "RdE", 4 0;
v000001fe0c3b2680_0 .net "RegWriteD", 0 0, L_000001fe0c41a600;  alias, 1 drivers
v000001fe0c3b3260_0 .var "RegWriteE", 0 0;
v000001fe0c3b2860_0 .net "ResultSrcD", 1 0, L_000001fe0c41bc80;  alias, 1 drivers
v000001fe0c3b2720_0 .var "ResultSrcE", 1 0;
v000001fe0c3b3300_0 .net "Rs1D", 4 0, L_000001fe0c3befb0;  alias, 1 drivers
v000001fe0c3b2900_0 .var "Rs1E", 4 0;
v000001fe0c3b3440_0 .net "Rs2D", 4 0, L_000001fe0c3bf050;  alias, 1 drivers
v000001fe0c3b29a0_0 .var "Rs2E", 4 0;
v000001fe0c3b2a40_0 .net "clk", 0 0, o000001fe0c3647c8;  alias, 0 drivers
v000001fe0c3b2ae0_0 .net "reset", 0 0, o000001fe0c364c18;  alias, 0 drivers
S_000001fe0c2ee980 .scope module, "PLR3" "execute_memory_reg" 4 277, 9 1 0, S_000001fe0c2f6660;
 .timescale 0 0;
    .port_info 0 /INPUT 1 "clk";
    .port_info 1 /INPUT 1 "reset";
    .port_info 2 /INPUT 1 "RegWriteE";
    .port_info 3 /INPUT 2 "ResultSrcE";
    .port_info 4 /INPUT 1 "MemWriteE";
    .port_info 5 /INPUT 32 "ALUResultE";
    .port_info 6 /INPUT 32 "WriteDataE";
    .port_info 7 /INPUT 5 "RdE";
    .port_info 8 /INPUT 32 "PCPlus4E";
    .port_info 9 /OUTPUT 1 "RegWriteM";
    .port_info 10 /OUTPUT 2 "ResultSrcM";
    .port_info 11 /OUTPUT 1 "MemWriteM";
    .port_info 12 /OUTPUT 32 "ALUResultM";
    .port_info 13 /OUTPUT 32 "WriteDataM";
    .port_info 14 /OUTPUT 5 "RdM";
    .port_info 15 /OUTPUT 32 "PCPlus4M";
v000001fe0c3b39e0_0 .net "ALUResultE", 31 0, v000001fe0c3bac00_0;  alias, 1 drivers
v000001fe0c3b5810_0 .var "ALUResultM", 31 0;
v000001fe0c3b49b0_0 .net "MemWriteE", 0 0, v000001fe0c3b2540_0;  alias, 1 drivers
v000001fe0c3b5450_0 .var "MemWriteM", 0 0;
v000001fe0c3b4b90_0 .net "PCPlus4E", 31 0, v000001fe0c3b2e00_0;  alias, 1 drivers
v000001fe0c3b5c70_0 .var "PCPlus4M", 31 0;
v000001fe0c3b4f50_0 .net "RdE", 4 0, v000001fe0c3b2360_0;  alias, 1 drivers
v000001fe0c3b4e10_0 .var "RdM", 4 0;
v000001fe0c3b56d0_0 .net "RegWriteE", 0 0, v000001fe0c3b3260_0;  alias, 1 drivers
v000001fe0c3b5f90_0 .var "RegWriteM", 0 0;
v000001fe0c3b4c30_0 .net "ResultSrcE", 1 0, v000001fe0c3b2720_0;  alias, 1 drivers
v000001fe0c3b4a50_0 .var "ResultSrcM", 1 0;
v000001fe0c3b58b0_0 .net "WriteDataE", 31 0, L_000001fe0c41e8d0;  alias, 1 drivers
v000001fe0c3b5310_0 .var "WriteDataM", 31 0;
v000001fe0c3b4af0_0 .net "clk", 0 0, o000001fe0c3647c8;  alias, 0 drivers
v000001fe0c3b5590_0 .net "reset", 0 0, o000001fe0c364c18;  alias, 0 drivers
S_000001fe0c2aca50 .scope module, "PLR4" "memory_writeback_reg" 4 310, 10 1 0, S_000001fe0c2f6660;
 .timescale 0 0;
    .port_info 0 /INPUT 1 "clk";
    .port_info 1 /INPUT 1 "reset";
    .port_info 2 /INPUT 1 "RegWriteM";
    .port_info 3 /INPUT 2 "ResultSrcM";
    .port_info 4 /INPUT 32 "ALUResultM";
    .port_info 5 /INPUT 32 "ReadDataM";
    .port_info 6 /INPUT 5 "RdM";
    .port_info 7 /INPUT 32 "PCPlus4M";
    .port_info 8 /OUTPUT 1 "RegWriteW";
    .port_info 9 /OUTPUT 2 "ResultSrcW";
    .port_info 10 /OUTPUT 32 "ALUResultW";
    .port_info 11 /OUTPUT 32 "ReadDataW";
    .port_info 12 /OUTPUT 5 "RdW";
    .port_info 13 /OUTPUT 32 "PCPlus4W";
v000001fe0c3b4410_0 .net "ALUResultM", 31 0, v000001fe0c3b5810_0;  alias, 1 drivers
v000001fe0c3b5950_0 .var "ALUResultW", 31 0;
v000001fe0c3b44b0_0 .net "PCPlus4M", 31 0, v000001fe0c3b5c70_0;  alias, 1 drivers
v000001fe0c3b4190_0 .var "PCPlus4W", 31 0;
v000001fe0c3b4cd0_0 .net "RdM", 4 0, v000001fe0c3b4e10_0;  alias, 1 drivers
v000001fe0c3b5270_0 .var "RdW", 4 0;
v000001fe0c3b4eb0_0 .net "ReadDataM", 31 0, L_000001fe0c41e9b0;  alias, 1 drivers
v000001fe0c3b6030_0 .var "ReadDataW", 31 0;
v000001fe0c3b5d10_0 .net "RegWriteM", 0 0, v000001fe0c3b5f90_0;  alias, 1 drivers
v000001fe0c3b54f0_0 .var "RegWriteW", 0 0;
v000001fe0c3b4690_0 .net "ResultSrcM", 1 0, v000001fe0c3b4a50_0;  alias, 1 drivers
v000001fe0c3b5630_0 .var "ResultSrcW", 1 0;
v000001fe0c3b4230_0 .net "clk", 0 0, o000001fe0c3647c8;  alias, 0 drivers
v000001fe0c3b5db0_0 .net "reset", 0 0, o000001fe0c364c18;  alias, 0 drivers
S_000001fe0c2ee0f0 .scope module, "RF" "regfile" 4 143, 11 1 0, S_000001fe0c2f6660;
 .timescale 0 0;
    .port_info 0 /INPUT 1 "clk";
    .port_info 1 /INPUT 1 "we3";
    .port_info 2 /INPUT 5 "a1";
    .port_info 3 /INPUT 5 "a2";
    .port_info 4 /INPUT 5 "a3";
    .port_info 5 /INPUT 32 "wd3";
    .port_info 6 /OUTPUT 32 "rd1";
    .port_info 7 /OUTPUT 32 "rd2";
v000001fe0c3b4ff0_0 .net *"_ivl_0", 31 0, L_000001fe0c41c9a0;  1 drivers
v000001fe0c3b42d0_0 .net *"_ivl_10", 6 0, L_000001fe0c41b5a0;  1 drivers
L_000001fe0c3c22e8 .functor BUFT 1, C4<00>, C4<0>, C4<0>, C4<0>;
v000001fe0c3b4d70_0 .net *"_ivl_13", 1 0, L_000001fe0c3c22e8;  1 drivers
L_000001fe0c3c2330 .functor BUFT 1, C4<00000000000000000000000000000000>, C4<0>, C4<0>, C4<0>;
v000001fe0c3b5770_0 .net/2u *"_ivl_14", 31 0, L_000001fe0c3c2330;  1 drivers
v000001fe0c3b53b0_0 .net *"_ivl_18", 31 0, L_000001fe0c41c720;  1 drivers
L_000001fe0c3c2378 .functor BUFT 1, C4<000000000000000000000000000>, C4<0>, C4<0>, C4<0>;
v000001fe0c3b59f0_0 .net *"_ivl_21", 26 0, L_000001fe0c3c2378;  1 drivers
L_000001fe0c3c23c0 .functor BUFT 1, C4<00000000000000000000000000000000>, C4<0>, C4<0>, C4<0>;
v000001fe0c3b5a90_0 .net/2u *"_ivl_22", 31 0, L_000001fe0c3c23c0;  1 drivers
v000001fe0c3b5090_0 .net *"_ivl_24", 0 0, L_000001fe0c41c540;  1 drivers
v000001fe0c3b4730_0 .net *"_ivl_26", 31 0, L_000001fe0c41c860;  1 drivers
v000001fe0c3b5bd0_0 .net *"_ivl_28", 6 0, L_000001fe0c41bd20;  1 drivers
L_000001fe0c3c2258 .functor BUFT 1, C4<000000000000000000000000000>, C4<0>, C4<0>, C4<0>;
v000001fe0c3b5e50_0 .net *"_ivl_3", 26 0, L_000001fe0c3c2258;  1 drivers
L_000001fe0c3c2408 .functor BUFT 1, C4<00>, C4<0>, C4<0>, C4<0>;
v000001fe0c3b4370_0 .net *"_ivl_31", 1 0, L_000001fe0c3c2408;  1 drivers
L_000001fe0c3c2450 .functor BUFT 1, C4<00000000000000000000000000000000>, C4<0>, C4<0>, C4<0>;
v000001fe0c3b5ef0_0 .net/2u *"_ivl_32", 31 0, L_000001fe0c3c2450;  1 drivers
L_000001fe0c3c22a0 .functor BUFT 1, C4<00000000000000000000000000000000>, C4<0>, C4<0>, C4<0>;
v000001fe0c3b5b30_0 .net/2u *"_ivl_4", 31 0, L_000001fe0c3c22a0;  1 drivers
v000001fe0c3b5130_0 .net *"_ivl_6", 0 0, L_000001fe0c41a240;  1 drivers
v000001fe0c3b51d0_0 .net *"_ivl_8", 31 0, L_000001fe0c41a7e0;  1 drivers
v000001fe0c3b4910_0 .net "a1", 4 0, L_000001fe0c3befb0;  alias, 1 drivers
v000001fe0c3b47d0_0 .net "a2", 4 0, L_000001fe0c3bf050;  alias, 1 drivers
v000001fe0c3b4550_0 .net "a3", 4 0, v000001fe0c3b5270_0;  alias, 1 drivers
v000001fe0c3b45f0_0 .net "clk", 0 0, o000001fe0c3647c8;  alias, 0 drivers
v000001fe0c3b4870_0 .var/i "i", 31 0;
v000001fe0c3b7320_0 .net "rd1", 31 0, L_000001fe0c41bfa0;  alias, 1 drivers
v000001fe0c3b6c40_0 .net "rd2", 31 0, L_000001fe0c41ad80;  alias, 1 drivers
v000001fe0c3b6740 .array "rf", 31 0, 31 0;
v000001fe0c3b7f00_0 .net "wd3", 31 0, L_000001fe0c41a740;  alias, 1 drivers
v000001fe0c3b6b00_0 .net "we3", 0 0, v000001fe0c3b54f0_0;  alias, 1 drivers
E_000001fe0c3313c0 .event negedge, v000001fe0c354760_0;
L_000001fe0c41c9a0 .concat [ 5 27 0 0], L_000001fe0c3befb0, L_000001fe0c3c2258;
L_000001fe0c41a240 .cmp/ne 32, L_000001fe0c41c9a0, L_000001fe0c3c22a0;
L_000001fe0c41a7e0 .array/port v000001fe0c3b6740, L_000001fe0c41b5a0;
L_000001fe0c41b5a0 .concat [ 5 2 0 0], L_000001fe0c3befb0, L_000001fe0c3c22e8;
L_000001fe0c41bfa0 .functor MUXZ 32, L_000001fe0c3c2330, L_000001fe0c41a7e0, L_000001fe0c41a240, C4<>;
L_000001fe0c41c720 .concat [ 5 27 0 0], L_000001fe0c3bf050, L_000001fe0c3c2378;
L_000001fe0c41c540 .cmp/ne 32, L_000001fe0c41c720, L_000001fe0c3c23c0;
L_000001fe0c41c860 .array/port v000001fe0c3b6740, L_000001fe0c41bd20;
L_000001fe0c41bd20 .concat [ 5 2 0 0], L_000001fe0c3bf050, L_000001fe0c3c2408;
L_000001fe0c41ad80 .functor MUXZ 32, L_000001fe0c3c2450, L_000001fe0c41c860, L_000001fe0c41c540, C4<>;
S_000001fe0c2ee390 .scope module, "alu_srca_mux" "mux2" 4 230, 3 1 0, S_000001fe0c2f6660;
 .timescale 0 0;
    .port_info 0 /INPUT 32 "d0";
    .port_info 1 /INPUT 32 "d1";
    .port_info 2 /INPUT 1 "s";
    .port_info 3 /OUTPUT 32 "y";
P_000001fe0c331880 .param/l "WIDTH" 0 3 1, +C4<00000000000000000000000000100000>;
L_000001fe0c3c24e0 .functor BUFT 1, C4<00000000000000000000000000000000>, C4<0>, C4<0>, C4<0>;
v000001fe0c3b6e20_0 .net "d0", 31 0, L_000001fe0c3c24e0;  1 drivers
v000001fe0c3b7aa0_0 .net "d1", 31 0, L_000001fe0c41c220;  alias, 1 drivers
v000001fe0c3b7d20_0 .net "s", 0 0, o000001fe0c3666e8;  alias, 0 drivers
v000001fe0c3b6a60_0 .net "y", 31 0, L_000001fe0c41b960;  alias, 1 drivers
L_000001fe0c41b960 .functor MUXZ 32, L_000001fe0c3c24e0, L_000001fe0c41c220, o000001fe0c3666e8, C4<>;
S_000001fe0c2e9ba0 .scope module, "alu_srcb_mux" "mux2" 4 250, 3 1 0, S_000001fe0c2f6660;
 .timescale 0 0;
    .port_info 0 /INPUT 32 "d0";
    .port_info 1 /INPUT 32 "d1";
    .port_info 2 /INPUT 1 "s";
    .port_info 3 /OUTPUT 32 "y";
P_000001fe0c331c40 .param/l "WIDTH" 0 3 1, +C4<00000000000000000000000000100000>;
v000001fe0c3b70a0_0 .net "d0", 31 0, L_000001fe0c41c7c0;  alias, 1 drivers
v000001fe0c3b7c80_0 .net "d1", 31 0, v000001fe0c3b3800_0;  alias, 1 drivers
v000001fe0c3b78c0_0 .net "s", 0 0, v000001fe0c3b3da0_0;  alias, 1 drivers
v000001fe0c3b69c0_0 .net "y", 31 0, L_000001fe0c41b640;  alias, 1 drivers
L_000001fe0c41b640 .functor MUXZ 32, L_000001fe0c41c7c0, v000001fe0c3b3800_0, v000001fe0c3b3da0_0, C4<>;
S_000001fe0c2e9d30 .scope module, "control_unit" "controller" 4 155, 12 4 0, S_000001fe0c2f6660;
 .timescale 0 0;
    .port_info 0 /INPUT 7 "op";
    .port_info 1 /INPUT 3 "funct3";
    .port_info 2 /INPUT 1 "funct7b5";
    .port_info 3 /INPUT 1 "Zero";
    .port_info 4 /OUTPUT 2 "ResultSrc";
    .port_info 5 /OUTPUT 1 "MemWrite";
    .port_info 6 /OUTPUT 1 "Branch";
    .port_info 7 /OUTPUT 1 "ALUSrcBSel";
    .port_info 8 /OUTPUT 1 "RegWrite";
    .port_info 9 /OUTPUT 1 "Jump";
    .port_info 10 /OUTPUT 3 "ImmSrc";
    .port_info 11 /OUTPUT 4 "ALUControl";
    .port_info 12 /OUTPUT 1 "ALUSrcASel";
    .port_info 13 /OUTPUT 1 "PCSrc";
L_000001fe0c3c2498 .functor BUFT 1, C4<0>, C4<0>, C4<0>, C4<0>;
L_000001fe0c41e940 .functor AND 1, L_000001fe0c41a880, L_000001fe0c3c2498, C4<1>, C4<1>;
L_000001fe0c41eef0 .functor OR 1, L_000001fe0c41e940, L_000001fe0c41aec0, C4<0>, C4<0>;
v000001fe0c3b7dc0_0 .net "ALUControl", 3 0, v000001fe0c3b73c0_0;  alias, 1 drivers
v000001fe0c3b71e0_0 .net "ALUOp", 1 0, L_000001fe0c41bf00;  1 drivers
v000001fe0c3b61a0_0 .net "ALUSrcASel", 0 0, L_000001fe0c41bdc0;  alias, 1 drivers
v000001fe0c3b7820_0 .net "ALUSrcBSel", 0 0, L_000001fe0c41a6a0;  alias, 1 drivers
v000001fe0c3b6240_0 .net "Branch", 0 0, L_000001fe0c41a880;  alias, 1 drivers
v000001fe0c3b7b40_0 .net "ImmSrc", 2 0, L_000001fe0c41ae20;  alias, 1 drivers
v000001fe0c3b7280_0 .net "Jump", 0 0, L_000001fe0c41aec0;  alias, 1 drivers
v000001fe0c3b6880_0 .net "MemWrite", 0 0, L_000001fe0c41c4a0;  alias, 1 drivers
v000001fe0c3b6d80_0 .net "PCSrc", 0 0, L_000001fe0c41eef0;  1 drivers
v000001fe0c3b62e0_0 .net "RegWrite", 0 0, L_000001fe0c41a600;  alias, 1 drivers
v000001fe0c3b6380_0 .net "ResultSrc", 1 0, L_000001fe0c41bc80;  alias, 1 drivers
v000001fe0c3b7000_0 .net "Zero", 0 0, L_000001fe0c3c2498;  1 drivers
v000001fe0c3b7960_0 .net *"_ivl_2", 0 0, L_000001fe0c41e940;  1 drivers
v000001fe0c3b7be0_0 .net "funct3", 2 0, L_000001fe0c41b6e0;  1 drivers
v000001fe0c3b7e60_0 .net "funct7b5", 0 0, L_000001fe0c41be60;  1 drivers
v000001fe0c3b6420_0 .net "op", 6 0, L_000001fe0c41baa0;  1 drivers
L_000001fe0c41a920 .part L_000001fe0c41baa0, 5, 1;
S_000001fe0c2cd710 .scope module, "ad" "aludec" 12 22, 13 1 0, S_000001fe0c2e9d30;
 .timescale 0 0;
    .port_info 0 /INPUT 1 "opb5";
    .port_info 1 /INPUT 3 "funct3";
    .port_info 2 /INPUT 1 "funct7b5";
    .port_info 3 /INPUT 2 "ALUOp";
    .port_info 4 /OUTPUT 4 "ALUControl";
v000001fe0c3b73c0_0 .var "ALUControl", 3 0;
v000001fe0c3b7fa0_0 .net "ALUOp", 1 0, L_000001fe0c41bf00;  alias, 1 drivers
v000001fe0c3b7460_0 .net "funct3", 2 0, L_000001fe0c41b6e0;  alias, 1 drivers
v000001fe0c3b7500_0 .net "funct7b5", 0 0, L_000001fe0c41be60;  alias, 1 drivers
v000001fe0c3b75a0_0 .net "opb5", 0 0, L_000001fe0c41a920;  1 drivers
E_000001fe0c332e40 .event edge, v000001fe0c3b7fa0_0, v000001fe0c3b7460_0, v000001fe0c3b7500_0, v000001fe0c3b75a0_0;
S_000001fe0c2cd8a0 .scope module, "md" "maindec" 12 21, 14 1 0, S_000001fe0c2e9d30;
 .timescale 0 0;
    .port_info 0 /INPUT 7 "op";
    .port_info 1 /OUTPUT 2 "ResultSrc";
    .port_info 2 /OUTPUT 1 "MemWrite";
    .port_info 3 /OUTPUT 1 "Branch";
    .port_info 4 /OUTPUT 1 "ALUSrcBSel";
    .port_info 5 /OUTPUT 1 "RegWrite";
    .port_info 6 /OUTPUT 1 "Jump";
    .port_info 7 /OUTPUT 3 "ImmSrc";
    .port_info 8 /OUTPUT 2 "ALUOp";
    .port_info 9 /OUTPUT 1 "ALUSrcASel";
v000001fe0c3b6ba0_0 .net "ALUOp", 1 0, L_000001fe0c41bf00;  alias, 1 drivers
v000001fe0c3b7640_0 .net "ALUSrcASel", 0 0, L_000001fe0c41bdc0;  alias, 1 drivers
v000001fe0c3b66a0_0 .net "ALUSrcBSel", 0 0, L_000001fe0c41a6a0;  alias, 1 drivers
v000001fe0c3b6920_0 .net "Branch", 0 0, L_000001fe0c41a880;  alias, 1 drivers
v000001fe0c3b7140_0 .net "ImmSrc", 2 0, L_000001fe0c41ae20;  alias, 1 drivers
v000001fe0c3b7a00_0 .net "Jump", 0 0, L_000001fe0c41aec0;  alias, 1 drivers
v000001fe0c3b76e0_0 .net "MemWrite", 0 0, L_000001fe0c41c4a0;  alias, 1 drivers
v000001fe0c3b6ce0_0 .net "RegWrite", 0 0, L_000001fe0c41a600;  alias, 1 drivers
v000001fe0c3b7780_0 .net "ResultSrc", 1 0, L_000001fe0c41bc80;  alias, 1 drivers
v000001fe0c3b6ec0_0 .net *"_ivl_11", 12 0, v000001fe0c3b8040_0;  1 drivers
v000001fe0c3b8040_0 .var "controls", 12 0;
v000001fe0c3b6f60_0 .net "op", 6 0, L_000001fe0c41baa0;  alias, 1 drivers
E_000001fe0c332400 .event edge, v000001fe0c3b6f60_0;
L_000001fe0c41a600 .part v000001fe0c3b8040_0, 12, 1;
L_000001fe0c41ae20 .part v000001fe0c3b8040_0, 9, 3;
L_000001fe0c41a6a0 .part v000001fe0c3b8040_0, 8, 1;
L_000001fe0c41c4a0 .part v000001fe0c3b8040_0, 7, 1;
L_000001fe0c41bc80 .part v000001fe0c3b8040_0, 5, 2;
L_000001fe0c41a880 .part v000001fe0c3b8040_0, 4, 1;
L_000001fe0c41bf00 .part v000001fe0c3b8040_0, 2, 2;
L_000001fe0c41aec0 .part v000001fe0c3b8040_0, 1, 1;
L_000001fe0c41bdc0 .part v000001fe0c3b8040_0, 0, 1;
S_000001fe0c2cda30 .scope module, "ext_unit" "extend" 4 173, 15 1 0, S_000001fe0c2f6660;
 .timescale 0 0;
    .port_info 0 /INPUT 25 "instr";
    .port_info 1 /INPUT 3 "immsrc";
    .port_info 2 /OUTPUT 32 "immext";
v000001fe0c3b64c0_0 .var "immext", 31 0;
v000001fe0c3b6560_0 .net "immsrc", 2 0, L_000001fe0c41ae20;  alias, 1 drivers
v000001fe0c3b6600_0 .net "instr", 31 7, L_000001fe0c41a2e0;  1 drivers
E_000001fe0c332800 .event edge, v000001fe0c3b7140_0, v000001fe0c3b6600_0;
S_000001fe0c3b87f0 .scope module, "forward_mux_a" "mux3" 4 221, 3 10 0, S_000001fe0c2f6660;
 .timescale 0 0;
    .port_info 0 /INPUT 32 "d0";
    .port_info 1 /INPUT 32 "d1";
    .port_info 2 /INPUT 32 "d2";
    .port_info 3 /INPUT 2 "s";
    .port_info 4 /OUTPUT 32 "y";
P_000001fe0c3322c0 .param/l "WIDTH" 0 3 10, +C4<00000000000000000000000000100000>;
v000001fe0c3b67e0_0 .net *"_ivl_1", 0 0, L_000001fe0c41bbe0;  1 drivers
v000001fe0c3b9800_0 .net *"_ivl_3", 0 0, L_000001fe0c41a9c0;  1 drivers
v000001fe0c3ba660_0 .net *"_ivl_4", 31 0, L_000001fe0c41c040;  1 drivers
v000001fe0c3ba3e0_0 .net "d0", 31 0, v000001fe0c3b22c0_0;  alias, 1 drivers
v000001fe0c3baca0_0 .net "d1", 31 0, L_000001fe0c41a740;  alias, 1 drivers
v000001fe0c3b9ee0_0 .net "d2", 31 0, v000001fe0c3b5810_0;  alias, 1 drivers
v000001fe0c3b94e0_0 .net "s", 1 0, v000001fe0c3bab60_0;  alias, 1 drivers
v000001fe0c3b93a0_0 .net "y", 31 0, L_000001fe0c41c220;  alias, 1 drivers
L_000001fe0c41bbe0 .part v000001fe0c3bab60_0, 1, 1;
L_000001fe0c41a9c0 .part v000001fe0c3bab60_0, 0, 1;
L_000001fe0c41c040 .functor MUXZ 32, v000001fe0c3b22c0_0, L_000001fe0c41a740, L_000001fe0c41a9c0, C4<>;
L_000001fe0c41c220 .functor MUXZ 32, L_000001fe0c41c040, v000001fe0c3b5810_0, L_000001fe0c41bbe0, C4<>;
S_000001fe0c3b8fc0 .scope module, "forward_mux_b" "mux3" 4 238, 3 10 0, S_000001fe0c2f6660;
 .timescale 0 0;
    .port_info 0 /INPUT 32 "d0";
    .port_info 1 /INPUT 32 "d1";
    .port_info 2 /INPUT 32 "d2";
    .port_info 3 /INPUT 2 "s";
    .port_info 4 /OUTPUT 32 "y";
P_000001fe0c3328c0 .param/l "WIDTH" 0 3 10, +C4<00000000000000000000000000100000>;
v000001fe0c3ba5c0_0 .net *"_ivl_1", 0 0, L_000001fe0c41aa60;  1 drivers
v000001fe0c3ba520_0 .net *"_ivl_3", 0 0, L_000001fe0c41ab00;  1 drivers
v000001fe0c3ba700_0 .net *"_ivl_4", 31 0, L_000001fe0c41bb40;  1 drivers
v000001fe0c3baac0_0 .net "d0", 31 0, v000001fe0c3b2400_0;  alias, 1 drivers
v000001fe0c3baf20_0 .net "d1", 31 0, L_000001fe0c41a740;  alias, 1 drivers
v000001fe0c3b9620_0 .net "d2", 31 0, v000001fe0c3b5810_0;  alias, 1 drivers
v000001fe0c3ba7a0_0 .net "s", 1 0, v000001fe0c3b98a0_0;  alias, 1 drivers
v000001fe0c3ba200_0 .net "y", 31 0, L_000001fe0c41c7c0;  alias, 1 drivers
L_000001fe0c41aa60 .part v000001fe0c3b98a0_0, 1, 1;
L_000001fe0c41ab00 .part v000001fe0c3b98a0_0, 0, 1;
L_000001fe0c41bb40 .functor MUXZ 32, v000001fe0c3b2400_0, L_000001fe0c41a740, L_000001fe0c41ab00, C4<>;
L_000001fe0c41c7c0 .functor MUXZ 32, L_000001fe0c41bb40, v000001fe0c3b5810_0, L_000001fe0c41aa60, C4<>;
S_000001fe0c3b8980 .scope module, "hazard_unit" "hazard" 4 341, 16 1 0, S_000001fe0c2f6660;
 .timescale 0 0;
    .port_info 0 /INPUT 1 "RegWriteE";
    .port_info 1 /INPUT 1 "RegWriteM";
    .port_info 2 /INPUT 1 "RegWriteW";
    .port_info 3 /INPUT 1 "ResultSrcE";
    .port_info 4 /INPUT 1 "PcSrcE";
    .port_info 5 /INPUT 5 "Rs1E";
    .port_info 6 /INPUT 5 "Rs2E";
    .port_info 7 /INPUT 5 "Rs1D";
    .port_info 8 /INPUT 5 "RdE";
    .port_info 9 /INPUT 5 "Rs2D";
    .port_info 10 /OUTPUT 1 "stallF";
    .port_info 11 /OUTPUT 1 "stallD";
    .port_info 12 /OUTPUT 1 "FlushD";
    .port_info 13 /OUTPUT 1 "FlushE";
    .port_info 14 /OUTPUT 2 "ForwardAE";
    .port_info 15 /OUTPUT 2 "ForwardBE";
    .port_info 16 /INPUT 1 "clk";
    .port_info 17 /INPUT 1 "reset";
L_000001fe0c41f040 .functor OR 1, L_000001fe0c41c2c0, L_000001fe0c41c360, C4<0>, C4<0>;
L_000001fe0c41ee80 .functor AND 1, L_000001fe0c41aba0, L_000001fe0c41f040, C4<1>, C4<1>;
v000001fe0c3b9760_0 .var "FlushD", 0 0;
v000001fe0c3bad40_0 .var "FlushE", 0 0;
v000001fe0c3bab60_0 .var "ForwardAE", 1 0;
v000001fe0c3b98a0_0 .var "ForwardBE", 1 0;
v000001fe0c3ba840_0 .net "PcSrcE", 0 0, L_000001fe0c41ecc0;  alias, 1 drivers
v000001fe0c3b9300_0 .net "RdE", 4 0, v000001fe0c3b2360_0;  alias, 1 drivers
v000001fe0c3b9580_0 .net "RegWriteE", 0 0, v000001fe0c3b3260_0;  alias, 1 drivers
v000001fe0c3b9bc0_0 .net "RegWriteM", 0 0, v000001fe0c3b5f90_0;  alias, 1 drivers
v000001fe0c3b9e40_0 .net "RegWriteW", 0 0, v000001fe0c3b54f0_0;  alias, 1 drivers
v000001fe0c3ba160_0 .net "ResultSrcE", 0 0, L_000001fe0c41aba0;  1 drivers
v000001fe0c3bb060_0 .net "Rs1D", 4 0, L_000001fe0c3befb0;  alias, 1 drivers
v000001fe0c3bade0_0 .net "Rs1E", 4 0, v000001fe0c3b2900_0;  alias, 1 drivers
v000001fe0c3b96c0_0 .net "Rs2D", 4 0, L_000001fe0c3bf050;  alias, 1 drivers
v000001fe0c3b9d00_0 .net "Rs2E", 4 0, v000001fe0c3b29a0_0;  alias, 1 drivers
v000001fe0c3b9da0_0 .net *"_ivl_0", 0 0, L_000001fe0c41c2c0;  1 drivers
v000001fe0c3ba2a0_0 .net *"_ivl_2", 0 0, L_000001fe0c41c360;  1 drivers
v000001fe0c3b9f80_0 .net *"_ivl_4", 0 0, L_000001fe0c41f040;  1 drivers
v000001fe0c3bafc0_0 .net "clk", 0 0, o000001fe0c3647c8;  alias, 0 drivers
v000001fe0c3ba340_0 .net "lwstall", 0 0, L_000001fe0c41ee80;  1 drivers
v000001fe0c3b91c0_0 .net "reset", 0 0, o000001fe0c364c18;  alias, 0 drivers
v000001fe0c3b99e0_0 .var "stallD", 0 0;
v000001fe0c3b9440_0 .var "stallF", 0 0;
E_000001fe0c332340 .event edge, v000001fe0c3ba840_0, v000001fe0c3ba340_0;
E_000001fe0c3323c0 .event edge, v000001fe0c3ba340_0;
E_000001fe0c332580 .event edge, v000001fe0c3b5f90_0, v000001fe0c3b29a0_0, v000001fe0c3b54f0_0;
E_000001fe0c333500 .event edge, v000001fe0c3b5f90_0, v000001fe0c3b2900_0, v000001fe0c3b54f0_0;
L_000001fe0c41c2c0 .cmp/eq 5, L_000001fe0c3befb0, v000001fe0c3b2360_0;
L_000001fe0c41c360 .cmp/eq 5, L_000001fe0c3bf050, v000001fe0c3b2360_0;
S_000001fe0c3b8b10 .scope module, "main_alu" "alu" 4 258, 17 1 0, S_000001fe0c2f6660;
 .timescale 0 0;
    .port_info 0 /INPUT 32 "SrcA";
    .port_info 1 /INPUT 32 "SrcB";
    .port_info 2 /INPUT 4 "ALUControl";
    .port_info 3 /OUTPUT 32 "ALUResult";
    .port_info 4 /OUTPUT 1 "Zero";
v000001fe0c3b9a80_0 .net "ALUControl", 3 0, L_000001fe0c41b000;  alias, 1 drivers
v000001fe0c3bac00_0 .var "ALUResult", 31 0;
v000001fe0c3ba0c0_0 .net "SrcA", 31 0, L_000001fe0c41b960;  alias, 1 drivers
v000001fe0c3b9940_0 .net "SrcB", 31 0, L_000001fe0c41b640;  alias, 1 drivers
v000001fe0c3ba480_0 .var "Zero", 0 0;
E_000001fe0c333280 .event edge, v000001fe0c3b9a80_0, v000001fe0c3b6a60_0, v000001fe0c3b69c0_0, v000001fe0c3b39e0_0;
S_000001fe0c3b8e30 .scope module, "pc_add" "adder" 4 102, 2 1 0, S_000001fe0c2f6660;
 .timescale 0 0;
    .port_info 0 /INPUT 32 "a";
    .port_info 1 /INPUT 32 "b";
    .port_info 2 /OUTPUT 32 "y";
v000001fe0c3b9b20_0 .net "a", 31 0, v000001fe0c3bc8c0_0;  alias, 1 drivers
L_000001fe0c3c21c8 .functor BUFT 1, C4<00000000000000000000000000000100>, C4<0>, C4<0>, C4<0>;
v000001fe0c3b9c60_0 .net "b", 31 0, L_000001fe0c3c21c8;  1 drivers
v000001fe0c3b9260_0 .net "y", 31 0, L_000001fe0c3bf9b0;  alias, 1 drivers
L_000001fe0c3bf9b0 .arith/sum 32, v000001fe0c3bc8c0_0, L_000001fe0c3c21c8;
S_000001fe0c3b84d0 .scope module, "pc_mux" "mux2" 4 109, 3 1 0, S_000001fe0c2f6660;
 .timescale 0 0;
    .port_info 0 /INPUT 32 "d0";
    .port_info 1 /INPUT 32 "d1";
    .port_info 2 /INPUT 1 "s";
    .port_info 3 /OUTPUT 32 "y";
P_000001fe0c3332c0 .param/l "WIDTH" 0 3 1, +C4<00000000000000000000000000100000>;
v000001fe0c3ba8e0_0 .net "d0", 31 0, L_000001fe0c3bf9b0;  alias, 1 drivers
v000001fe0c3ba980_0 .net "d1", 31 0, L_000001fe0c41c0e0;  alias, 1 drivers
v000001fe0c3baa20_0 .net "s", 0 0, L_000001fe0c41ecc0;  alias, 1 drivers
v000001fe0c3bae80_0 .net "y", 31 0, L_000001fe0c3bef10;  alias, 1 drivers
L_000001fe0c3bef10 .functor MUXZ 32, L_000001fe0c3bf9b0, L_000001fe0c41c0e0, L_000001fe0c41ecc0, C4<>;
S_000001fe0c3b8ca0 .scope module, "pc_reg" "pc" 4 93, 18 1 0, S_000001fe0c2f6660;
 .timescale 0 0;
    .port_info 0 /INPUT 1 "clk";
    .port_info 1 /INPUT 1 "rst";
    .port_info 2 /INPUT 1 "en";
    .port_info 3 /INPUT 32 "pc_in";
    .port_info 4 /OUTPUT 32 "out";
v000001fe0c3bc280_0 .net "clk", 0 0, o000001fe0c3647c8;  alias, 0 drivers
v000001fe0c3bd900_0 .net "en", 0 0, L_000001fe0c311cd0;  1 drivers
v000001fe0c3bc8c0_0 .var "out", 31 0;
v000001fe0c3bdf40_0 .net "pc_in", 31 0, L_000001fe0c3bef10;  alias, 1 drivers
v000001fe0c3bcf00_0 .net "rst", 0 0, o000001fe0c364c18;  alias, 0 drivers
E_000001fe0c333ac0/0 .event negedge, v000001fe0c3b2ea0_0;
E_000001fe0c333ac0/1 .event posedge, v000001fe0c354760_0;
E_000001fe0c333ac0 .event/or E_000001fe0c333ac0/0, E_000001fe0c333ac0/1;
S_000001fe0c3b81b0 .scope module, "pc_target_add" "adder" 4 270, 2 1 0, S_000001fe0c2f6660;
 .timescale 0 0;
    .port_info 0 /INPUT 32 "a";
    .port_info 1 /INPUT 32 "b";
    .port_info 2 /OUTPUT 32 "y";
v000001fe0c3bd540_0 .net "a", 31 0, v000001fe0c3b2180_0;  alias, 1 drivers
v000001fe0c3bcbe0_0 .net "b", 31 0, v000001fe0c3b3800_0;  alias, 1 drivers
v000001fe0c3bd360_0 .net "y", 31 0, L_000001fe0c41c0e0;  alias, 1 drivers
L_000001fe0c41c0e0 .arith/sum 32, v000001fe0c3b2180_0, v000001fe0c3b3800_0;
S_000001fe0c3b8340 .scope module, "result_mux" "mux3" 4 332, 3 10 0, S_000001fe0c2f6660;
 .timescale 0 0;
    .port_info 0 /INPUT 32 "d0";
    .port_info 1 /INPUT 32 "d1";
    .port_info 2 /INPUT 32 "d2";
    .port_info 3 /INPUT 2 "s";
    .port_info 4 /OUTPUT 32 "y";
P_000001fe0c334240 .param/l "WIDTH" 0 3 10, +C4<00000000000000000000000000100000>;
v000001fe0c3bcc80_0 .net *"_ivl_1", 0 0, L_000001fe0c41a4c0;  1 drivers
v000001fe0c3bcd20_0 .net *"_ivl_3", 0 0, L_000001fe0c41b140;  1 drivers
v000001fe0c3bcb40_0 .net *"_ivl_4", 31 0, L_000001fe0c41c180;  1 drivers
v000001fe0c3bd5e0_0 .net "d0", 31 0, v000001fe0c3b5950_0;  alias, 1 drivers
v000001fe0c3bd220_0 .net "d1", 31 0, v000001fe0c3b6030_0;  alias, 1 drivers
v000001fe0c3bc320_0 .net "d2", 31 0, v000001fe0c3b4190_0;  alias, 1 drivers
v000001fe0c3bc5a0_0 .net "s", 1 0, v000001fe0c3b5630_0;  alias, 1 drivers
v000001fe0c3bc1e0_0 .net "y", 31 0, L_000001fe0c41a740;  alias, 1 drivers
L_000001fe0c41a4c0 .part v000001fe0c3b5630_0, 1, 1;
L_000001fe0c41b140 .part v000001fe0c3b5630_0, 0, 1;
L_000001fe0c41c180 .functor MUXZ 32, v000001fe0c3b5950_0, v000001fe0c3b6030_0, L_000001fe0c41b140, C4<>;
L_000001fe0c41a740 .functor MUXZ 32, L_000001fe0c41c180, v000001fe0c3b4190_0, L_000001fe0c41a4c0, C4<>;
    .scope S_000001fe0c35eba0;
T_0 ;
    %wait E_000001fe0c330900;
    %load/vec4 v000001fe0c354440_0;
    %flag_set/vec4 8;
    %jmp/0xz  T_0.0, 8;
    %pushi/vec4 0, 0, 8;
    %assign/vec4 v000001fe0c3555c0_0, 0;
    %jmp T_0.1;
T_0.0 ;
    %load/vec4 v000001fe0c355020_0;
    %flag_set/vec4 8;
    %jmp/0xz  T_0.2, 8;
    %load/vec4 v000001fe0c354260_0;
    %assign/vec4 v000001fe0c3555c0_0, 0;
T_0.2 ;
T_0.1 ;
    %jmp T_0;
    .thread T_0;
    .scope S_000001fe0c35ed30;
T_1 ;
    %wait E_000001fe0c330a40;
    %load/vec4 v000001fe0c355700_0;
    %flag_set/vec4 8;
    %jmp/0xz  T_1.0, 8;
    %pushi/vec4 0, 0, 8;
    %assign/vec4 v000001fe0c355fc0_0, 0;
    %jmp T_1.1;
T_1.0 ;
    %load/vec4 v000001fe0c355980_0;
    %assign/vec4 v000001fe0c355fc0_0, 0;
T_1.1 ;
    %jmp T_1;
    .thread T_1;
    .scope S_000001fe0c3b8ca0;
T_2 ;
    %wait E_000001fe0c333ac0;
    %load/vec4 v000001fe0c3bcf00_0;
    %flag_set/vec4 8;
    %jmp/0xz  T_2.0, 8;
    %pushi/vec4 0, 0, 32;
    %assign/vec4 v000001fe0c3bc8c0_0, 0;
    %jmp T_2.1;
T_2.0 ;
    %load/vec4 v000001fe0c3bd900_0;
    %nor/r;
    %flag_set/vec4 8;
    %jmp/0xz  T_2.2, 8;
    %load/vec4 v000001fe0c3bdf40_0;
    %assign/vec4 v000001fe0c3bc8c0_0, 0;
T_2.2 ;
T_2.1 ;
    %jmp T_2;
    .thread T_2;
    .scope S_000001fe0c2f40f0;
T_3 ;
    %wait E_000001fe0c331840;
    %load/vec4 v000001fe0c3b2ea0_0;
    %flag_set/vec4 8;
    %jmp/0xz  T_3.0, 8;
    %pushi/vec4 19, 0, 32;
    %assign/vec4 v000001fe0c3b3e40_0, 0;
    %pushi/vec4 0, 0, 32;
    %assign/vec4 v000001fe0c3b3080_0, 0;
    %pushi/vec4 0, 0, 32;
    %assign/vec4 v000001fe0c3b3580_0, 0;
    %jmp T_3.1;
T_3.0 ;
    %load/vec4 v000001fe0c3b3c60_0;
    %flag_set/vec4 8;
    %jmp/0xz  T_3.2, 8;
    %pushi/vec4 19, 0, 32;
    %assign/vec4 v000001fe0c3b3e40_0, 0;
    %pushi/vec4 0, 0, 32;
    %assign/vec4 v000001fe0c3b3080_0, 0;
    %pushi/vec4 0, 0, 32;
    %assign/vec4 v000001fe0c3b3580_0, 0;
    %jmp T_3.3;
T_3.2 ;
    %load/vec4 v000001fe0c3b3b20_0;
    %nor/r;
    %flag_set/vec4 8;
    %jmp/0xz  T_3.4, 8;
    %load/vec4 v000001fe0c3b36c0_0;
    %assign/vec4 v000001fe0c3b3e40_0, 0;
    %load/vec4 v000001fe0c3b3f80_0;
    %assign/vec4 v000001fe0c3b3080_0, 0;
    %load/vec4 v000001fe0c3b2d60_0;
    %assign/vec4 v000001fe0c3b3580_0, 0;
T_3.4 ;
T_3.3 ;
T_3.1 ;
    %jmp T_3;
    .thread T_3;
    .scope S_000001fe0c2ee0f0;
T_4 ;
    %pushi/vec4 0, 0, 32;
    %store/vec4 v000001fe0c3b4870_0, 0, 32;
T_4.0 ;
    %load/vec4 v000001fe0c3b4870_0;
    %cmpi/s 32, 0, 32;
    %jmp/0xz T_4.1, 5;
    %pushi/vec4 0, 0, 32;
    %ix/getv/s 4, v000001fe0c3b4870_0;
    %store/vec4a v000001fe0c3b6740, 4, 0;
    %load/vec4 v000001fe0c3b4870_0;
    %addi 1, 0, 32;
    %store/vec4 v000001fe0c3b4870_0, 0, 32;
    %jmp T_4.0;
T_4.1 ;
    %end;
    .thread T_4;
    .scope S_000001fe0c2ee0f0;
T_5 ;
    %wait E_000001fe0c3313c0;
    %load/vec4 v000001fe0c3b6b00_0;
    %flag_set/vec4 8;
    %jmp/0xz  T_5.0, 8;
    %load/vec4 v000001fe0c3b7f00_0;
    %load/vec4 v000001fe0c3b4550_0;
    %pad/u 7;
    %ix/vec4 3;
    %ix/load 4, 0, 0; Constant delay
    %assign/vec4/a/d v000001fe0c3b6740, 0, 4;
T_5.0 ;
    %jmp T_5;
    .thread T_5;
    .scope S_000001fe0c2cd8a0;
T_6 ;
    %wait E_000001fe0c332400;
    %load/vec4 v000001fe0c3b6f60_0;
    %dup/vec4;
    %pushi/vec4 3, 0, 7;
    %cmp/u;
    %jmp/1 T_6.0, 6;
    %dup/vec4;
    %pushi/vec4 35, 0, 7;
    %cmp/u;
    %jmp/1 T_6.1, 6;
    %dup/vec4;
    %pushi/vec4 51, 0, 7;
    %cmp/u;
    %jmp/1 T_6.2, 6;
    %dup/vec4;
    %pushi/vec4 99, 0, 7;
    %cmp/u;
    %jmp/1 T_6.3, 6;
    %dup/vec4;
    %pushi/vec4 19, 0, 7;
    %cmp/u;
    %jmp/1 T_6.4, 6;
    %dup/vec4;
    %pushi/vec4 111, 0, 7;
    %cmp/u;
    %jmp/1 T_6.5, 6;
    %dup/vec4;
    %pushi/vec4 55, 0, 7;
    %cmp/u;
    %jmp/1 T_6.6, 6;
    %pushi/vec4 8191, 8191, 13;
    %store/vec4 v000001fe0c3b8040_0, 0, 13;
    %jmp T_6.8;
T_6.0 ;
    %pushi/vec4 4384, 0, 13;
    %store/vec4 v000001fe0c3b8040_0, 0, 13;
    %jmp T_6.8;
T_6.1 ;
    %pushi/vec4 896, 0, 13;
    %store/vec4 v000001fe0c3b8040_0, 0, 13;
    %jmp T_6.8;
T_6.2 ;
    %pushi/vec4 7688, 3584, 13;
    %store/vec4 v000001fe0c3b8040_0, 0, 13;
    %jmp T_6.8;
T_6.3 ;
    %pushi/vec4 1044, 0, 13;
    %store/vec4 v000001fe0c3b8040_0, 0, 13;
    %jmp T_6.8;
T_6.4 ;
    %pushi/vec4 4360, 0, 13;
    %store/vec4 v000001fe0c3b8040_0, 0, 13;
    %jmp T_6.8;
T_6.5 ;
    %pushi/vec4 5698, 0, 13;
    %store/vec4 v000001fe0c3b8040_0, 0, 13;
    %jmp T_6.8;
T_6.6 ;
    %pushi/vec4 6401, 0, 13;
    %store/vec4 v000001fe0c3b8040_0, 0, 13;
    %jmp T_6.8;
T_6.8 ;
    %pop/vec4 1;
    %jmp T_6;
    .thread T_6, $push;
    .scope S_000001fe0c2cd710;
T_7 ;
    %wait E_000001fe0c332e40;
    %load/vec4 v000001fe0c3b7fa0_0;
    %dup/vec4;
    %pushi/vec4 0, 0, 2;
    %cmp/u;
    %jmp/1 T_7.0, 6;
    %dup/vec4;
    %pushi/vec4 1, 0, 2;
    %cmp/u;
    %jmp/1 T_7.1, 6;
    %load/vec4 v000001fe0c3b7460_0;
    %dup/vec4;
    %pushi/vec4 0, 0, 3;
    %cmp/u;
    %jmp/1 T_7.4, 6;
    %dup/vec4;
    %pushi/vec4 1, 0, 3;
    %cmp/u;
    %jmp/1 T_7.5, 6;
    %dup/vec4;
    %pushi/vec4 2, 0, 3;
    %cmp/u;
    %jmp/1 T_7.6, 6;
    %dup/vec4;
    %pushi/vec4 3, 0, 3;
    %cmp/u;
    %jmp/1 T_7.7, 6;
    %dup/vec4;
    %pushi/vec4 4, 0, 3;
    %cmp/u;
    %jmp/1 T_7.8, 6;
    %dup/vec4;
    %pushi/vec4 5, 0, 3;
    %cmp/u;
    %jmp/1 T_7.9, 6;
    %dup/vec4;
    %pushi/vec4 6, 0, 3;
    %cmp/u;
    %jmp/1 T_7.10, 6;
    %dup/vec4;
    %pushi/vec4 7, 0, 3;
    %cmp/u;
    %jmp/1 T_7.11, 6;
    %pushi/vec4 15, 15, 4;
    %store/vec4 v000001fe0c3b73c0_0, 0, 4;
    %jmp T_7.13;
T_7.4 ;
    %load/vec4 v000001fe0c3b7500_0;
    %load/vec4 v000001fe0c3b75a0_0;
    %and;
    %flag_set/vec4 8;
    %jmp/0xz  T_7.14, 8;
    %pushi/vec4 1, 0, 4;
    %store/vec4 v000001fe0c3b73c0_0, 0, 4;
    %jmp T_7.15;
T_7.14 ;
    %pushi/vec4 0, 0, 4;
    %store/vec4 v000001fe0c3b73c0_0, 0, 4;
T_7.15 ;
    %jmp T_7.13;
T_7.5 ;
    %pushi/vec4 10, 0, 4;
    %store/vec4 v000001fe0c3b73c0_0, 0, 4;
    %jmp T_7.13;
T_7.6 ;
    %pushi/vec4 5, 0, 4;
    %store/vec4 v000001fe0c3b73c0_0, 0, 4;
    %jmp T_7.13;
T_7.7 ;
    %pushi/vec4 11, 0, 4;
    %store/vec4 v000001fe0c3b73c0_0, 0, 4;
    %jmp T_7.13;
T_7.8 ;
    %pushi/vec4 7, 0, 4;
    %store/vec4 v000001fe0c3b73c0_0, 0, 4;
    %jmp T_7.13;
T_7.9 ;
    %load/vec4 v000001fe0c3b7500_0;
    %flag_set/vec4 8;
    %jmp/0xz  T_7.16, 8;
    %pushi/vec4 8, 0, 4;
    %store/vec4 v000001fe0c3b73c0_0, 0, 4;
    %jmp T_7.17;
T_7.16 ;
    %pushi/vec4 9, 0, 4;
    %store/vec4 v000001fe0c3b73c0_0, 0, 4;
T_7.17 ;
    %jmp T_7.13;
T_7.10 ;
    %pushi/vec4 3, 0, 4;
    %store/vec4 v000001fe0c3b73c0_0, 0, 4;
    %jmp T_7.13;
T_7.11 ;
    %pushi/vec4 2, 0, 4;
    %store/vec4 v000001fe0c3b73c0_0, 0, 4;
    %jmp T_7.13;
T_7.13 ;
    %pop/vec4 1;
    %jmp T_7.3;
T_7.0 ;
    %pushi/vec4 0, 0, 4;
    %store/vec4 v000001fe0c3b73c0_0, 0, 4;
    %jmp T_7.3;
T_7.1 ;
    %pushi/vec4 1, 0, 4;
    %store/vec4 v000001fe0c3b73c0_0, 0, 4;
    %jmp T_7.3;
T_7.3 ;
    %pop/vec4 1;
    %jmp T_7;
    .thread T_7, $push;
    .scope S_000001fe0c2cda30;
T_8 ;
    %wait E_000001fe0c332800;
    %load/vec4 v000001fe0c3b6560_0;
    %dup/vec4;
    %pushi/vec4 0, 0, 3;
    %cmp/u;
    %jmp/1 T_8.0, 6;
    %dup/vec4;
    %pushi/vec4 1, 0, 3;
    %cmp/u;
    %jmp/1 T_8.1, 6;
    %dup/vec4;
    %pushi/vec4 2, 0, 3;
    %cmp/u;
    %jmp/1 T_8.2, 6;
    %dup/vec4;
    %pushi/vec4 3, 0, 3;
    %cmp/u;
    %jmp/1 T_8.3, 6;
    %dup/vec4;
    %pushi/vec4 4, 0, 3;
    %cmp/u;
    %jmp/1 T_8.4, 6;
    %pushi/vec4 4294967295, 4294967295, 32;
    %store/vec4 v000001fe0c3b64c0_0, 0, 32;
    %jmp T_8.6;
T_8.0 ;
    %load/vec4 v000001fe0c3b6600_0;
    %parti/s 1, 24, 6;
    %replicate 20;
    %load/vec4 v000001fe0c3b6600_0;
    %parti/s 12, 13, 5;
    %concat/vec4; draw_concat_vec4
    %store/vec4 v000001fe0c3b64c0_0, 0, 32;
    %jmp T_8.6;
T_8.1 ;
    %load/vec4 v000001fe0c3b6600_0;
    %parti/s 1, 24, 6;
    %replicate 20;
    %load/vec4 v000001fe0c3b6600_0;
    %parti/s 7, 18, 6;
    %concat/vec4; draw_concat_vec4
    %load/vec4 v000001fe0c3b6600_0;
    %parti/s 5, 0, 2;
    %concat/vec4; draw_concat_vec4
    %store/vec4 v000001fe0c3b64c0_0, 0, 32;
    %jmp T_8.6;
T_8.2 ;
    %load/vec4 v000001fe0c3b6600_0;
    %parti/s 1, 24, 6;
    %replicate 20;
    %load/vec4 v000001fe0c3b6600_0;
    %parti/s 1, 0, 2;
    %concat/vec4; draw_concat_vec4
    %load/vec4 v000001fe0c3b6600_0;
    %parti/s 6, 18, 6;
    %concat/vec4; draw_concat_vec4
    %load/vec4 v000001fe0c3b6600_0;
    %parti/s 4, 1, 2;
    %concat/vec4; draw_concat_vec4
    %concati/vec4 0, 0, 1;
    %store/vec4 v000001fe0c3b64c0_0, 0, 32;
    %jmp T_8.6;
T_8.3 ;
    %load/vec4 v000001fe0c3b6600_0;
    %parti/s 1, 24, 6;
    %replicate 12;
    %load/vec4 v000001fe0c3b6600_0;
    %parti/s 8, 5, 4;
    %concat/vec4; draw_concat_vec4
    %load/vec4 v000001fe0c3b6600_0;
    %parti/s 1, 13, 5;
    %concat/vec4; draw_concat_vec4
    %load/vec4 v000001fe0c3b6600_0;
    %parti/s 10, 14, 5;
    %concat/vec4; draw_concat_vec4
    %concati/vec4 0, 0, 1;
    %store/vec4 v000001fe0c3b64c0_0, 0, 32;
    %jmp T_8.6;
T_8.4 ;
    %load/vec4 v000001fe0c3b6600_0;
    %parti/s 20, 5, 4;
    %concati/vec4 0, 0, 12;
    %store/vec4 v000001fe0c3b64c0_0, 0, 32;
    %jmp T_8.6;
T_8.6 ;
    %pop/vec4 1;
    %jmp T_8;
    .thread T_8, $push;
    .scope S_000001fe0c2f4280;
T_9 ;
    %wait E_000001fe0c331840;
    %load/vec4 v000001fe0c3b2ae0_0;
    %flag_set/vec4 8;
    %load/vec4 v000001fe0c3b27c0_0;
    %flag_set/vec4 9;
    %flag_or 9, 8;
    %jmp/0xz  T_9.0, 9;
    %pushi/vec4 0, 0, 1;
    %assign/vec4 v000001fe0c3b3260_0, 0;
    %pushi/vec4 0, 0, 2;
    %assign/vec4 v000001fe0c3b2720_0, 0;
    %pushi/vec4 0, 0, 1;
    %assign/vec4 v000001fe0c3b2540_0, 0;
    %pushi/vec4 0, 0, 1;
    %assign/vec4 v000001fe0c3b3940_0, 0;
    %pushi/vec4 0, 0, 1;
    %assign/vec4 v000001fe0c3b4020_0, 0;
    %pushi/vec4 0, 0, 3;
    %assign/vec4 v000001fe0c3b24a0_0, 0;
    %pushi/vec4 0, 0, 1;
    %assign/vec4 v000001fe0c3b3da0_0, 0;
    %pushi/vec4 0, 0, 32;
    %assign/vec4 v000001fe0c3b22c0_0, 0;
    %pushi/vec4 0, 0, 32;
    %assign/vec4 v000001fe0c3b2400_0, 0;
    %pushi/vec4 0, 0, 32;
    %assign/vec4 v000001fe0c3b2180_0, 0;
    %pushi/vec4 0, 0, 5;
    %assign/vec4 v000001fe0c3b2900_0, 0;
    %pushi/vec4 0, 0, 5;
    %assign/vec4 v000001fe0c3b29a0_0, 0;
    %pushi/vec4 0, 0, 5;
    %assign/vec4 v000001fe0c3b2360_0, 0;
    %pushi/vec4 0, 0, 32;
    %assign/vec4 v000001fe0c3b3800_0, 0;
    %pushi/vec4 0, 0, 32;
    %assign/vec4 v000001fe0c3b2e00_0, 0;
    %jmp T_9.1;
T_9.0 ;
    %load/vec4 v000001fe0c3b2680_0;
    %assign/vec4 v000001fe0c3b3260_0, 0;
    %load/vec4 v000001fe0c3b2860_0;
    %assign/vec4 v000001fe0c3b2720_0, 0;
    %load/vec4 v000001fe0c3b3d00_0;
    %assign/vec4 v000001fe0c3b2540_0, 0;
    %load/vec4 v000001fe0c3b38a0_0;
    %assign/vec4 v000001fe0c3b3940_0, 0;
    %load/vec4 v000001fe0c3b33a0_0;
    %assign/vec4 v000001fe0c3b4020_0, 0;
    %load/vec4 v000001fe0c3b2fe0_0;
    %assign/vec4 v000001fe0c3b24a0_0, 0;
    %load/vec4 v000001fe0c3b3760_0;
    %assign/vec4 v000001fe0c3b3da0_0, 0;
    %load/vec4 v000001fe0c3b3120_0;
    %assign/vec4 v000001fe0c3b22c0_0, 0;
    %load/vec4 v000001fe0c3b2f40_0;
    %assign/vec4 v000001fe0c3b2400_0, 0;
    %load/vec4 v000001fe0c3b2c20_0;
    %assign/vec4 v000001fe0c3b2180_0, 0;
    %load/vec4 v000001fe0c3b3300_0;
    %assign/vec4 v000001fe0c3b2900_0, 0;
    %load/vec4 v000001fe0c3b3440_0;
    %assign/vec4 v000001fe0c3b29a0_0, 0;
    %load/vec4 v000001fe0c3b31c0_0;
    %assign/vec4 v000001fe0c3b2360_0, 0;
    %load/vec4 v000001fe0c3b3bc0_0;
    %assign/vec4 v000001fe0c3b3800_0, 0;
    %load/vec4 v000001fe0c3b2220_0;
    %assign/vec4 v000001fe0c3b2e00_0, 0;
T_9.1 ;
    %jmp T_9;
    .thread T_9;
    .scope S_000001fe0c3b8b10;
T_10 ;
    %wait E_000001fe0c333280;
    %load/vec4 v000001fe0c3b9a80_0;
    %dup/vec4;
    %pushi/vec4 0, 0, 4;
    %cmp/u;
    %jmp/1 T_10.0, 6;
    %dup/vec4;
    %pushi/vec4 1, 0, 4;
    %cmp/u;
    %jmp/1 T_10.1, 6;
    %dup/vec4;
    %pushi/vec4 2, 0, 4;
    %cmp/u;
    %jmp/1 T_10.2, 6;
    %dup/vec4;
    %pushi/vec4 3, 0, 4;
    %cmp/u;
    %jmp/1 T_10.3, 6;
    %dup/vec4;
    %pushi/vec4 5, 0, 4;
    %cmp/u;
    %jmp/1 T_10.4, 6;
    %dup/vec4;
    %pushi/vec4 7, 0, 4;
    %cmp/u;
    %jmp/1 T_10.5, 6;
    %dup/vec4;
    %pushi/vec4 8, 0, 4;
    %cmp/u;
    %jmp/1 T_10.6, 6;
    %dup/vec4;
    %pushi/vec4 9, 0, 4;
    %cmp/u;
    %jmp/1 T_10.7, 6;
    %dup/vec4;
    %pushi/vec4 10, 0, 4;
    %cmp/u;
    %jmp/1 T_10.8, 6;
    %dup/vec4;
    %pushi/vec4 11, 0, 4;
    %cmp/u;
    %jmp/1 T_10.9, 6;
    %pushi/vec4 4294967295, 4294967295, 32;
    %store/vec4 v000001fe0c3bac00_0, 0, 32;
    %jmp T_10.11;
T_10.0 ;
    %load/vec4 v000001fe0c3ba0c0_0;
    %load/vec4 v000001fe0c3b9940_0;
    %add;
    %store/vec4 v000001fe0c3bac00_0, 0, 32;
    %jmp T_10.11;
T_10.1 ;
    %load/vec4 v000001fe0c3ba0c0_0;
    %load/vec4 v000001fe0c3b9940_0;
    %sub;
    %store/vec4 v000001fe0c3bac00_0, 0, 32;
    %jmp T_10.11;
T_10.2 ;
    %load/vec4 v000001fe0c3ba0c0_0;
    %load/vec4 v000001fe0c3b9940_0;
    %and;
    %store/vec4 v000001fe0c3bac00_0, 0, 32;
    %jmp T_10.11;
T_10.3 ;
    %load/vec4 v000001fe0c3ba0c0_0;
    %load/vec4 v000001fe0c3b9940_0;
    %or;
    %store/vec4 v000001fe0c3bac00_0, 0, 32;
    %jmp T_10.11;
T_10.4 ;
    %load/vec4 v000001fe0c3ba0c0_0;
    %load/vec4 v000001fe0c3b9940_0;
    %cmp/s;
    %flag_mov 8, 5;
    %jmp/0 T_10.12, 8;
    %pushi/vec4 1, 0, 32;
    %jmp/1 T_10.13, 8;
T_10.12 ; End of true expr.
    %pushi/vec4 0, 0, 32;
    %jmp/0 T_10.13, 8;
 ; End of false expr.
    %blend;
T_10.13;
    %store/vec4 v000001fe0c3bac00_0, 0, 32;
    %jmp T_10.11;
T_10.5 ;
    %load/vec4 v000001fe0c3ba0c0_0;
    %load/vec4 v000001fe0c3b9940_0;
    %xor;
    %store/vec4 v000001fe0c3bac00_0, 0, 32;
    %jmp T_10.11;
T_10.6 ;
    %load/vec4 v000001fe0c3ba0c0_0;
    %load/vec4 v000001fe0c3b9940_0;
    %parti/s 5, 0, 2;
    %ix/vec4 4;
    %shiftr 4;
    %store/vec4 v000001fe0c3bac00_0, 0, 32;
    %jmp T_10.11;
T_10.7 ;
    %load/vec4 v000001fe0c3ba0c0_0;
    %load/vec4 v000001fe0c3b9940_0;
    %parti/s 5, 0, 2;
    %ix/vec4 4;
    %shiftr 4;
    %store/vec4 v000001fe0c3bac00_0, 0, 32;
    %jmp T_10.11;
T_10.8 ;
    %load/vec4 v000001fe0c3ba0c0_0;
    %load/vec4 v000001fe0c3b9940_0;
    %parti/s 5, 0, 2;
    %ix/vec4 4;
    %shiftl 4;
    %store/vec4 v000001fe0c3bac00_0, 0, 32;
    %jmp T_10.11;
T_10.9 ;
    %load/vec4 v000001fe0c3ba0c0_0;
    %load/vec4 v000001fe0c3b9940_0;
    %cmp/u;
    %flag_mov 8, 5;
    %jmp/0 T_10.14, 8;
    %pushi/vec4 1, 0, 32;
    %jmp/1 T_10.15, 8;
T_10.14 ; End of true expr.
    %pushi/vec4 0, 0, 32;
    %jmp/0 T_10.15, 8;
 ; End of false expr.
    %blend;
T_10.15;
    %store/vec4 v000001fe0c3bac00_0, 0, 32;
    %jmp T_10.11;
T_10.11 ;
    %pop/vec4 1;
    %load/vec4 v000001fe0c3bac00_0;
    %cmpi/e 0, 0, 32;
    %flag_mov 8, 4;
    %jmp/0 T_10.16, 8;
    %pushi/vec4 1, 0, 1;
    %jmp/1 T_10.17, 8;
T_10.16 ; End of true expr.
    %pushi/vec4 0, 0, 1;
    %jmp/0 T_10.17, 8;
 ; End of false expr.
    %blend;
T_10.17;
    %store/vec4 v000001fe0c3ba480_0, 0, 1;
    %jmp T_10;
    .thread T_10, $push;
    .scope S_000001fe0c2ee980;
T_11 ;
    %wait E_000001fe0c331840;
    %load/vec4 v000001fe0c3b5590_0;
    %flag_set/vec4 8;
    %jmp/0xz  T_11.0, 8;
    %pushi/vec4 0, 0, 1;
    %assign/vec4 v000001fe0c3b5f90_0, 0;
    %pushi/vec4 0, 0, 2;
    %assign/vec4 v000001fe0c3b4a50_0, 0;
    %pushi/vec4 0, 0, 1;
    %assign/vec4 v000001fe0c3b5450_0, 0;
    %pushi/vec4 0, 0, 32;
    %assign/vec4 v000001fe0c3b5810_0, 0;
    %pushi/vec4 0, 0, 32;
    %assign/vec4 v000001fe0c3b5310_0, 0;
    %pushi/vec4 0, 0, 5;
    %assign/vec4 v000001fe0c3b4e10_0, 0;
    %pushi/vec4 0, 0, 32;
    %assign/vec4 v000001fe0c3b5c70_0, 0;
    %jmp T_11.1;
T_11.0 ;
    %load/vec4 v000001fe0c3b56d0_0;
    %assign/vec4 v000001fe0c3b5f90_0, 0;
    %load/vec4 v000001fe0c3b4c30_0;
    %assign/vec4 v000001fe0c3b4a50_0, 0;
    %load/vec4 v000001fe0c3b49b0_0;
    %assign/vec4 v000001fe0c3b5450_0, 0;
    %load/vec4 v000001fe0c3b39e0_0;
    %assign/vec4 v000001fe0c3b5810_0, 0;
    %load/vec4 v000001fe0c3b58b0_0;
    %assign/vec4 v000001fe0c3b5310_0, 0;
    %load/vec4 v000001fe0c3b4f50_0;
    %assign/vec4 v000001fe0c3b4e10_0, 0;
    %load/vec4 v000001fe0c3b4b90_0;
    %assign/vec4 v000001fe0c3b5c70_0, 0;
T_11.1 ;
    %jmp T_11;
    .thread T_11;
    .scope S_000001fe0c2f67f0;
T_12 ;
    %wait E_000001fe0c330880;
    %load/vec4 v000001fe0c3427d0_0;
    %flag_set/vec4 8;
    %jmp/0xz  T_12.0, 8;
    %load/vec4 v000001fe0c342550_0;
    %load/vec4 v000001fe0c355f20_0;
    %parti/s 30, 2, 3;
    %ix/vec4 3;
    %ix/load 4, 0, 0; Constant delay
    %assign/vec4/a/d v000001fe0c3557a0, 0, 4;
T_12.0 ;
    %jmp T_12;
    .thread T_12;
    .scope S_000001fe0c2aca50;
T_13 ;
    %wait E_000001fe0c331840;
    %load/vec4 v000001fe0c3b5db0_0;
    %flag_set/vec4 8;
    %jmp/0xz  T_13.0, 8;
    %pushi/vec4 0, 0, 1;
    %assign/vec4 v000001fe0c3b54f0_0, 0;
    %pushi/vec4 0, 0, 2;
    %assign/vec4 v000001fe0c3b5630_0, 0;
    %pushi/vec4 0, 0, 32;
    %assign/vec4 v000001fe0c3b5950_0, 0;
    %pushi/vec4 0, 0, 32;
    %assign/vec4 v000001fe0c3b6030_0, 0;
    %pushi/vec4 0, 0, 5;
    %assign/vec4 v000001fe0c3b5270_0, 0;
    %pushi/vec4 0, 0, 32;
    %assign/vec4 v000001fe0c3b4190_0, 0;
    %jmp T_13.1;
T_13.0 ;
    %load/vec4 v000001fe0c3b5d10_0;
    %assign/vec4 v000001fe0c3b54f0_0, 0;
    %load/vec4 v000001fe0c3b4690_0;
    %assign/vec4 v000001fe0c3b5630_0, 0;
    %load/vec4 v000001fe0c3b4410_0;
    %assign/vec4 v000001fe0c3b5950_0, 0;
    %load/vec4 v000001fe0c3b4eb0_0;
    %assign/vec4 v000001fe0c3b6030_0, 0;
    %load/vec4 v000001fe0c3b4cd0_0;
    %assign/vec4 v000001fe0c3b5270_0, 0;
    %load/vec4 v000001fe0c3b44b0_0;
    %assign/vec4 v000001fe0c3b4190_0, 0;
T_13.1 ;
    %jmp T_13;
    .thread T_13;
    .scope S_000001fe0c3b8980;
T_14 ;
    %wait E_000001fe0c333500;
    %load/vec4 v000001fe0c3b9bc0_0;
    %load/vec4 v000001fe0c3bade0_0;
    %pad/u 32;
    %pushi/vec4 0, 0, 32;
    %cmp/ne;
    %flag_get/vec4 4;
    %and;
    %load/vec4 v000001fe0c3bade0_0;
    %load/vec4 v000001fe0c3b9bc0_0;
    %pad/u 5;
    %cmp/e;
    %flag_get/vec4 4;
    %and;
    %flag_set/vec4 8;
    %jmp/0xz  T_14.0, 8;
    %pushi/vec4 2, 0, 2;
    %store/vec4 v000001fe0c3bab60_0, 0, 2;
    %jmp T_14.1;
T_14.0 ;
    %load/vec4 v000001fe0c3b9e40_0;
    %load/vec4 v000001fe0c3bade0_0;
    %pad/u 32;
    %pushi/vec4 0, 0, 32;
    %cmp/ne;
    %flag_get/vec4 4;
    %and;
    %load/vec4 v000001fe0c3bade0_0;
    %load/vec4 v000001fe0c3b9e40_0;
    %pad/u 5;
    %cmp/e;
    %flag_get/vec4 4;
    %and;
    %flag_set/vec4 8;
    %jmp/0xz  T_14.2, 8;
    %pushi/vec4 1, 0, 2;
    %store/vec4 v000001fe0c3bab60_0, 0, 2;
    %jmp T_14.3;
T_14.2 ;
    %pushi/vec4 0, 0, 2;
    %store/vec4 v000001fe0c3bab60_0, 0, 2;
T_14.3 ;
T_14.1 ;
    %jmp T_14;
    .thread T_14, $push;
    .scope S_000001fe0c3b8980;
T_15 ;
    %wait E_000001fe0c332580;
    %load/vec4 v000001fe0c3b9bc0_0;
    %load/vec4 v000001fe0c3b9d00_0;
    %pad/u 32;
    %pushi/vec4 0, 0, 32;
    %cmp/ne;
    %flag_get/vec4 4;
    %and;
    %load/vec4 v000001fe0c3b9d00_0;
    %load/vec4 v000001fe0c3b9bc0_0;
    %pad/u 5;
    %cmp/e;
    %flag_get/vec4 4;
    %and;
    %flag_set/vec4 8;
    %jmp/0xz  T_15.0, 8;
    %pushi/vec4 2, 0, 2;
    %store/vec4 v000001fe0c3b98a0_0, 0, 2;
    %jmp T_15.1;
T_15.0 ;
    %load/vec4 v000001fe0c3b9e40_0;
    %load/vec4 v000001fe0c3b9d00_0;
    %pad/u 32;
    %pushi/vec4 0, 0, 32;
    %cmp/ne;
    %flag_get/vec4 4;
    %and;
    %load/vec4 v000001fe0c3b9d00_0;
    %load/vec4 v000001fe0c3b9e40_0;
    %pad/u 5;
    %cmp/e;
    %flag_get/vec4 4;
    %and;
    %flag_set/vec4 8;
    %jmp/0xz  T_15.2, 8;
    %pushi/vec4 1, 0, 2;
    %store/vec4 v000001fe0c3b98a0_0, 0, 2;
    %jmp T_15.3;
T_15.2 ;
    %pushi/vec4 0, 0, 2;
    %store/vec4 v000001fe0c3b98a0_0, 0, 2;
T_15.3 ;
T_15.1 ;
    %jmp T_15;
    .thread T_15, $push;
    .scope S_000001fe0c3b8980;
T_16 ;
    %wait E_000001fe0c3323c0;
    %load/vec4 v000001fe0c3ba340_0;
    %flag_set/vec4 8;
    %jmp/0xz  T_16.0, 8;
    %pushi/vec4 1, 0, 1;
    %store/vec4 v000001fe0c3b9440_0, 0, 1;
    %pushi/vec4 1, 0, 1;
    %store/vec4 v000001fe0c3b99e0_0, 0, 1;
    %jmp T_16.1;
T_16.0 ;
    %pushi/vec4 0, 0, 1;
    %store/vec4 v000001fe0c3b9440_0, 0, 1;
    %pushi/vec4 0, 0, 1;
    %store/vec4 v000001fe0c3b99e0_0, 0, 1;
T_16.1 ;
    %jmp T_16;
    .thread T_16, $push;
    .scope S_000001fe0c3b8980;
T_17 ;
    %wait E_000001fe0c332340;
    %load/vec4 v000001fe0c3ba840_0;
    %store/vec4 v000001fe0c3b9760_0, 0, 1;
    %load/vec4 v000001fe0c3ba340_0;
    %load/vec4 v000001fe0c3ba840_0;
    %or;
    %store/vec4 v000001fe0c3bad40_0, 0, 1;
    %jmp T_17;
    .thread T_17, $push;
# The file index is used to find the file name in the following table.
:file_names 19;
    "N/A";
    "<interactive>";
    "./generic_building_blocks.v";
    "./multiplexer.v";
    "c:\Users\chits\OneDrive\Documents\GitHub\RISC-V-Processor\Pipelined Processor\top_module.v";
    "./data_mem.v";
    "./instruction_mem.v";
    "./IF_ID.v";
    "./ID_EX.v";
    "./EX_MA.v";
    "./MA_WB.v";
    "./reg_file.v";
    "./controller.v";
    "./ALU_Decoder.v";
    "./main_decoder.v";
    "./extend_unit.v";
    "./hazard_unit.v";
    "./alu.v";
    "./program_counter.v";
