#! /d/a/fpga-toolchain-build/fpga-toolchain-build/iverilog/_install/bin/vvp
:ivl_version "11.0 (stable)" "(d3b0992)";
:ivl_delay_selection "TYPICAL";
:vpi_time_precision + 0;
:vpi_module "C:\PROGRA~3\CHOCOL~1\lib\iverilog\tools\lib\ivl\system.vpi";
:vpi_module "C:\PROGRA~3\CHOCOL~1\lib\iverilog\tools\lib\ivl\vhdl_sys.vpi";
:vpi_module "C:\PROGRA~3\CHOCOL~1\lib\iverilog\tools\lib\ivl\vhdl_textio.vpi";
:vpi_module "C:\PROGRA~3\CHOCOL~1\lib\iverilog\tools\lib\ivl\v2005_math.vpi";
:vpi_module "C:\PROGRA~3\CHOCOL~1\lib\iverilog\tools\lib\ivl\va_math.vpi";
S_00000237f6b64670 .scope module, "comprehensive_tb" "comprehensive_tb" 2 3;
 .timescale 0 0;
v00000237f6bf21d0_0 .net "DataAdr", 31 0, v00000237f6bb8a40_0;  1 drivers
v00000237f6bf28b0_0 .net "MemWrite", 0 0, L_00000237f6bf4aa0;  1 drivers
v00000237f6bf2950_0 .net "WriteData", 31 0, L_00000237f6bf48c0;  1 drivers
v00000237f6bf2a90_0 .var "clk", 0 0;
v00000237f6bf2b30_0 .var/i "fail_count", 31 0;
v00000237f6bf3ec0_0 .var/i "pass_count", 31 0;
v00000237f6bf4be0_0 .var "reset", 0 0;
v00000237f6bf4280_0 .var/i "test_count", 31 0;
S_00000237f6b81010 .scope task, "check_memory" "check_memory" 2 58, 2 58 0, S_00000237f6b64670;
 .timescale 0 0;
v00000237f6b727a0_0 .var "actual_value", 31 0;
v00000237f6b72840_0 .var "addr", 31 0;
v00000237f6b728e0_0 .var "expected_value", 31 0;
v00000237f6b72d40_0 .var "test_name", 255 0;
TD_comprehensive_tb.check_memory ;
    %load/vec4 v00000237f6bf4280_0;
    %addi 1, 0, 32;
    %store/vec4 v00000237f6bf4280_0, 0, 32;
    %load/vec4 v00000237f6b72840_0;
    %parti/s 30, 2, 3;
    %ix/vec4 4;
    %load/vec4a v00000237f6b72a20, 4;
    %store/vec4 v00000237f6b727a0_0, 0, 32;
    %load/vec4 v00000237f6b727a0_0;
    %load/vec4 v00000237f6b728e0_0;
    %cmp/e;
    %jmp/0xz  T_0.0, 6;
    %vpi_call 2 67 "$display", "[PASS] Test %0d: %s - MEM[%0d] = %0d", v00000237f6bf4280_0, v00000237f6b72d40_0, v00000237f6b72840_0, v00000237f6b727a0_0 {0 0 0};
    %load/vec4 v00000237f6bf3ec0_0;
    %addi 1, 0, 32;
    %store/vec4 v00000237f6bf3ec0_0, 0, 32;
    %jmp T_0.1;
T_0.0 ;
    %vpi_call 2 70 "$display", "[FAIL] Test %0d: %s - MEM[%0d] = %0d (expected %0d)", v00000237f6bf4280_0, v00000237f6b72d40_0, v00000237f6b72840_0, v00000237f6b727a0_0, v00000237f6b728e0_0 {0 0 0};
    %load/vec4 v00000237f6bf2b30_0;
    %addi 1, 0, 32;
    %store/vec4 v00000237f6bf2b30_0, 0, 32;
T_0.1 ;
    %end;
S_00000237f6b3d0b0 .scope task, "check_register" "check_register" 2 38, 2 38 0, S_00000237f6b64670;
 .timescale 0 0;
v00000237f6b73060_0 .var "actual_value", 31 0;
v00000237f6b72980_0 .var "expected_value", 31 0;
v00000237f6b73100_0 .var "reg_num", 4 0;
v00000237f6b73b00_0 .var "test_name", 255 0;
TD_comprehensive_tb.check_register ;
    %load/vec4 v00000237f6bf4280_0;
    %addi 1, 0, 32;
    %store/vec4 v00000237f6bf4280_0, 0, 32;
    %load/vec4 v00000237f6b73100_0;
    %pad/u 7;
    %ix/vec4 4;
    %load/vec4a v00000237f6bbaa50, 4;
    %store/vec4 v00000237f6b73060_0, 0, 32;
    %load/vec4 v00000237f6b73060_0;
    %load/vec4 v00000237f6b72980_0;
    %cmp/e;
    %jmp/0xz  T_1.2, 6;
    %vpi_call 2 47 "$display", "[PASS] Test %0d: %s - x%0d = %0d", v00000237f6bf4280_0, v00000237f6b73b00_0, v00000237f6b73100_0, v00000237f6b73060_0 {0 0 0};
    %load/vec4 v00000237f6bf3ec0_0;
    %addi 1, 0, 32;
    %store/vec4 v00000237f6bf3ec0_0, 0, 32;
    %jmp T_1.3;
T_1.2 ;
    %vpi_call 2 50 "$display", "[FAIL] Test %0d: %s - x%0d = %0d (expected %0d)", v00000237f6bf4280_0, v00000237f6b73b00_0, v00000237f6b73100_0, v00000237f6b73060_0, v00000237f6b72980_0 {0 0 0};
    %load/vec4 v00000237f6bf2b30_0;
    %addi 1, 0, 32;
    %store/vec4 v00000237f6bf2b30_0, 0, 32;
T_1.3 ;
    %end;
S_00000237f6b3d240 .scope module, "dut" "top" 2 16, 3 4 0, S_00000237f6b64670;
 .timescale 0 0;
    .port_info 0 /INPUT 1 "clk";
    .port_info 1 /INPUT 1 "reset";
    .port_info 2 /OUTPUT 32 "WriteData";
    .port_info 3 /OUTPUT 32 "DataAdr";
    .port_info 4 /OUTPUT 1 "MemWrite";
v00000237f6bf1910_0 .net "DataAdr", 31 0, v00000237f6bb8a40_0;  alias, 1 drivers
v00000237f6bf2630_0 .net "Instr", 31 0, L_00000237f6b467a0;  1 drivers
v00000237f6bf1b90_0 .net "MemWrite", 0 0, L_00000237f6bf4aa0;  alias, 1 drivers
v00000237f6bf2450_0 .net "PC", 31 0, v00000237f6bbb950_0;  1 drivers
v00000237f6bf1cd0_0 .net "ReadData", 31 0, L_00000237f6b46e30;  1 drivers
v00000237f6bf2d10_0 .net "WriteData", 31 0, L_00000237f6bf48c0;  alias, 1 drivers
v00000237f6bf1d70_0 .net "clk", 0 0, v00000237f6bf2a90_0;  1 drivers
v00000237f6bf1e10_0 .net "reset", 0 0, v00000237f6bf4be0_0;  1 drivers
S_00000237f6b3d3d0 .scope module, "dmem" "dmem" 3 18, 4 1 0, S_00000237f6b3d240;
 .timescale 0 0;
    .port_info 0 /INPUT 1 "clk";
    .port_info 1 /INPUT 1 "we";
    .port_info 2 /INPUT 32 "a";
    .port_info 3 /INPUT 32 "wd";
    .port_info 4 /OUTPUT 32 "rd";
L_00000237f6b46e30 .functor BUFZ 32, L_00000237f6bf39c0, C4<00000000000000000000000000000000>, C4<00000000000000000000000000000000>, C4<00000000000000000000000000000000>;
v00000237f6b72a20 .array "RAM", 63 0, 31 0;
v00000237f6b72de0_0 .net *"_ivl_0", 31 0, L_00000237f6bf39c0;  1 drivers
v00000237f6b73560_0 .net *"_ivl_3", 29 0, L_00000237f6bf3c40;  1 drivers
v00000237f6b72ac0_0 .net "a", 31 0, v00000237f6bb8a40_0;  alias, 1 drivers
v00000237f6b73600_0 .net "clk", 0 0, v00000237f6bf2a90_0;  alias, 1 drivers
v00000237f6b74000_0 .net "rd", 31 0, L_00000237f6b46e30;  alias, 1 drivers
v00000237f6b736a0_0 .net "wd", 31 0, L_00000237f6bf48c0;  alias, 1 drivers
v00000237f6b73740_0 .net "we", 0 0, L_00000237f6bf4aa0;  alias, 1 drivers
E_00000237f6b91d40 .event posedge, v00000237f6b73600_0;
L_00000237f6bf39c0 .array/port v00000237f6b72a20, L_00000237f6bf3c40;
L_00000237f6bf3c40 .part v00000237f6bb8a40_0, 2, 30;
S_00000237f6b35380 .scope module, "imem" "imem" 3 17, 5 1 0, S_00000237f6b3d240;
 .timescale 0 0;
    .port_info 0 /INPUT 32 "a";
    .port_info 1 /OUTPUT 32 "rd";
L_00000237f6b467a0 .functor BUFZ 32, L_00000237f6bf37e0, C4<00000000000000000000000000000000>, C4<00000000000000000000000000000000>, C4<00000000000000000000000000000000>;
v00000237f6b73880 .array "RAM", 63 0, 31 0;
v00000237f6b73c40_0 .net *"_ivl_0", 31 0, L_00000237f6bf37e0;  1 drivers
v00000237f6b73ce0_0 .net *"_ivl_3", 29 0, L_00000237f6bf3920;  1 drivers
v00000237f6b73d80_0 .net "a", 31 0, v00000237f6bbb950_0;  alias, 1 drivers
v00000237f6b73ec0_0 .net "rd", 31 0, L_00000237f6b467a0;  alias, 1 drivers
L_00000237f6bf37e0 .array/port v00000237f6b73880, L_00000237f6bf3920;
L_00000237f6bf3920 .part v00000237f6bbb950_0, 2, 30;
S_00000237f6b35510 .scope module, "rvsingle" "riscvsingle" 3 15, 6 4 0, S_00000237f6b3d240;
 .timescale 0 0;
    .port_info 0 /INPUT 1 "clk";
    .port_info 1 /INPUT 1 "reset";
    .port_info 2 /OUTPUT 32 "PC";
    .port_info 3 /INPUT 32 "Instr";
    .port_info 4 /OUTPUT 1 "MemWrite";
    .port_info 5 /OUTPUT 32 "ALUResult";
    .port_info 6 /OUTPUT 32 "WriteData";
    .port_info 7 /INPUT 32 "ReadData";
v00000237f6bf19b0_0 .net "ALUControl", 3 0, v00000237f6b740a0_0;  1 drivers
v00000237f6bf2310_0 .net "ALUResult", 31 0, v00000237f6bb8a40_0;  alias, 1 drivers
v00000237f6bf1690_0 .net "ALUSrc", 0 0, L_00000237f6bf3560;  1 drivers
v00000237f6bf2ef0_0 .net "ALUSrcA", 0 0, L_00000237f6bf3b00;  1 drivers
v00000237f6bf1190_0 .net "ImmSrc", 2 0, L_00000237f6bf3ce0;  1 drivers
v00000237f6bf1af0_0 .net "Instr", 31 0, L_00000237f6b467a0;  alias, 1 drivers
v00000237f6bf23b0_0 .net "Jump", 0 0, L_00000237f6bf45a0;  1 drivers
v00000237f6bf2e50_0 .net "MemWrite", 0 0, L_00000237f6bf4aa0;  alias, 1 drivers
v00000237f6bf1c30_0 .net "PC", 31 0, v00000237f6bbb950_0;  alias, 1 drivers
v00000237f6bf1730_0 .net "PCSrc", 0 0, L_00000237f6b46730;  1 drivers
v00000237f6bf26d0_0 .net "ReadData", 31 0, L_00000237f6b46e30;  alias, 1 drivers
v00000237f6bf1f50_0 .net "RegWrite", 0 0, L_00000237f6bf32e0;  1 drivers
v00000237f6bf14b0_0 .net "ResultSrc", 1 0, L_00000237f6bf4e60;  1 drivers
v00000237f6bf1550_0 .net "WriteData", 31 0, L_00000237f6bf48c0;  alias, 1 drivers
v00000237f6bf2590_0 .net "Zero", 0 0, v00000237f6bb8ae0_0;  1 drivers
v00000237f6bf17d0_0 .net "clk", 0 0, v00000237f6bf2a90_0;  alias, 1 drivers
v00000237f6bf24f0_0 .net "reset", 0 0, v00000237f6bf4be0_0;  alias, 1 drivers
L_00000237f6bf4d20 .part L_00000237f6b467a0, 0, 7;
L_00000237f6bf4640 .part L_00000237f6b467a0, 12, 3;
L_00000237f6bf40a0 .part L_00000237f6b467a0, 30, 1;
S_00000237f6b356a0 .scope module, "c" "controller" 6 18, 7 4 0, S_00000237f6b35510;
 .timescale 0 0;
    .port_info 0 /INPUT 7 "op";
    .port_info 1 /INPUT 3 "funct3";
    .port_info 2 /INPUT 1 "funct7b5";
    .port_info 3 /INPUT 1 "Zero";
    .port_info 4 /OUTPUT 2 "ResultSrc";
    .port_info 5 /OUTPUT 1 "MemWrite";
    .port_info 6 /OUTPUT 1 "PCSrc";
    .port_info 7 /OUTPUT 1 "ALUSrc";
    .port_info 8 /OUTPUT 1 "RegWrite";
    .port_info 9 /OUTPUT 1 "Jump";
    .port_info 10 /OUTPUT 3 "ImmSrc";
    .port_info 11 /OUTPUT 4 "ALUControl";
    .port_info 12 /OUTPUT 1 "ALUSrcA";
L_00000237f6b46c00 .functor AND 1, L_00000237f6bf4c80, v00000237f6bb8ae0_0, C4<1>, C4<1>;
L_00000237f6b46730 .functor OR 1, L_00000237f6b46c00, L_00000237f6bf45a0, C4<0>, C4<0>;
v00000237f6bb9f80_0 .net "ALUControl", 3 0, v00000237f6b740a0_0;  alias, 1 drivers
v00000237f6bba340_0 .net "ALUOp", 1 0, L_00000237f6bf3240;  1 drivers
v00000237f6bb98a0_0 .net "ALUSrc", 0 0, L_00000237f6bf3560;  alias, 1 drivers
v00000237f6bba160_0 .net "ALUSrcA", 0 0, L_00000237f6bf3b00;  alias, 1 drivers
v00000237f6bba3e0_0 .net "Branch", 0 0, L_00000237f6bf4c80;  1 drivers
v00000237f6bb9c60_0 .net "ImmSrc", 2 0, L_00000237f6bf3ce0;  alias, 1 drivers
v00000237f6bb9d00_0 .net "Jump", 0 0, L_00000237f6bf45a0;  alias, 1 drivers
v00000237f6bba480_0 .net "MemWrite", 0 0, L_00000237f6bf4aa0;  alias, 1 drivers
v00000237f6bb89a0_0 .net "PCSrc", 0 0, L_00000237f6b46730;  alias, 1 drivers
v00000237f6bb9da0_0 .net "RegWrite", 0 0, L_00000237f6bf32e0;  alias, 1 drivers
v00000237f6bba520_0 .net "ResultSrc", 1 0, L_00000237f6bf4e60;  alias, 1 drivers
v00000237f6bb9120_0 .net "Zero", 0 0, v00000237f6bb8ae0_0;  alias, 1 drivers
v00000237f6bb9940_0 .net *"_ivl_2", 0 0, L_00000237f6b46c00;  1 drivers
v00000237f6bb9e40_0 .net "funct3", 2 0, L_00000237f6bf4640;  1 drivers
v00000237f6bba5c0_0 .net "funct7b5", 0 0, L_00000237f6bf40a0;  1 drivers
v00000237f6bb9620_0 .net "op", 6 0, L_00000237f6bf4d20;  1 drivers
L_00000237f6bf46e0 .part L_00000237f6bf4d20, 5, 1;
S_00000237f6b18c30 .scope module, "ad" "aludec" 7 22, 8 1 0, S_00000237f6b356a0;
 .timescale 0 0;
    .port_info 0 /INPUT 1 "opb5";
    .port_info 1 /INPUT 3 "funct3";
    .port_info 2 /INPUT 1 "funct7b5";
    .port_info 3 /INPUT 2 "ALUOp";
    .port_info 4 /OUTPUT 4 "ALUControl";
v00000237f6b740a0_0 .var "ALUControl", 3 0;
v00000237f6bba200_0 .net "ALUOp", 1 0, L_00000237f6bf3240;  alias, 1 drivers
v00000237f6bb8860_0 .net "funct3", 2 0, L_00000237f6bf4640;  alias, 1 drivers
v00000237f6bb9440_0 .net "funct7b5", 0 0, L_00000237f6bf40a0;  alias, 1 drivers
v00000237f6bb87c0_0 .net "opb5", 0 0, L_00000237f6bf46e0;  1 drivers
E_00000237f6b920c0 .event edge, v00000237f6bba200_0, v00000237f6bb8860_0, v00000237f6bb9440_0, v00000237f6bb87c0_0;
S_00000237f6b18dc0 .scope module, "md" "maindec" 7 21, 9 1 0, S_00000237f6b356a0;
 .timescale 0 0;
    .port_info 0 /INPUT 7 "op";
    .port_info 1 /OUTPUT 2 "ResultSrc";
    .port_info 2 /OUTPUT 1 "MemWrite";
    .port_info 3 /OUTPUT 1 "Branch";
    .port_info 4 /OUTPUT 1 "ALUSrc";
    .port_info 5 /OUTPUT 1 "RegWrite";
    .port_info 6 /OUTPUT 1 "Jump";
    .port_info 7 /OUTPUT 3 "ImmSrc";
    .port_info 8 /OUTPUT 2 "ALUOp";
    .port_info 9 /OUTPUT 1 "ALUSrcA";
v00000237f6bb8720_0 .net "ALUOp", 1 0, L_00000237f6bf3240;  alias, 1 drivers
v00000237f6bba020_0 .net "ALUSrc", 0 0, L_00000237f6bf3560;  alias, 1 drivers
v00000237f6bba2a0_0 .net "ALUSrcA", 0 0, L_00000237f6bf3b00;  alias, 1 drivers
v00000237f6bb8fe0_0 .net "Branch", 0 0, L_00000237f6bf4c80;  alias, 1 drivers
v00000237f6bba0c0_0 .net "ImmSrc", 2 0, L_00000237f6bf3ce0;  alias, 1 drivers
v00000237f6bb9080_0 .net "Jump", 0 0, L_00000237f6bf45a0;  alias, 1 drivers
v00000237f6bb9bc0_0 .net "MemWrite", 0 0, L_00000237f6bf4aa0;  alias, 1 drivers
v00000237f6bb9b20_0 .net "RegWrite", 0 0, L_00000237f6bf32e0;  alias, 1 drivers
v00000237f6bb8e00_0 .net "ResultSrc", 1 0, L_00000237f6bf4e60;  alias, 1 drivers
v00000237f6bb9ee0_0 .net *"_ivl_11", 12 0, v00000237f6bb94e0_0;  1 drivers
v00000237f6bb94e0_0 .var "controls", 12 0;
v00000237f6bb8900_0 .net "op", 6 0, L_00000237f6bf4d20;  alias, 1 drivers
E_00000237f6b91840 .event edge, v00000237f6bb8900_0;
L_00000237f6bf32e0 .part v00000237f6bb94e0_0, 12, 1;
L_00000237f6bf3ce0 .part v00000237f6bb94e0_0, 9, 3;
L_00000237f6bf3560 .part v00000237f6bb94e0_0, 8, 1;
L_00000237f6bf4aa0 .part v00000237f6bb94e0_0, 7, 1;
L_00000237f6bf4e60 .part v00000237f6bb94e0_0, 5, 2;
L_00000237f6bf4c80 .part v00000237f6bb94e0_0, 4, 1;
L_00000237f6bf3240 .part v00000237f6bb94e0_0, 2, 2;
L_00000237f6bf45a0 .part v00000237f6bb94e0_0, 1, 1;
L_00000237f6bf3b00 .part v00000237f6bb94e0_0, 0, 1;
S_00000237f6b18f50 .scope module, "dp" "datapath" 6 19, 10 7 0, S_00000237f6b35510;
 .timescale 0 0;
    .port_info 0 /INPUT 1 "clk";
    .port_info 1 /INPUT 1 "reset";
    .port_info 2 /INPUT 2 "ResultSrc";
    .port_info 3 /INPUT 1 "PCSrc";
    .port_info 4 /INPUT 1 "ALUSrc";
    .port_info 5 /INPUT 1 "RegWrite";
    .port_info 6 /INPUT 3 "ImmSrc";
    .port_info 7 /INPUT 4 "ALUControl";
    .port_info 8 /INPUT 1 "ALUSrcA";
    .port_info 9 /OUTPUT 1 "Zero";
    .port_info 10 /OUTPUT 32 "PC";
    .port_info 11 /INPUT 32 "Instr";
    .port_info 12 /OUTPUT 32 "ALUResult";
    .port_info 13 /OUTPUT 32 "WriteData";
    .port_info 14 /INPUT 32 "ReadData";
v00000237f6bbc030_0 .net "ALUControl", 3 0, v00000237f6b740a0_0;  alias, 1 drivers
v00000237f6bbc530_0 .net "ALUResult", 31 0, v00000237f6bb8a40_0;  alias, 1 drivers
v00000237f6bbac30_0 .net "ALUSrc", 0 0, L_00000237f6bf3560;  alias, 1 drivers
v00000237f6bbb3b0_0 .net "ALUSrcA", 0 0, L_00000237f6bf3b00;  alias, 1 drivers
v00000237f6bbc5d0_0 .net "ImmExt", 31 0, v00000237f6bb8b80_0;  1 drivers
v00000237f6bf2db0_0 .net "ImmSrc", 2 0, L_00000237f6bf3ce0;  alias, 1 drivers
v00000237f6bf15f0_0 .net "Instr", 31 0, L_00000237f6b467a0;  alias, 1 drivers
v00000237f6bf2770_0 .net "PC", 31 0, v00000237f6bbb950_0;  alias, 1 drivers
v00000237f6bf2090_0 .net "PCNext", 31 0, L_00000237f6bf3880;  1 drivers
v00000237f6bf2270_0 .net "PCPlus4", 31 0, L_00000237f6bf3600;  1 drivers
v00000237f6bf1ff0_0 .net "PCSrc", 0 0, L_00000237f6b46730;  alias, 1 drivers
v00000237f6bf1370_0 .net "PCTarget", 31 0, L_00000237f6bf4f00;  1 drivers
v00000237f6bf2810_0 .net "ReadData", 31 0, L_00000237f6b46e30;  alias, 1 drivers
v00000237f6bf1870_0 .net "RegWrite", 0 0, L_00000237f6bf32e0;  alias, 1 drivers
v00000237f6bf1230_0 .net "Result", 31 0, L_00000237f6bf4a00;  1 drivers
v00000237f6bf2f90_0 .net "ResultSrc", 1 0, L_00000237f6bf4e60;  alias, 1 drivers
v00000237f6bf2c70_0 .net "SrcA", 31 0, L_00000237f6bf4780;  1 drivers
v00000237f6bf12d0_0 .net "SrcA_ALU", 31 0, L_00000237f6bf41e0;  1 drivers
v00000237f6bf1410_0 .net "SrcB", 31 0, L_00000237f6bf3420;  1 drivers
v00000237f6bf29f0_0 .net "WriteData", 31 0, L_00000237f6bf48c0;  alias, 1 drivers
v00000237f6bf1a50_0 .net "Zero", 0 0, v00000237f6bb8ae0_0;  alias, 1 drivers
v00000237f6bf2bd0_0 .net "clk", 0 0, v00000237f6bf2a90_0;  alias, 1 drivers
v00000237f6bf10f0_0 .net "reset", 0 0, v00000237f6bf4be0_0;  alias, 1 drivers
L_00000237f6bf36a0 .part L_00000237f6b467a0, 15, 5;
L_00000237f6bf4960 .part L_00000237f6b467a0, 20, 5;
L_00000237f6bf4000 .part L_00000237f6b467a0, 7, 5;
L_00000237f6bf3d80 .part L_00000237f6b467a0, 7, 25;
S_00000237f6b0b250 .scope module, "alu" "alu" 10 41, 11 1 0, S_00000237f6b18f50;
 .timescale 0 0;
    .port_info 0 /INPUT 32 "SrcA";
    .port_info 1 /INPUT 32 "SrcB";
    .port_info 2 /INPUT 4 "ALUControl";
    .port_info 3 /OUTPUT 32 "ALUResult";
    .port_info 4 /OUTPUT 1 "Zero";
v00000237f6bb99e0_0 .net "ALUControl", 3 0, v00000237f6b740a0_0;  alias, 1 drivers
v00000237f6bb8a40_0 .var "ALUResult", 31 0;
v00000237f6bb96c0_0 .net "SrcA", 31 0, L_00000237f6bf41e0;  alias, 1 drivers
v00000237f6bb9a80_0 .net "SrcB", 31 0, L_00000237f6bf3420;  alias, 1 drivers
v00000237f6bb8ae0_0 .var "Zero", 0 0;
E_00000237f6b923c0 .event edge, v00000237f6b740a0_0, v00000237f6bb96c0_0, v00000237f6bb9a80_0, v00000237f6b72ac0_0;
S_00000237f6b0b3e0 .scope module, "ext" "extend" 10 36, 12 1 0, S_00000237f6b18f50;
 .timescale 0 0;
    .port_info 0 /INPUT 25 "instr";
    .port_info 1 /INPUT 3 "immsrc";
    .port_info 2 /OUTPUT 32 "immext";
v00000237f6bb8b80_0 .var "immext", 31 0;
v00000237f6bb9580_0 .net "immsrc", 2 0, L_00000237f6bf3ce0;  alias, 1 drivers
v00000237f6bb8c20_0 .net "instr", 31 7, L_00000237f6bf3d80;  1 drivers
E_00000237f6b91c80 .event edge, v00000237f6bba0c0_0, v00000237f6bb8c20_0;
S_00000237f6b0b570 .scope module, "pcadd4" "adder" 10 30, 13 1 0, S_00000237f6b18f50;
 .timescale 0 0;
    .port_info 0 /INPUT 32 "a";
    .port_info 1 /INPUT 32 "b";
    .port_info 2 /OUTPUT 32 "y";
v00000237f6bb91c0_0 .net "a", 31 0, v00000237f6bbb950_0;  alias, 1 drivers
L_00000237f6bf60d8 .functor BUFT 1, C4<00000000000000000000000000000100>, C4<0>, C4<0>, C4<0>;
v00000237f6bb8cc0_0 .net "b", 31 0, L_00000237f6bf60d8;  1 drivers
v00000237f6bb9260_0 .net "y", 31 0, L_00000237f6bf3600;  alias, 1 drivers
L_00000237f6bf3600 .arith/sum 32, v00000237f6bbb950_0, L_00000237f6bf60d8;
S_00000237f6b078e0 .scope module, "pcaddbranch" "adder" 10 31, 13 1 0, S_00000237f6b18f50;
 .timescale 0 0;
    .port_info 0 /INPUT 32 "a";
    .port_info 1 /INPUT 32 "b";
    .port_info 2 /OUTPUT 32 "y";
v00000237f6bb9760_0 .net "a", 31 0, v00000237f6bbb950_0;  alias, 1 drivers
v00000237f6bb8d60_0 .net "b", 31 0, v00000237f6bb8b80_0;  alias, 1 drivers
v00000237f6bb8ea0_0 .net "y", 31 0, L_00000237f6bf4f00;  alias, 1 drivers
L_00000237f6bf4f00 .arith/sum 32, v00000237f6bbb950_0, v00000237f6bb8b80_0;
S_00000237f6bf0590 .scope module, "pcmux" "mux2" 10 32, 14 1 0, S_00000237f6b18f50;
 .timescale 0 0;
    .port_info 0 /INPUT 32 "d0";
    .port_info 1 /INPUT 32 "d1";
    .port_info 2 /INPUT 1 "s";
    .port_info 3 /OUTPUT 32 "y";
P_00000237f6b91900 .param/l "WIDTH" 0 14 1, +C4<00000000000000000000000000100000>;
v00000237f6bb8f40_0 .net "d0", 31 0, L_00000237f6bf3600;  alias, 1 drivers
v00000237f6bb93a0_0 .net "d1", 31 0, L_00000237f6bf4f00;  alias, 1 drivers
v00000237f6bb9300_0 .net "s", 0 0, L_00000237f6b46730;  alias, 1 drivers
v00000237f6bb9800_0 .net "y", 31 0, L_00000237f6bf3880;  alias, 1 drivers
L_00000237f6bf3880 .functor MUXZ 32, L_00000237f6bf3600, L_00000237f6bf4f00, L_00000237f6b46730, C4<>;
S_00000237f6bf0270 .scope module, "pcreg" "flopr" 10 29, 13 10 0, S_00000237f6b18f50;
 .timescale 0 0;
    .port_info 0 /INPUT 1 "clk";
    .port_info 1 /INPUT 1 "reset";
    .port_info 2 /INPUT 32 "d";
    .port_info 3 /OUTPUT 32 "q";
P_00000237f6b91980 .param/l "WIDTH" 0 13 10, +C4<00000000000000000000000000100000>;
v00000237f6bbb630_0 .net "clk", 0 0, v00000237f6bf2a90_0;  alias, 1 drivers
v00000237f6bbaeb0_0 .net "d", 31 0, L_00000237f6bf3880;  alias, 1 drivers
v00000237f6bbb950_0 .var "q", 31 0;
v00000237f6bbb590_0 .net "reset", 0 0, v00000237f6bf4be0_0;  alias, 1 drivers
E_00000237f6b92100 .event posedge, v00000237f6bbb590_0, v00000237f6b73600_0;
S_00000237f6bf0720 .scope module, "resultmux" "mux3" 10 42, 14 10 0, S_00000237f6b18f50;
 .timescale 0 0;
    .port_info 0 /INPUT 32 "d0";
    .port_info 1 /INPUT 32 "d1";
    .port_info 2 /INPUT 32 "d2";
    .port_info 3 /INPUT 2 "s";
    .port_info 4 /OUTPUT 32 "y";
P_00000237f6b91c40 .param/l "WIDTH" 0 14 10, +C4<00000000000000000000000000100000>;
v00000237f6bbc210_0 .net *"_ivl_1", 0 0, L_00000237f6bf31a0;  1 drivers
v00000237f6bba870_0 .net *"_ivl_3", 0 0, L_00000237f6bf3740;  1 drivers
v00000237f6bbb450_0 .net *"_ivl_4", 31 0, L_00000237f6bf34c0;  1 drivers
v00000237f6bbbd10_0 .net "d0", 31 0, v00000237f6bb8a40_0;  alias, 1 drivers
v00000237f6bbacd0_0 .net "d1", 31 0, L_00000237f6b46e30;  alias, 1 drivers
v00000237f6bbc0d0_0 .net "d2", 31 0, L_00000237f6bf3600;  alias, 1 drivers
v00000237f6bbc350_0 .net "s", 1 0, L_00000237f6bf4e60;  alias, 1 drivers
v00000237f6bba730_0 .net "y", 31 0, L_00000237f6bf4a00;  alias, 1 drivers
L_00000237f6bf31a0 .part L_00000237f6bf4e60, 1, 1;
L_00000237f6bf3740 .part L_00000237f6bf4e60, 0, 1;
L_00000237f6bf34c0 .functor MUXZ 32, v00000237f6bb8a40_0, L_00000237f6b46e30, L_00000237f6bf3740, C4<>;
L_00000237f6bf4a00 .functor MUXZ 32, L_00000237f6bf34c0, L_00000237f6bf3600, L_00000237f6bf31a0, C4<>;
S_00000237f6bf08b0 .scope module, "rf" "regfile" 10 35, 15 1 0, S_00000237f6b18f50;
 .timescale 0 0;
    .port_info 0 /INPUT 1 "clk";
    .port_info 1 /INPUT 1 "we3";
    .port_info 2 /INPUT 5 "a1";
    .port_info 3 /INPUT 5 "a2";
    .port_info 4 /INPUT 5 "a3";
    .port_info 5 /INPUT 32 "wd3";
    .port_info 6 /OUTPUT 32 "rd1";
    .port_info 7 /OUTPUT 32 "rd2";
v00000237f6bbb810_0 .net *"_ivl_0", 31 0, L_00000237f6bf3100;  1 drivers
v00000237f6bbae10_0 .net *"_ivl_10", 6 0, L_00000237f6bf3ba0;  1 drivers
L_00000237f6bf61b0 .functor BUFT 1, C4<00>, C4<0>, C4<0>, C4<0>;
v00000237f6bbb270_0 .net *"_ivl_13", 1 0, L_00000237f6bf61b0;  1 drivers
L_00000237f6bf61f8 .functor BUFT 1, C4<00000000000000000000000000000000>, C4<0>, C4<0>, C4<0>;
v00000237f6bbb9f0_0 .net/2u *"_ivl_14", 31 0, L_00000237f6bf61f8;  1 drivers
v00000237f6bbc2b0_0 .net *"_ivl_18", 31 0, L_00000237f6bf3a60;  1 drivers
L_00000237f6bf6240 .functor BUFT 1, C4<000000000000000000000000000>, C4<0>, C4<0>, C4<0>;
v00000237f6bbb310_0 .net *"_ivl_21", 26 0, L_00000237f6bf6240;  1 drivers
L_00000237f6bf6288 .functor BUFT 1, C4<00000000000000000000000000000000>, C4<0>, C4<0>, C4<0>;
v00000237f6bbad70_0 .net/2u *"_ivl_22", 31 0, L_00000237f6bf6288;  1 drivers
v00000237f6bba910_0 .net *"_ivl_24", 0 0, L_00000237f6bf4140;  1 drivers
v00000237f6bbb770_0 .net *"_ivl_26", 31 0, L_00000237f6bf4820;  1 drivers
v00000237f6bba7d0_0 .net *"_ivl_28", 6 0, L_00000237f6bf3380;  1 drivers
L_00000237f6bf6120 .functor BUFT 1, C4<000000000000000000000000000>, C4<0>, C4<0>, C4<0>;
v00000237f6bbb4f0_0 .net *"_ivl_3", 26 0, L_00000237f6bf6120;  1 drivers
L_00000237f6bf62d0 .functor BUFT 1, C4<00>, C4<0>, C4<0>, C4<0>;
v00000237f6bbc3f0_0 .net *"_ivl_31", 1 0, L_00000237f6bf62d0;  1 drivers
L_00000237f6bf6318 .functor BUFT 1, C4<00000000000000000000000000000000>, C4<0>, C4<0>, C4<0>;
v00000237f6bbb8b0_0 .net/2u *"_ivl_32", 31 0, L_00000237f6bf6318;  1 drivers
L_00000237f6bf6168 .functor BUFT 1, C4<00000000000000000000000000000000>, C4<0>, C4<0>, C4<0>;
v00000237f6bbaff0_0 .net/2u *"_ivl_4", 31 0, L_00000237f6bf6168;  1 drivers
v00000237f6bbbbd0_0 .net *"_ivl_6", 0 0, L_00000237f6bf3f60;  1 drivers
v00000237f6bbaf50_0 .net *"_ivl_8", 31 0, L_00000237f6bf4dc0;  1 drivers
v00000237f6bbb090_0 .net "a1", 4 0, L_00000237f6bf36a0;  1 drivers
v00000237f6bbc490_0 .net "a2", 4 0, L_00000237f6bf4960;  1 drivers
v00000237f6bbbdb0_0 .net "a3", 4 0, L_00000237f6bf4000;  1 drivers
v00000237f6bba9b0_0 .net "clk", 0 0, v00000237f6bf2a90_0;  alias, 1 drivers
v00000237f6bbbef0_0 .net "rd1", 31 0, L_00000237f6bf4780;  alias, 1 drivers
v00000237f6bbb130_0 .net "rd2", 31 0, L_00000237f6bf48c0;  alias, 1 drivers
v00000237f6bbaa50 .array "rf", 31 0, 31 0;
v00000237f6bbaaf0_0 .net "wd3", 31 0, L_00000237f6bf4a00;  alias, 1 drivers
v00000237f6bbb6d0_0 .net "we3", 0 0, L_00000237f6bf32e0;  alias, 1 drivers
L_00000237f6bf3100 .concat [ 5 27 0 0], L_00000237f6bf36a0, L_00000237f6bf6120;
L_00000237f6bf3f60 .cmp/ne 32, L_00000237f6bf3100, L_00000237f6bf6168;
L_00000237f6bf4dc0 .array/port v00000237f6bbaa50, L_00000237f6bf3ba0;
L_00000237f6bf3ba0 .concat [ 5 2 0 0], L_00000237f6bf36a0, L_00000237f6bf61b0;
L_00000237f6bf4780 .functor MUXZ 32, L_00000237f6bf61f8, L_00000237f6bf4dc0, L_00000237f6bf3f60, C4<>;
L_00000237f6bf3a60 .concat [ 5 27 0 0], L_00000237f6bf4960, L_00000237f6bf6240;
L_00000237f6bf4140 .cmp/ne 32, L_00000237f6bf3a60, L_00000237f6bf6288;
L_00000237f6bf4820 .array/port v00000237f6bbaa50, L_00000237f6bf3380;
L_00000237f6bf3380 .concat [ 5 2 0 0], L_00000237f6bf4960, L_00000237f6bf62d0;
L_00000237f6bf48c0 .functor MUXZ 32, L_00000237f6bf6318, L_00000237f6bf4820, L_00000237f6bf4140, C4<>;
S_00000237f6bf0a40 .scope module, "srcamux" "mux2" 10 39, 14 1 0, S_00000237f6b18f50;
 .timescale 0 0;
    .port_info 0 /INPUT 32 "d0";
    .port_info 1 /INPUT 32 "d1";
    .port_info 2 /INPUT 1 "s";
    .port_info 3 /OUTPUT 32 "y";
P_00000237f6b92380 .param/l "WIDTH" 0 14 1, +C4<00000000000000000000000000100000>;
v00000237f6bbba90_0 .net "d0", 31 0, L_00000237f6bf4780;  alias, 1 drivers
L_00000237f6bf6360 .functor BUFT 1, C4<00000000000000000000000000000000>, C4<0>, C4<0>, C4<0>;
v00000237f6bbbf90_0 .net "d1", 31 0, L_00000237f6bf6360;  1 drivers
v00000237f6bbc170_0 .net "s", 0 0, L_00000237f6bf3b00;  alias, 1 drivers
v00000237f6bbbb30_0 .net "y", 31 0, L_00000237f6bf41e0;  alias, 1 drivers
L_00000237f6bf41e0 .functor MUXZ 32, L_00000237f6bf4780, L_00000237f6bf6360, L_00000237f6bf3b00, C4<>;
S_00000237f6bf0bd0 .scope module, "srcbmux" "mux2" 10 40, 14 1 0, S_00000237f6b18f50;
 .timescale 0 0;
    .port_info 0 /INPUT 32 "d0";
    .port_info 1 /INPUT 32 "d1";
    .port_info 2 /INPUT 1 "s";
    .port_info 3 /OUTPUT 32 "y";
P_00000237f6b92400 .param/l "WIDTH" 0 14 1, +C4<00000000000000000000000000100000>;
v00000237f6bbab90_0 .net "d0", 31 0, L_00000237f6bf48c0;  alias, 1 drivers
v00000237f6bbb1d0_0 .net "d1", 31 0, v00000237f6bb8b80_0;  alias, 1 drivers
v00000237f6bbbc70_0 .net "s", 0 0, L_00000237f6bf3560;  alias, 1 drivers
v00000237f6bbbe50_0 .net "y", 31 0, L_00000237f6bf3420;  alias, 1 drivers
L_00000237f6bf3420 .functor MUXZ 32, L_00000237f6bf48c0, v00000237f6bb8b80_0, L_00000237f6bf3560, C4<>;
S_00000237f6bf00e0 .scope task, "init_test" "init_test" 2 25, 2 25 0, S_00000237f6b64670;
 .timescale 0 0;
TD_comprehensive_tb.init_test ;
    %pushi/vec4 0, 0, 32;
    %store/vec4 v00000237f6bf4280_0, 0, 32;
    %pushi/vec4 0, 0, 32;
    %store/vec4 v00000237f6bf3ec0_0, 0, 32;
    %pushi/vec4 0, 0, 32;
    %store/vec4 v00000237f6bf2b30_0, 0, 32;
    %pushi/vec4 1, 0, 1;
    %store/vec4 v00000237f6bf4be0_0, 0, 1;
    %delay 22, 0;
    %pushi/vec4 0, 0, 1;
    %store/vec4 v00000237f6bf4be0_0, 0, 1;
    %delay 10, 0;
    %end;
S_00000237f6bf0d60 .scope task, "print_summary" "print_summary" 2 89, 2 89 0, S_00000237f6b64670;
 .timescale 0 0;
TD_comprehensive_tb.print_summary ;
    %vpi_call 2 91 "$display", "\012========================================" {0 0 0};
    %vpi_call 2 92 "$display", "TEST SUMMARY" {0 0 0};
    %vpi_call 2 93 "$display", "========================================" {0 0 0};
    %vpi_call 2 94 "$display", "Total Tests: %0d", v00000237f6bf4280_0 {0 0 0};
    %vpi_call 2 95 "$display", "Passed:      %0d", v00000237f6bf3ec0_0 {0 0 0};
    %vpi_call 2 96 "$display", "Failed:      %0d", v00000237f6bf2b30_0 {0 0 0};
    %vpi_call 2 97 "$display", "========================================" {0 0 0};
    %load/vec4 v00000237f6bf2b30_0;
    %cmpi/e 0, 0, 32;
    %jmp/0xz  T_3.4, 4;
    %vpi_call 2 99 "$display", "ALL TESTS PASSED!" {0 0 0};
    %jmp T_3.5;
T_3.4 ;
    %vpi_call 2 101 "$display", "SOME TESTS FAILED!" {0 0 0};
T_3.5 ;
    %vpi_call 2 103 "$display", "========================================\012" {0 0 0};
    %end;
S_00000237f6bf0400 .scope task, "wait_cycles" "wait_cycles" 2 78, 2 78 0, S_00000237f6b64670;
 .timescale 0 0;
v00000237f6bf1eb0_0 .var/i "i", 31 0;
v00000237f6bf2130_0 .var/i "n", 31 0;
TD_comprehensive_tb.wait_cycles ;
    %pushi/vec4 0, 0, 32;
    %store/vec4 v00000237f6bf1eb0_0, 0, 32;
T_4.6 ;
    %load/vec4 v00000237f6bf1eb0_0;
    %load/vec4 v00000237f6bf2130_0;
    %cmp/s;
    %jmp/0xz T_4.7, 5;
    %wait E_00000237f6b91d40;
    %load/vec4 v00000237f6bf1eb0_0;
    %addi 1, 0, 32;
    %store/vec4 v00000237f6bf1eb0_0, 0, 32;
    %jmp T_4.6;
T_4.7 ;
    %end;
S_00000237f6b80af0 .scope module, "flopenr" "flopenr" 13 26;
 .timescale 0 0;
    .port_info 0 /INPUT 1 "clk";
    .port_info 1 /INPUT 1 "reset";
    .port_info 2 /INPUT 1 "en";
    .port_info 3 /INPUT 8 "d";
    .port_info 4 /OUTPUT 8 "q";
P_00000237f6b92080 .param/l "WIDTH" 0 13 26, +C4<00000000000000000000000000001000>;
o00000237f6bc22a8 .functor BUFZ 1, C4<z>; HiZ drive
v00000237f6bf4320_0 .net "clk", 0 0, o00000237f6bc22a8;  0 drivers
o00000237f6bc22d8 .functor BUFZ 8, C4<zzzzzzzz>; HiZ drive
v00000237f6bf43c0_0 .net "d", 7 0, o00000237f6bc22d8;  0 drivers
o00000237f6bc2308 .functor BUFZ 1, C4<z>; HiZ drive
v00000237f6bf4fa0_0 .net "en", 0 0, o00000237f6bc2308;  0 drivers
v00000237f6bf4460_0 .var "q", 7 0;
o00000237f6bc2368 .functor BUFZ 1, C4<z>; HiZ drive
v00000237f6bf4500_0 .net "reset", 0 0, o00000237f6bc2368;  0 drivers
E_00000237f6b92440 .event posedge, v00000237f6bf4500_0, v00000237f6bf4320_0;
    .scope S_00000237f6b18dc0;
T_5 ;
    %wait E_00000237f6b91840;
    %load/vec4 v00000237f6bb8900_0;
    %dup/vec4;
    %pushi/vec4 3, 0, 7;
    %cmp/u;
    %jmp/1 T_5.0, 6;
    %dup/vec4;
    %pushi/vec4 35, 0, 7;
    %cmp/u;
    %jmp/1 T_5.1, 6;
    %dup/vec4;
    %pushi/vec4 51, 0, 7;
    %cmp/u;
    %jmp/1 T_5.2, 6;
    %dup/vec4;
    %pushi/vec4 99, 0, 7;
    %cmp/u;
    %jmp/1 T_5.3, 6;
    %dup/vec4;
    %pushi/vec4 19, 0, 7;
    %cmp/u;
    %jmp/1 T_5.4, 6;
    %dup/vec4;
    %pushi/vec4 111, 0, 7;
    %cmp/u;
    %jmp/1 T_5.5, 6;
    %dup/vec4;
    %pushi/vec4 55, 0, 7;
    %cmp/u;
    %jmp/1 T_5.6, 6;
    %pushi/vec4 8191, 8191, 13;
    %store/vec4 v00000237f6bb94e0_0, 0, 13;
    %jmp T_5.8;
T_5.0 ;
    %pushi/vec4 4384, 0, 13;
    %store/vec4 v00000237f6bb94e0_0, 0, 13;
    %jmp T_5.8;
T_5.1 ;
    %pushi/vec4 896, 0, 13;
    %store/vec4 v00000237f6bb94e0_0, 0, 13;
    %jmp T_5.8;
T_5.2 ;
    %pushi/vec4 7688, 3584, 13;
    %store/vec4 v00000237f6bb94e0_0, 0, 13;
    %jmp T_5.8;
T_5.3 ;
    %pushi/vec4 1044, 0, 13;
    %store/vec4 v00000237f6bb94e0_0, 0, 13;
    %jmp T_5.8;
T_5.4 ;
    %pushi/vec4 4360, 0, 13;
    %store/vec4 v00000237f6bb94e0_0, 0, 13;
    %jmp T_5.8;
T_5.5 ;
    %pushi/vec4 5698, 0, 13;
    %store/vec4 v00000237f6bb94e0_0, 0, 13;
    %jmp T_5.8;
T_5.6 ;
    %pushi/vec4 6401, 0, 13;
    %store/vec4 v00000237f6bb94e0_0, 0, 13;
    %jmp T_5.8;
T_5.8 ;
    %pop/vec4 1;
    %jmp T_5;
    .thread T_5, $push;
    .scope S_00000237f6b18c30;
T_6 ;
    %wait E_00000237f6b920c0;
    %load/vec4 v00000237f6bba200_0;
    %dup/vec4;
    %pushi/vec4 0, 0, 2;
    %cmp/u;
    %jmp/1 T_6.0, 6;
    %dup/vec4;
    %pushi/vec4 1, 0, 2;
    %cmp/u;
    %jmp/1 T_6.1, 6;
    %load/vec4 v00000237f6bb8860_0;
    %dup/vec4;
    %pushi/vec4 0, 0, 3;
    %cmp/u;
    %jmp/1 T_6.4, 6;
    %dup/vec4;
    %pushi/vec4 1, 0, 3;
    %cmp/u;
    %jmp/1 T_6.5, 6;
    %dup/vec4;
    %pushi/vec4 2, 0, 3;
    %cmp/u;
    %jmp/1 T_6.6, 6;
    %dup/vec4;
    %pushi/vec4 3, 0, 3;
    %cmp/u;
    %jmp/1 T_6.7, 6;
    %dup/vec4;
    %pushi/vec4 4, 0, 3;
    %cmp/u;
    %jmp/1 T_6.8, 6;
    %dup/vec4;
    %pushi/vec4 5, 0, 3;
    %cmp/u;
    %jmp/1 T_6.9, 6;
    %dup/vec4;
    %pushi/vec4 6, 0, 3;
    %cmp/u;
    %jmp/1 T_6.10, 6;
    %dup/vec4;
    %pushi/vec4 7, 0, 3;
    %cmp/u;
    %jmp/1 T_6.11, 6;
    %pushi/vec4 15, 15, 4;
    %store/vec4 v00000237f6b740a0_0, 0, 4;
    %jmp T_6.13;
T_6.4 ;
    %load/vec4 v00000237f6bb9440_0;
    %load/vec4 v00000237f6bb87c0_0;
    %and;
    %flag_set/vec4 8;
    %jmp/0xz  T_6.14, 8;
    %pushi/vec4 1, 0, 4;
    %store/vec4 v00000237f6b740a0_0, 0, 4;
    %jmp T_6.15;
T_6.14 ;
    %pushi/vec4 0, 0, 4;
    %store/vec4 v00000237f6b740a0_0, 0, 4;
T_6.15 ;
    %jmp T_6.13;
T_6.5 ;
    %pushi/vec4 10, 0, 4;
    %store/vec4 v00000237f6b740a0_0, 0, 4;
    %jmp T_6.13;
T_6.6 ;
    %pushi/vec4 5, 0, 4;
    %store/vec4 v00000237f6b740a0_0, 0, 4;
    %jmp T_6.13;
T_6.7 ;
    %pushi/vec4 11, 0, 4;
    %store/vec4 v00000237f6b740a0_0, 0, 4;
    %jmp T_6.13;
T_6.8 ;
    %pushi/vec4 7, 0, 4;
    %store/vec4 v00000237f6b740a0_0, 0, 4;
    %jmp T_6.13;
T_6.9 ;
    %load/vec4 v00000237f6bb9440_0;
    %flag_set/vec4 8;
    %jmp/0xz  T_6.16, 8;
    %pushi/vec4 8, 0, 4;
    %store/vec4 v00000237f6b740a0_0, 0, 4;
    %jmp T_6.17;
T_6.16 ;
    %pushi/vec4 9, 0, 4;
    %store/vec4 v00000237f6b740a0_0, 0, 4;
T_6.17 ;
    %jmp T_6.13;
T_6.10 ;
    %pushi/vec4 3, 0, 4;
    %store/vec4 v00000237f6b740a0_0, 0, 4;
    %jmp T_6.13;
T_6.11 ;
    %pushi/vec4 2, 0, 4;
    %store/vec4 v00000237f6b740a0_0, 0, 4;
    %jmp T_6.13;
T_6.13 ;
    %pop/vec4 1;
    %jmp T_6.3;
T_6.0 ;
    %pushi/vec4 0, 0, 4;
    %store/vec4 v00000237f6b740a0_0, 0, 4;
    %jmp T_6.3;
T_6.1 ;
    %pushi/vec4 1, 0, 4;
    %store/vec4 v00000237f6b740a0_0, 0, 4;
    %jmp T_6.3;
T_6.3 ;
    %pop/vec4 1;
    %jmp T_6;
    .thread T_6, $push;
    .scope S_00000237f6bf0270;
T_7 ;
    %wait E_00000237f6b92100;
    %load/vec4 v00000237f6bbb590_0;
    %flag_set/vec4 8;
    %jmp/0xz  T_7.0, 8;
    %pushi/vec4 0, 0, 32;
    %assign/vec4 v00000237f6bbb950_0, 0;
    %jmp T_7.1;
T_7.0 ;
    %load/vec4 v00000237f6bbaeb0_0;
    %assign/vec4 v00000237f6bbb950_0, 0;
T_7.1 ;
    %jmp T_7;
    .thread T_7;
    .scope S_00000237f6bf08b0;
T_8 ;
    %wait E_00000237f6b91d40;
    %load/vec4 v00000237f6bbb6d0_0;
    %flag_set/vec4 8;
    %jmp/0xz  T_8.0, 8;
    %load/vec4 v00000237f6bbaaf0_0;
    %load/vec4 v00000237f6bbbdb0_0;
    %pad/u 7;
    %ix/vec4 3;
    %ix/load 4, 0, 0; Constant delay
    %assign/vec4/a/d v00000237f6bbaa50, 0, 4;
T_8.0 ;
    %jmp T_8;
    .thread T_8;
    .scope S_00000237f6b0b3e0;
T_9 ;
    %wait E_00000237f6b91c80;
    %load/vec4 v00000237f6bb9580_0;
    %dup/vec4;
    %pushi/vec4 0, 0, 3;
    %cmp/u;
    %jmp/1 T_9.0, 6;
    %dup/vec4;
    %pushi/vec4 1, 0, 3;
    %cmp/u;
    %jmp/1 T_9.1, 6;
    %dup/vec4;
    %pushi/vec4 2, 0, 3;
    %cmp/u;
    %jmp/1 T_9.2, 6;
    %dup/vec4;
    %pushi/vec4 3, 0, 3;
    %cmp/u;
    %jmp/1 T_9.3, 6;
    %dup/vec4;
    %pushi/vec4 4, 0, 3;
    %cmp/u;
    %jmp/1 T_9.4, 6;
    %pushi/vec4 4294967295, 4294967295, 32;
    %store/vec4 v00000237f6bb8b80_0, 0, 32;
    %jmp T_9.6;
T_9.0 ;
    %load/vec4 v00000237f6bb8c20_0;
    %parti/s 1, 24, 6;
    %replicate 20;
    %load/vec4 v00000237f6bb8c20_0;
    %parti/s 12, 13, 5;
    %concat/vec4; draw_concat_vec4
    %store/vec4 v00000237f6bb8b80_0, 0, 32;
    %jmp T_9.6;
T_9.1 ;
    %load/vec4 v00000237f6bb8c20_0;
    %parti/s 1, 24, 6;
    %replicate 20;
    %load/vec4 v00000237f6bb8c20_0;
    %parti/s 7, 18, 6;
    %concat/vec4; draw_concat_vec4
    %load/vec4 v00000237f6bb8c20_0;
    %parti/s 5, 0, 2;
    %concat/vec4; draw_concat_vec4
    %store/vec4 v00000237f6bb8b80_0, 0, 32;
    %jmp T_9.6;
T_9.2 ;
    %load/vec4 v00000237f6bb8c20_0;
    %parti/s 1, 24, 6;
    %replicate 20;
    %load/vec4 v00000237f6bb8c20_0;
    %parti/s 1, 0, 2;
    %concat/vec4; draw_concat_vec4
    %load/vec4 v00000237f6bb8c20_0;
    %parti/s 6, 18, 6;
    %concat/vec4; draw_concat_vec4
    %load/vec4 v00000237f6bb8c20_0;
    %parti/s 4, 1, 2;
    %concat/vec4; draw_concat_vec4
    %concati/vec4 0, 0, 1;
    %store/vec4 v00000237f6bb8b80_0, 0, 32;
    %jmp T_9.6;
T_9.3 ;
    %load/vec4 v00000237f6bb8c20_0;
    %parti/s 1, 24, 6;
    %replicate 12;
    %load/vec4 v00000237f6bb8c20_0;
    %parti/s 8, 5, 4;
    %concat/vec4; draw_concat_vec4
    %load/vec4 v00000237f6bb8c20_0;
    %parti/s 1, 13, 5;
    %concat/vec4; draw_concat_vec4
    %load/vec4 v00000237f6bb8c20_0;
    %parti/s 10, 14, 5;
    %concat/vec4; draw_concat_vec4
    %concati/vec4 0, 0, 1;
    %store/vec4 v00000237f6bb8b80_0, 0, 32;
    %jmp T_9.6;
T_9.4 ;
    %load/vec4 v00000237f6bb8c20_0;
    %parti/s 20, 5, 4;
    %concati/vec4 0, 0, 12;
    %store/vec4 v00000237f6bb8b80_0, 0, 32;
    %jmp T_9.6;
T_9.6 ;
    %pop/vec4 1;
    %jmp T_9;
    .thread T_9, $push;
    .scope S_00000237f6b0b250;
T_10 ;
    %wait E_00000237f6b923c0;
    %load/vec4 v00000237f6bb99e0_0;
    %dup/vec4;
    %pushi/vec4 0, 0, 4;
    %cmp/u;
    %jmp/1 T_10.0, 6;
    %dup/vec4;
    %pushi/vec4 1, 0, 4;
    %cmp/u;
    %jmp/1 T_10.1, 6;
    %dup/vec4;
    %pushi/vec4 2, 0, 4;
    %cmp/u;
    %jmp/1 T_10.2, 6;
    %dup/vec4;
    %pushi/vec4 3, 0, 4;
    %cmp/u;
    %jmp/1 T_10.3, 6;
    %dup/vec4;
    %pushi/vec4 5, 0, 4;
    %cmp/u;
    %jmp/1 T_10.4, 6;
    %dup/vec4;
    %pushi/vec4 7, 0, 4;
    %cmp/u;
    %jmp/1 T_10.5, 6;
    %dup/vec4;
    %pushi/vec4 8, 0, 4;
    %cmp/u;
    %jmp/1 T_10.6, 6;
    %dup/vec4;
    %pushi/vec4 9, 0, 4;
    %cmp/u;
    %jmp/1 T_10.7, 6;
    %dup/vec4;
    %pushi/vec4 10, 0, 4;
    %cmp/u;
    %jmp/1 T_10.8, 6;
    %dup/vec4;
    %pushi/vec4 11, 0, 4;
    %cmp/u;
    %jmp/1 T_10.9, 6;
    %pushi/vec4 4294967295, 4294967295, 32;
    %store/vec4 v00000237f6bb8a40_0, 0, 32;
    %jmp T_10.11;
T_10.0 ;
    %load/vec4 v00000237f6bb96c0_0;
    %load/vec4 v00000237f6bb9a80_0;
    %add;
    %store/vec4 v00000237f6bb8a40_0, 0, 32;
    %jmp T_10.11;
T_10.1 ;
    %load/vec4 v00000237f6bb96c0_0;
    %load/vec4 v00000237f6bb9a80_0;
    %sub;
    %store/vec4 v00000237f6bb8a40_0, 0, 32;
    %jmp T_10.11;
T_10.2 ;
    %load/vec4 v00000237f6bb96c0_0;
    %load/vec4 v00000237f6bb9a80_0;
    %and;
    %store/vec4 v00000237f6bb8a40_0, 0, 32;
    %jmp T_10.11;
T_10.3 ;
    %load/vec4 v00000237f6bb96c0_0;
    %load/vec4 v00000237f6bb9a80_0;
    %or;
    %store/vec4 v00000237f6bb8a40_0, 0, 32;
    %jmp T_10.11;
T_10.4 ;
    %load/vec4 v00000237f6bb96c0_0;
    %load/vec4 v00000237f6bb9a80_0;
    %cmp/s;
    %flag_mov 8, 5;
    %jmp/0 T_10.12, 8;
    %pushi/vec4 1, 0, 32;
    %jmp/1 T_10.13, 8;
T_10.12 ; End of true expr.
    %pushi/vec4 0, 0, 32;
    %jmp/0 T_10.13, 8;
 ; End of false expr.
    %blend;
T_10.13;
    %store/vec4 v00000237f6bb8a40_0, 0, 32;
    %jmp T_10.11;
T_10.5 ;
    %load/vec4 v00000237f6bb96c0_0;
    %load/vec4 v00000237f6bb9a80_0;
    %xor;
    %store/vec4 v00000237f6bb8a40_0, 0, 32;
    %jmp T_10.11;
T_10.6 ;
    %load/vec4 v00000237f6bb96c0_0;
    %load/vec4 v00000237f6bb9a80_0;
    %parti/s 5, 0, 2;
    %ix/vec4 4;
    %shiftr 4;
    %store/vec4 v00000237f6bb8a40_0, 0, 32;
    %jmp T_10.11;
T_10.7 ;
    %load/vec4 v00000237f6bb96c0_0;
    %load/vec4 v00000237f6bb9a80_0;
    %parti/s 5, 0, 2;
    %ix/vec4 4;
    %shiftr 4;
    %store/vec4 v00000237f6bb8a40_0, 0, 32;
    %jmp T_10.11;
T_10.8 ;
    %load/vec4 v00000237f6bb96c0_0;
    %load/vec4 v00000237f6bb9a80_0;
    %parti/s 5, 0, 2;
    %ix/vec4 4;
    %shiftl 4;
    %store/vec4 v00000237f6bb8a40_0, 0, 32;
    %jmp T_10.11;
T_10.9 ;
    %load/vec4 v00000237f6bb96c0_0;
    %load/vec4 v00000237f6bb9a80_0;
    %cmp/u;
    %flag_mov 8, 5;
    %jmp/0 T_10.14, 8;
    %pushi/vec4 1, 0, 32;
    %jmp/1 T_10.15, 8;
T_10.14 ; End of true expr.
    %pushi/vec4 0, 0, 32;
    %jmp/0 T_10.15, 8;
 ; End of false expr.
    %blend;
T_10.15;
    %store/vec4 v00000237f6bb8a40_0, 0, 32;
    %jmp T_10.11;
T_10.11 ;
    %pop/vec4 1;
    %load/vec4 v00000237f6bb8a40_0;
    %cmpi/e 0, 0, 32;
    %flag_mov 8, 4;
    %jmp/0 T_10.16, 8;
    %pushi/vec4 1, 0, 1;
    %jmp/1 T_10.17, 8;
T_10.16 ; End of true expr.
    %pushi/vec4 0, 0, 1;
    %jmp/0 T_10.17, 8;
 ; End of false expr.
    %blend;
T_10.17;
    %store/vec4 v00000237f6bb8ae0_0, 0, 1;
    %jmp T_10;
    .thread T_10, $push;
    .scope S_00000237f6b3d3d0;
T_11 ;
    %wait E_00000237f6b91d40;
    %load/vec4 v00000237f6b73740_0;
    %flag_set/vec4 8;
    %jmp/0xz  T_11.0, 8;
    %load/vec4 v00000237f6b736a0_0;
    %load/vec4 v00000237f6b72ac0_0;
    %parti/s 30, 2, 3;
    %ix/vec4 3;
    %ix/load 4, 0, 0; Constant delay
    %assign/vec4/a/d v00000237f6b72a20, 0, 4;
T_11.0 ;
    %jmp T_11;
    .thread T_11;
    .scope S_00000237f6b64670;
T_12 ;
    %pushi/vec4 1, 0, 1;
    %store/vec4 v00000237f6bf2a90_0, 0, 1;
    %delay 5, 0;
    %pushi/vec4 0, 0, 1;
    %store/vec4 v00000237f6bf2a90_0, 0, 1;
    %delay 5, 0;
    %jmp T_12;
    .thread T_12;
    .scope S_00000237f6b64670;
T_13 ;
    %vpi_call 2 108 "$dumpfile", "comprehensive_tb.vcd" {0 0 0};
    %vpi_call 2 109 "$dumpvars", 32'sb00000000000000000000000000000000, S_00000237f6b64670 {0 0 0};
    %vpi_call 2 112 "$readmemh", "comprehensive_test.hex", v00000237f6b73880 {0 0 0};
    %fork TD_comprehensive_tb.init_test, S_00000237f6bf00e0;
    %join;
    %vpi_call 2 116 "$display", "\012========================================" {0 0 0};
    %vpi_call 2 117 "$display", "RISC-V ISA COMPREHENSIVE TEST" {0 0 0};
    %vpi_call 2 118 "$display", "========================================\012" {0 0 0};
    %pushi/vec4 1, 0, 32;
    %store/vec4 v00000237f6bf2130_0, 0, 32;
    %fork TD_comprehensive_tb.wait_cycles, S_00000237f6bf0400;
    %join;
    %pushi/vec4 10, 0, 5;
    %store/vec4 v00000237f6b73100_0, 0, 5;
    %pushi/vec4 305418240, 0, 32;
    %store/vec4 v00000237f6b72980_0, 0, 32;
    %pushi/vec4 0, 0, 32; draw_string_vec4
    %pushi/vec4 0, 0, 32; draw_string_vec4
    %concat/vec4; draw_string_vec4
    %pushi/vec4 76, 0, 32; draw_string_vec4
    %concat/vec4; draw_string_vec4
    %pushi/vec4 1430862368, 0, 32; draw_string_vec4
    %concat/vec4; draw_string_vec4
    %pushi/vec4 2016489504, 0, 32; draw_string_vec4
    %concat/vec4; draw_string_vec4
    %pushi/vec4 1025519736, 0, 32; draw_string_vec4
    %concat/vec4; draw_string_vec4
    %pushi/vec4 825373492, 0, 32; draw_string_vec4
    %concat/vec4; draw_string_vec4
    %pushi/vec4 892350512, 0, 32; draw_string_vec4
    %concat/vec4; draw_string_vec4
    %store/vec4 v00000237f6b73b00_0, 0, 256;
    %fork TD_comprehensive_tb.check_register, S_00000237f6b3d0b0;
    %join;
    %pushi/vec4 1, 0, 32;
    %store/vec4 v00000237f6bf2130_0, 0, 32;
    %fork TD_comprehensive_tb.wait_cycles, S_00000237f6bf0400;
    %join;
    %pushi/vec4 2, 0, 5;
    %store/vec4 v00000237f6b73100_0, 0, 5;
    %pushi/vec4 5, 0, 32;
    %store/vec4 v00000237f6b72980_0, 0, 32;
    %pushi/vec4 0, 0, 32; draw_string_vec4
    %pushi/vec4 0, 0, 32; draw_string_vec4
    %concat/vec4; draw_string_vec4
    %pushi/vec4 0, 0, 32; draw_string_vec4
    %concat/vec4; draw_string_vec4
    %pushi/vec4 65, 0, 32; draw_string_vec4
    %concat/vec4; draw_string_vec4
    %pushi/vec4 1145325882, 0, 32; draw_string_vec4
    %concat/vec4; draw_string_vec4
    %pushi/vec4 544748064, 0, 32; draw_string_vec4
    %concat/vec4; draw_string_vec4
    %pushi/vec4 1025538096, 0, 32; draw_string_vec4
    %concat/vec4; draw_string_vec4
    %pushi/vec4 539697205, 0, 32; draw_string_vec4
    %concat/vec4; draw_string_vec4
    %store/vec4 v00000237f6b73b00_0, 0, 256;
    %fork TD_comprehensive_tb.check_register, S_00000237f6b3d0b0;
    %join;
    %pushi/vec4 1, 0, 32;
    %store/vec4 v00000237f6bf2130_0, 0, 32;
    %fork TD_comprehensive_tb.wait_cycles, S_00000237f6bf0400;
    %join;
    %pushi/vec4 3, 0, 5;
    %store/vec4 v00000237f6b73100_0, 0, 5;
    %pushi/vec4 12, 0, 32;
    %store/vec4 v00000237f6b72980_0, 0, 32;
    %pushi/vec4 0, 0, 32; draw_string_vec4
    %pushi/vec4 0, 0, 32; draw_string_vec4
    %concat/vec4; draw_string_vec4
    %pushi/vec4 0, 0, 32; draw_string_vec4
    %concat/vec4; draw_string_vec4
    %pushi/vec4 16708, 0, 32; draw_string_vec4
    %concat/vec4; draw_string_vec4
    %pushi/vec4 1145649696, 0, 32; draw_string_vec4
    %concat/vec4; draw_string_vec4
    %pushi/vec4 2016616509, 0, 32; draw_string_vec4
    %concat/vec4; draw_string_vec4
    %pushi/vec4 544747552, 0, 32; draw_string_vec4
    %concat/vec4; draw_string_vec4
    %pushi/vec4 723530034, 0, 32; draw_string_vec4
    %concat/vec4; draw_string_vec4
    %store/vec4 v00000237f6b73b00_0, 0, 256;
    %fork TD_comprehensive_tb.check_register, S_00000237f6b3d0b0;
    %join;
    %pushi/vec4 1, 0, 32;
    %store/vec4 v00000237f6bf2130_0, 0, 32;
    %fork TD_comprehensive_tb.wait_cycles, S_00000237f6bf0400;
    %join;
    %pushi/vec4 7, 0, 5;
    %store/vec4 v00000237f6b73100_0, 0, 5;
    %pushi/vec4 3, 0, 32;
    %store/vec4 v00000237f6b72980_0, 0, 32;
    %pushi/vec4 0, 0, 32; draw_string_vec4
    %pushi/vec4 0, 0, 32; draw_string_vec4
    %concat/vec4; draw_string_vec4
    %pushi/vec4 0, 0, 32; draw_string_vec4
    %concat/vec4; draw_string_vec4
    %pushi/vec4 1094992969, 0, 32; draw_string_vec4
    %concat/vec4; draw_string_vec4
    %pushi/vec4 975206455, 0, 32; draw_string_vec4
    %concat/vec4; draw_string_vec4
    %pushi/vec4 540876920, 0, 32; draw_string_vec4
    %concat/vec4; draw_string_vec4
    %pushi/vec4 857746208, 0, 32; draw_string_vec4
    %concat/vec4; draw_string_vec4
    %pushi/vec4 674052393, 0, 32; draw_string_vec4
    %concat/vec4; draw_string_vec4
    %store/vec4 v00000237f6b73b00_0, 0, 256;
    %fork TD_comprehensive_tb.check_register, S_00000237f6b3d0b0;
    %join;
    %pushi/vec4 1, 0, 32;
    %store/vec4 v00000237f6bf2130_0, 0, 32;
    %fork TD_comprehensive_tb.wait_cycles, S_00000237f6bf0400;
    %join;
    %pushi/vec4 4, 0, 5;
    %store/vec4 v00000237f6b73100_0, 0, 5;
    %pushi/vec4 7, 0, 32;
    %store/vec4 v00000237f6b72980_0, 0, 32;
    %pushi/vec4 0, 0, 32; draw_string_vec4
    %pushi/vec4 0, 0, 32; draw_string_vec4
    %concat/vec4; draw_string_vec4
    %pushi/vec4 0, 0, 32; draw_string_vec4
    %concat/vec4; draw_string_vec4
    %pushi/vec4 0, 0, 32; draw_string_vec4
    %concat/vec4; draw_string_vec4
    %pushi/vec4 1330788896, 0, 32; draw_string_vec4
    %concat/vec4; draw_string_vec4
    %pushi/vec4 2016682045, 0, 32; draw_string_vec4
    %concat/vec4; draw_string_vec4
    %pushi/vec4 544749344, 0, 32; draw_string_vec4
    %concat/vec4; draw_string_vec4
    %pushi/vec4 2082502706, 0, 32; draw_string_vec4
    %concat/vec4; draw_string_vec4
    %store/vec4 v00000237f6b73b00_0, 0, 256;
    %fork TD_comprehensive_tb.check_register, S_00000237f6b3d0b0;
    %join;
    %pushi/vec4 1, 0, 32;
    %store/vec4 v00000237f6bf2130_0, 0, 32;
    %fork TD_comprehensive_tb.wait_cycles, S_00000237f6bf0400;
    %join;
    %pushi/vec4 5, 0, 5;
    %store/vec4 v00000237f6b73100_0, 0, 5;
    %pushi/vec4 4, 0, 32;
    %store/vec4 v00000237f6b72980_0, 0, 32;
    %pushi/vec4 0, 0, 32; draw_string_vec4
    %pushi/vec4 0, 0, 32; draw_string_vec4
    %concat/vec4; draw_string_vec4
    %pushi/vec4 0, 0, 32; draw_string_vec4
    %concat/vec4; draw_string_vec4
    %pushi/vec4 65, 0, 32; draw_string_vec4
    %concat/vec4; draw_string_vec4
    %pushi/vec4 1313094176, 0, 32; draw_string_vec4
    %concat/vec4; draw_string_vec4
    %pushi/vec4 2016747581, 0, 32; draw_string_vec4
    %concat/vec4; draw_string_vec4
    %pushi/vec4 544748320, 0, 32; draw_string_vec4
    %concat/vec4; draw_string_vec4
    %pushi/vec4 639662132, 0, 32; draw_string_vec4
    %concat/vec4; draw_string_vec4
    %store/vec4 v00000237f6b73b00_0, 0, 256;
    %fork TD_comprehensive_tb.check_register, S_00000237f6b3d0b0;
    %join;
    %pushi/vec4 1, 0, 32;
    %store/vec4 v00000237f6bf2130_0, 0, 32;
    %fork TD_comprehensive_tb.wait_cycles, S_00000237f6bf0400;
    %join;
    %pushi/vec4 5, 0, 5;
    %store/vec4 v00000237f6b73100_0, 0, 5;
    %pushi/vec4 11, 0, 32;
    %store/vec4 v00000237f6b72980_0, 0, 32;
    %pushi/vec4 0, 0, 32; draw_string_vec4
    %pushi/vec4 0, 0, 32; draw_string_vec4
    %concat/vec4; draw_string_vec4
    %pushi/vec4 0, 0, 32; draw_string_vec4
    %concat/vec4; draw_string_vec4
    %pushi/vec4 65, 0, 32; draw_string_vec4
    %concat/vec4; draw_string_vec4
    %pushi/vec4 1145322016, 0, 32; draw_string_vec4
    %concat/vec4; draw_string_vec4
    %pushi/vec4 2016747581, 0, 32; draw_string_vec4
    %concat/vec4; draw_string_vec4
    %pushi/vec4 544748832, 0, 32; draw_string_vec4
    %concat/vec4; draw_string_vec4
    %pushi/vec4 723548212, 0, 32; draw_string_vec4
    %concat/vec4; draw_string_vec4
    %store/vec4 v00000237f6b73b00_0, 0, 256;
    %fork TD_comprehensive_tb.check_register, S_00000237f6b3d0b0;
    %join;
    %pushi/vec4 1, 0, 32;
    %store/vec4 v00000237f6bf2130_0, 0, 32;
    %fork TD_comprehensive_tb.wait_cycles, S_00000237f6bf0400;
    %join;
    %pushi/vec4 6, 0, 5;
    %store/vec4 v00000237f6b73100_0, 0, 5;
    %pushi/vec4 10, 0, 32;
    %store/vec4 v00000237f6b72980_0, 0, 32;
    %pushi/vec4 0, 0, 32; draw_string_vec4
    %pushi/vec4 16708, 0, 32; draw_string_vec4
    %concat/vec4; draw_string_vec4
    %pushi/vec4 1145649696, 0, 32; draw_string_vec4
    %concat/vec4; draw_string_vec4
    %pushi/vec4 2016813117, 0, 32; draw_string_vec4
    %concat/vec4; draw_string_vec4
    %pushi/vec4 540094496, 0, 32; draw_string_vec4
    %concat/vec4; draw_string_vec4
    %pushi/vec4 677537126, 0, 32; draw_string_vec4
    %concat/vec4; draw_string_vec4
    %pushi/vec4 1869767968, 0, 32; draw_string_vec4
    %concat/vec4; draw_string_vec4
    %pushi/vec4 1111839017, 0, 32; draw_string_vec4
    %concat/vec4; draw_string_vec4
    %store/vec4 v00000237f6b73b00_0, 0, 256;
    %fork TD_comprehensive_tb.check_register, S_00000237f6b3d0b0;
    %join;
    %pushi/vec4 1, 0, 32;
    %store/vec4 v00000237f6bf2130_0, 0, 32;
    %fork TD_comprehensive_tb.wait_cycles, S_00000237f6bf0400;
    %join;
    %pushi/vec4 1, 0, 32;
    %store/vec4 v00000237f6bf2130_0, 0, 32;
    %fork TD_comprehensive_tb.wait_cycles, S_00000237f6bf0400;
    %join;
    %pushi/vec4 6, 0, 5;
    %store/vec4 v00000237f6b73100_0, 0, 5;
    %pushi/vec4 20, 0, 32;
    %store/vec4 v00000237f6b72980_0, 0, 32;
    %pushi/vec4 0, 0, 32; draw_string_vec4
    %pushi/vec4 0, 0, 32; draw_string_vec4
    %concat/vec4; draw_string_vec4
    %pushi/vec4 16965, 0, 32; draw_string_vec4
    %concat/vec4; draw_string_vec4
    %pushi/vec4 1361071695, 0, 32; draw_string_vec4
    %concat/vec4; draw_string_vec4
    %pushi/vec4 1411404865, 0, 32; draw_string_vec4
    %concat/vec4; draw_string_vec4
    %pushi/vec4 1262833210, 0, 32; draw_string_vec4
    %concat/vec4; draw_string_vec4
    %pushi/vec4 544749088, 0, 32; draw_string_vec4
    %concat/vec4; draw_string_vec4
    %pushi/vec4 1025520176, 0, 32; draw_string_vec4
    %concat/vec4; draw_string_vec4
    %store/vec4 v00000237f6b73b00_0, 0, 256;
    %fork TD_comprehensive_tb.check_register, S_00000237f6b3d0b0;
    %join;
    %pushi/vec4 1, 0, 32;
    %store/vec4 v00000237f6bf2130_0, 0, 32;
    %fork TD_comprehensive_tb.wait_cycles, S_00000237f6bf0400;
    %join;
    %pushi/vec4 4, 0, 5;
    %store/vec4 v00000237f6b73100_0, 0, 5;
    %pushi/vec4 0, 0, 32;
    %store/vec4 v00000237f6b72980_0, 0, 32;
    %pushi/vec4 0, 0, 32; draw_string_vec4
    %pushi/vec4 0, 0, 32; draw_string_vec4
    %concat/vec4; draw_string_vec4
    %pushi/vec4 0, 0, 32; draw_string_vec4
    %concat/vec4; draw_string_vec4
    %pushi/vec4 5459028, 0, 32; draw_string_vec4
    %concat/vec4; draw_string_vec4
    %pushi/vec4 975206452, 0, 32; draw_string_vec4
    %concat/vec4; draw_string_vec4
    %pushi/vec4 540876840, 0, 32; draw_string_vec4
    %concat/vec4; draw_string_vec4
    %pushi/vec4 2016616508, 0, 32; draw_string_vec4
    %concat/vec4; draw_string_vec4
    %pushi/vec4 544748585, 0, 32; draw_string_vec4
    %concat/vec4; draw_string_vec4
    %store/vec4 v00000237f6b73b00_0, 0, 256;
    %fork TD_comprehensive_tb.check_register, S_00000237f6b3d0b0;
    %join;
    %pushi/vec4 1, 0, 32;
    %store/vec4 v00000237f6bf2130_0, 0, 32;
    %fork TD_comprehensive_tb.wait_cycles, S_00000237f6bf0400;
    %join;
    %pushi/vec4 17, 0, 5;
    %store/vec4 v00000237f6b73100_0, 0, 5;
    %pushi/vec4 10, 0, 32;
    %store/vec4 v00000237f6b72980_0, 0, 32;
    %pushi/vec4 0, 0, 32; draw_string_vec4
    %pushi/vec4 4277316, 0, 32; draw_string_vec4
    %concat/vec4; draw_string_vec4
    %pushi/vec4 1228546168, 0, 32; draw_string_vec4
    %concat/vec4; draw_string_vec4
    %pushi/vec4 825696317, 0, 32; draw_string_vec4
    %concat/vec4; draw_string_vec4
    %pushi/vec4 540094496, 0, 32; draw_string_vec4
    %concat/vec4; draw_string_vec4
    %pushi/vec4 677537126, 0, 32; draw_string_vec4
    %concat/vec4; draw_string_vec4
    %pushi/vec4 1869767968, 0, 32; draw_string_vec4
    %concat/vec4; draw_string_vec4
    %pushi/vec4 1111839017, 0, 32; draw_string_vec4
    %concat/vec4; draw_string_vec4
    %store/vec4 v00000237f6b73b00_0, 0, 256;
    %fork TD_comprehensive_tb.check_register, S_00000237f6b3d0b0;
    %join;
    %pushi/vec4 1, 0, 32;
    %store/vec4 v00000237f6bf2130_0, 0, 32;
    %fork TD_comprehensive_tb.wait_cycles, S_00000237f6bf0400;
    %join;
    %pushi/vec4 1, 0, 32;
    %store/vec4 v00000237f6bf2130_0, 0, 32;
    %fork TD_comprehensive_tb.wait_cycles, S_00000237f6bf0400;
    %join;
    %pushi/vec4 17, 0, 5;
    %store/vec4 v00000237f6b73100_0, 0, 5;
    %pushi/vec4 10, 0, 32;
    %store/vec4 v00000237f6b72980_0, 0, 32;
    %pushi/vec4 0, 0, 32; draw_string_vec4
    %pushi/vec4 0, 0, 32; draw_string_vec4
    %concat/vec4; draw_string_vec4
    %pushi/vec4 4343121, 0, 32; draw_string_vec4
    %concat/vec4; draw_string_vec4
    %pushi/vec4 542392651, 0, 32; draw_string_vec4
    %concat/vec4; draw_string_vec4
    %pushi/vec4 1162754592, 0, 32; draw_string_vec4
    %concat/vec4; draw_string_vec4
    %pushi/vec4 2016491296, 0, 32; draw_string_vec4
    %concat/vec4; draw_string_vec4
    %pushi/vec4 1937009004, 0, 32; draw_string_vec4
    %concat/vec4; draw_string_vec4
    %pushi/vec4 1814049072, 0, 32; draw_string_vec4
    %concat/vec4; draw_string_vec4
    %store/vec4 v00000237f6b73b00_0, 0, 256;
    %fork TD_comprehensive_tb.check_register, S_00000237f6b3d0b0;
    %join;
    %pushi/vec4 1, 0, 32;
    %store/vec4 v00000237f6bf2130_0, 0, 32;
    %fork TD_comprehensive_tb.wait_cycles, S_00000237f6bf0400;
    %join;
    %pushi/vec4 4, 0, 5;
    %store/vec4 v00000237f6b73100_0, 0, 5;
    %pushi/vec4 1, 0, 32;
    %store/vec4 v00000237f6b72980_0, 0, 32;
    %pushi/vec4 0, 0, 32; draw_string_vec4
    %pushi/vec4 0, 0, 32; draw_string_vec4
    %concat/vec4; draw_string_vec4
    %pushi/vec4 0, 0, 32; draw_string_vec4
    %concat/vec4; draw_string_vec4
    %pushi/vec4 5459028, 0, 32; draw_string_vec4
    %concat/vec4; draw_string_vec4
    %pushi/vec4 975206452, 0, 32; draw_string_vec4
    %concat/vec4; draw_string_vec4
    %pushi/vec4 540876840, 0, 32; draw_string_vec4
    %concat/vec4; draw_string_vec4
    %pushi/vec4 2016878652, 0, 32; draw_string_vec4
    %concat/vec4; draw_string_vec4
    %pushi/vec4 544748073, 0, 32; draw_string_vec4
    %concat/vec4; draw_string_vec4
    %store/vec4 v00000237f6b73b00_0, 0, 256;
    %fork TD_comprehensive_tb.check_register, S_00000237f6b3d0b0;
    %join;
    %pushi/vec4 1, 0, 32;
    %store/vec4 v00000237f6bf2130_0, 0, 32;
    %fork TD_comprehensive_tb.wait_cycles, S_00000237f6bf0400;
    %join;
    %pushi/vec4 1, 0, 32;
    %store/vec4 v00000237f6bf2130_0, 0, 32;
    %fork TD_comprehensive_tb.wait_cycles, S_00000237f6bf0400;
    %join;
    %pushi/vec4 7, 0, 5;
    %store/vec4 v00000237f6b73100_0, 0, 5;
    %pushi/vec4 7, 0, 32;
    %store/vec4 v00000237f6b72980_0, 0, 32;
    %pushi/vec4 0, 0, 32; draw_string_vec4
    %pushi/vec4 21333, 0, 32; draw_string_vec4
    %concat/vec4; draw_string_vec4
    %pushi/vec4 1111105656, 0, 32; draw_string_vec4
    %concat/vec4; draw_string_vec4
    %pushi/vec4 924859680, 0, 32; draw_string_vec4
    %concat/vec4; draw_string_vec4
    %pushi/vec4 2016878637, 0, 32; draw_string_vec4
    %concat/vec4; draw_string_vec4
    %pushi/vec4 544748064, 0, 32; draw_string_vec4
    %concat/vec4; draw_string_vec4
    %pushi/vec4 674312749, 0, 32; draw_string_vec4
    %concat/vec4; draw_string_vec4
    %pushi/vec4 893204265, 0, 32; draw_string_vec4
    %concat/vec4; draw_string_vec4
    %store/vec4 v00000237f6b73b00_0, 0, 256;
    %fork TD_comprehensive_tb.check_register, S_00000237f6b3d0b0;
    %join;
    %pushi/vec4 1, 0, 32;
    %store/vec4 v00000237f6bf2130_0, 0, 32;
    %fork TD_comprehensive_tb.wait_cycles, S_00000237f6bf0400;
    %join;
    %pushi/vec4 96, 0, 32;
    %store/vec4 v00000237f6b72840_0, 0, 32;
    %pushi/vec4 7, 0, 32;
    %store/vec4 v00000237f6b728e0_0, 0, 32;
    %pushi/vec4 0, 0, 32; draw_string_vec4
    %pushi/vec4 0, 0, 32; draw_string_vec4
    %concat/vec4; draw_string_vec4
    %pushi/vec4 5461818, 0, 32; draw_string_vec4
    %concat/vec4; draw_string_vec4
    %pushi/vec4 542340207, 0, 32; draw_string_vec4
    %concat/vec4; draw_string_vec4
    %pushi/vec4 1919230072, 0, 32; draw_string_vec4
    %concat/vec4; draw_string_vec4
    %pushi/vec4 924873839, 0, 32; draw_string_vec4
    %concat/vec4; draw_string_vec4
    %pushi/vec4 544040301, 0, 32; draw_string_vec4
    %concat/vec4; draw_string_vec4
    %pushi/vec4 1530476125, 0, 32; draw_string_vec4
    %concat/vec4; draw_string_vec4
    %store/vec4 v00000237f6b72d40_0, 0, 256;
    %fork TD_comprehensive_tb.check_memory, S_00000237f6b81010;
    %join;
    %pushi/vec4 1, 0, 32;
    %store/vec4 v00000237f6bf2130_0, 0, 32;
    %fork TD_comprehensive_tb.wait_cycles, S_00000237f6bf0400;
    %join;
    %pushi/vec4 2, 0, 5;
    %store/vec4 v00000237f6b73100_0, 0, 5;
    %pushi/vec4 7, 0, 32;
    %store/vec4 v00000237f6b72980_0, 0, 32;
    %pushi/vec4 0, 0, 32; draw_string_vec4
    %pushi/vec4 0, 0, 32; draw_string_vec4
    %concat/vec4; draw_string_vec4
    %pushi/vec4 19543, 0, 32; draw_string_vec4
    %concat/vec4; draw_string_vec4
    %pushi/vec4 975195247, 0, 32; draw_string_vec4
    %concat/vec4; draw_string_vec4
    %pushi/vec4 1633951853, 0, 32; draw_string_vec4
    %concat/vec4; draw_string_vec4
    %pushi/vec4 1701665593, 0, 32; draw_string_vec4
    %concat/vec4; draw_string_vec4
    %pushi/vec4 912072820, 0, 32; draw_string_vec4
    %concat/vec4; draw_string_vec4
    %pushi/vec4 1864398898, 0, 32; draw_string_vec4
    %concat/vec4; draw_string_vec4
    %store/vec4 v00000237f6b73b00_0, 0, 256;
    %fork TD_comprehensive_tb.check_register, S_00000237f6b3d0b0;
    %join;
    %pushi/vec4 1, 0, 32;
    %store/vec4 v00000237f6bf2130_0, 0, 32;
    %fork TD_comprehensive_tb.wait_cycles, S_00000237f6bf0400;
    %join;
    %pushi/vec4 9, 0, 5;
    %store/vec4 v00000237f6b73100_0, 0, 5;
    %pushi/vec4 18, 0, 32;
    %store/vec4 v00000237f6b72980_0, 0, 32;
    %pushi/vec4 0, 0, 32; draw_string_vec4
    %pushi/vec4 0, 0, 32; draw_string_vec4
    %concat/vec4; draw_string_vec4
    %pushi/vec4 0, 0, 32; draw_string_vec4
    %concat/vec4; draw_string_vec4
    %pushi/vec4 65, 0, 32; draw_string_vec4
    %concat/vec4; draw_string_vec4
    %pushi/vec4 1145322016, 0, 32; draw_string_vec4
    %concat/vec4; draw_string_vec4
    %pushi/vec4 2017009725, 0, 32; draw_string_vec4
    %concat/vec4; draw_string_vec4
    %pushi/vec4 544748064, 0, 32; draw_string_vec4
    %concat/vec4; draw_string_vec4
    %pushi/vec4 723548213, 0, 32; draw_string_vec4
    %concat/vec4; draw_string_vec4
    %store/vec4 v00000237f6b73b00_0, 0, 256;
    %fork TD_comprehensive_tb.check_register, S_00000237f6b3d0b0;
    %join;
    %pushi/vec4 1, 0, 32;
    %store/vec4 v00000237f6bf2130_0, 0, 32;
    %fork TD_comprehensive_tb.wait_cycles, S_00000237f6bf0400;
    %join;
    %pushi/vec4 28, 0, 5;
    %store/vec4 v00000237f6b73100_0, 0, 5;
    %pushi/vec4 30, 0, 32;
    %store/vec4 v00000237f6b72980_0, 0, 32;
    %pushi/vec4 0, 0, 32; draw_string_vec4
    %pushi/vec4 4277316, 0, 32; draw_string_vec4
    %concat/vec4; draw_string_vec4
    %pushi/vec4 1228546168, 0, 32; draw_string_vec4
    %concat/vec4; draw_string_vec4
    %pushi/vec4 842539069, 0, 32; draw_string_vec4
    %concat/vec4; draw_string_vec4
    %pushi/vec4 540225568, 0, 32; draw_string_vec4
    %concat/vec4; draw_string_vec4
    %pushi/vec4 677537126, 0, 32; draw_string_vec4
    %concat/vec4; draw_string_vec4
    %pushi/vec4 1869767968, 0, 32; draw_string_vec4
    %concat/vec4; draw_string_vec4
    %pushi/vec4 1245793321, 0, 32; draw_string_vec4
    %concat/vec4; draw_string_vec4
    %store/vec4 v00000237f6b73b00_0, 0, 256;
    %fork TD_comprehensive_tb.check_register, S_00000237f6b3d0b0;
    %join;
    %pushi/vec4 1, 0, 32;
    %store/vec4 v00000237f6bf2130_0, 0, 32;
    %fork TD_comprehensive_tb.wait_cycles, S_00000237f6bf0400;
    %join;
    %pushi/vec4 1, 0, 32;
    %store/vec4 v00000237f6bf2130_0, 0, 32;
    %fork TD_comprehensive_tb.wait_cycles, S_00000237f6bf0400;
    %join;
    %pushi/vec4 28, 0, 5;
    %store/vec4 v00000237f6b73100_0, 0, 5;
    %pushi/vec4 30, 0, 32;
    %store/vec4 v00000237f6b72980_0, 0, 32;
    %pushi/vec4 1245793338, 0, 32; draw_string_vec4
    %pushi/vec4 544748088, 0, 32; draw_string_vec4
    %concat/vec4; draw_string_vec4
    %pushi/vec4 544437353, 0, 32; draw_string_vec4
    %concat/vec4; draw_string_vec4
    %pushi/vec4 1819025459, 0, 32; draw_string_vec4
    %concat/vec4; draw_string_vec4
    %pushi/vec4 807413870, 0, 32; draw_string_vec4
    %concat/vec4; draw_string_vec4
    %pushi/vec4 1702392864, 0, 32; draw_string_vec4
    %concat/vec4; draw_string_vec4
    %pushi/vec4 1936419184, 0, 32; draw_string_vec4
    %concat/vec4; draw_string_vec4
    %pushi/vec4 1885692969, 0, 32; draw_string_vec4
    %concat/vec4; draw_string_vec4
    %store/vec4 v00000237f6b73b00_0, 0, 256;
    %fork TD_comprehensive_tb.check_register, S_00000237f6b3d0b0;
    %join;
    %pushi/vec4 3, 0, 5;
    %store/vec4 v00000237f6b73100_0, 0, 5;
    %pushi/vec4 88, 0, 32;
    %store/vec4 v00000237f6b72980_0, 0, 32;
    %pushi/vec4 0, 0, 32; draw_string_vec4
    %pushi/vec4 0, 0, 32; draw_string_vec4
    %concat/vec4; draw_string_vec4
    %pushi/vec4 1245793338, 0, 32; draw_string_vec4
    %concat/vec4; draw_string_vec4
    %pushi/vec4 544748320, 0, 32; draw_string_vec4
    %concat/vec4; draw_string_vec4
    %pushi/vec4 1025536613, 0, 32; draw_string_vec4
    %concat/vec4; draw_string_vec4
    %pushi/vec4 1953854062, 0, 32; draw_string_vec4
    %concat/vec4; draw_string_vec4
    %pushi/vec4 543253604, 0, 32; draw_string_vec4
    %concat/vec4; draw_string_vec4
    %pushi/vec4 1919251315, 0, 32; draw_string_vec4
    %concat/vec4; draw_string_vec4
    %store/vec4 v00000237f6b73b00_0, 0, 256;
    %fork TD_comprehensive_tb.check_register, S_00000237f6b3d0b0;
    %join;
    %pushi/vec4 1, 0, 32;
    %store/vec4 v00000237f6bf2130_0, 0, 32;
    %fork TD_comprehensive_tb.wait_cycles, S_00000237f6bf0400;
    %join;
    %pushi/vec4 2, 0, 5;
    %store/vec4 v00000237f6b73100_0, 0, 5;
    %pushi/vec4 25, 0, 32;
    %store/vec4 v00000237f6b72980_0, 0, 32;
    %pushi/vec4 0, 0, 32; draw_string_vec4
    %pushi/vec4 0, 0, 32; draw_string_vec4
    %concat/vec4; draw_string_vec4
    %pushi/vec4 0, 0, 32; draw_string_vec4
    %concat/vec4; draw_string_vec4
    %pushi/vec4 65, 0, 32; draw_string_vec4
    %concat/vec4; draw_string_vec4
    %pushi/vec4 1145322016, 0, 32; draw_string_vec4
    %concat/vec4; draw_string_vec4
    %pushi/vec4 2016550973, 0, 32; draw_string_vec4
    %concat/vec4; draw_string_vec4
    %pushi/vec4 544748064, 0, 32; draw_string_vec4
    %concat/vec4; draw_string_vec4
    %pushi/vec4 723548217, 0, 32; draw_string_vec4
    %concat/vec4; draw_string_vec4
    %store/vec4 v00000237f6b73b00_0, 0, 256;
    %fork TD_comprehensive_tb.check_register, S_00000237f6b3d0b0;
    %join;
    %pushi/vec4 1, 0, 32;
    %store/vec4 v00000237f6bf2130_0, 0, 32;
    %fork TD_comprehensive_tb.wait_cycles, S_00000237f6bf0400;
    %join;
    %pushi/vec4 120, 0, 32;
    %store/vec4 v00000237f6b72840_0, 0, 32;
    %pushi/vec4 25, 0, 32;
    %store/vec4 v00000237f6b728e0_0, 0, 32;
    %pushi/vec4 2800279268, 0, 33;
    %concati/vec4 3393253476, 0, 32;
    %concati/vec4 2178006145, 0, 33;
    %concati/vec4 3046487404, 0, 32;
    %concati/vec4 3301491060, 0, 32;
    %concati/vec4 2158019040, 0, 32;
    %concati/vec4 3571494081, 0, 32;
    %concati/vec4 942813225, 0, 30;
    %store/vec4 v00000237f6b72d40_0, 0, 256;
    %fork TD_comprehensive_tb.check_memory, S_00000237f6b81010;
    %join;
    %fork TD_comprehensive_tb.print_summary, S_00000237f6bf0d60;
    %join;
    %vpi_call 2 150 "$finish" {0 0 0};
    %end;
    .thread T_13;
    .scope S_00000237f6b64670;
T_14 ;
    %delay 10000, 0;
    %vpi_call 2 156 "$display", "\012[ERROR] Test timeout!" {0 0 0};
    %fork TD_comprehensive_tb.print_summary, S_00000237f6bf0d60;
    %join;
    %vpi_call 2 158 "$finish" {0 0 0};
    %end;
    .thread T_14;
    .scope S_00000237f6b80af0;
T_15 ;
    %wait E_00000237f6b92440;
    %load/vec4 v00000237f6bf4500_0;
    %flag_set/vec4 8;
    %jmp/0xz  T_15.0, 8;
    %pushi/vec4 0, 0, 8;
    %assign/vec4 v00000237f6bf4460_0, 0;
    %jmp T_15.1;
T_15.0 ;
    %load/vec4 v00000237f6bf4fa0_0;
    %flag_set/vec4 8;
    %jmp/0xz  T_15.2, 8;
    %load/vec4 v00000237f6bf43c0_0;
    %assign/vec4 v00000237f6bf4460_0, 0;
T_15.2 ;
T_15.1 ;
    %jmp T_15;
    .thread T_15;
# The file index is used to find the file name in the following table.
:file_names 16;
    "N/A";
    "<interactive>";
    "comprehensive_tb.v";
    "./top_module.v";
    "./data_mem.v";
    "./instruction_mem.v";
    "./riscv_single.v";
    "./controller.v";
    "./ALU_Decoder.v";
    "./main_decoder.v";
    "./datapath.v";
    "./alu.v";
    "./extend_unit.v";
    "./generic_building_blocks.v";
    "./multiplexer.v";
    "./reg_file.v";
