#! /d/a/fpga-toolchain-build/fpga-toolchain-build/iverilog/_install/bin/vvp
:ivl_version "11.0 (stable)" "(d3b0992)";
:ivl_delay_selection "TYPICAL";
:vpi_time_precision + 0;
:vpi_module "C:\PROGRA~3\CHOCOL~1\lib\iverilog\tools\lib\ivl\system.vpi";
:vpi_module "C:\PROGRA~3\CHOCOL~1\lib\iverilog\tools\lib\ivl\vhdl_sys.vpi";
:vpi_module "C:\PROGRA~3\CHOCOL~1\lib\iverilog\tools\lib\ivl\vhdl_textio.vpi";
:vpi_module "C:\PROGRA~3\CHOCOL~1\lib\iverilog\tools\lib\ivl\v2005_math.vpi";
:vpi_module "C:\PROGRA~3\CHOCOL~1\lib\iverilog\tools\lib\ivl\va_math.vpi";
S_000002d530695c20 .scope module, "flopenr" "flopenr" 2 26;
 .timescale 0 0;
    .port_info 0 /INPUT 1 "clk";
    .port_info 1 /INPUT 1 "reset";
    .port_info 2 /INPUT 1 "en";
    .port_info 3 /INPUT 8 "d";
    .port_info 4 /OUTPUT 8 "q";
P_000002d53068c490 .param/l "WIDTH" 0 2 26, +C4<00000000000000000000000000001000>;
o000002d53069a498 .functor BUFZ 1, C4<z>; HiZ drive
v000002d530686070_0 .net "clk", 0 0, o000002d53069a498;  0 drivers
o000002d53069a4c8 .functor BUFZ 8, C4<zzzzzzzz>; HiZ drive
v000002d5306853f0_0 .net "d", 7 0, o000002d53069a4c8;  0 drivers
o000002d53069a4f8 .functor BUFZ 1, C4<z>; HiZ drive
v000002d530686110_0 .net "en", 0 0, o000002d53069a4f8;  0 drivers
v000002d530685530_0 .var "q", 7 0;
o000002d53069a558 .functor BUFZ 1, C4<z>; HiZ drive
v000002d530684c70_0 .net "reset", 0 0, o000002d53069a558;  0 drivers
E_000002d53068cc90 .event posedge, v000002d530684c70_0, v000002d530686070_0;
S_000002d530696230 .scope module, "testbench" "testbench" 3 2;
 .timescale 0 0;
v000002d5306f90f0_0 .net "DataAdr", 31 0, v000002d5306e94a0_0;  1 drivers
v000002d5306fa590_0 .net "MemWrite", 0 0, L_000002d5306f94b0;  1 drivers
v000002d5306fac70_0 .net "WriteData", 31 0, L_000002d5306fd6b0;  1 drivers
v000002d5306f9190_0 .var "clk", 0 0;
v000002d5306fad10_0 .var "reset", 0 0;
E_000002d53068bfd0 .event negedge, v000002d530684db0_0;
S_000002d530672d00 .scope module, "dut" "top" 3 10, 4 4 0, S_000002d530696230;
 .timescale 0 0;
    .port_info 0 /INPUT 1 "clk";
    .port_info 1 /INPUT 1 "reset";
    .port_info 2 /OUTPUT 32 "WriteData";
    .port_info 3 /OUTPUT 32 "DataAdr";
    .port_info 4 /OUTPUT 1 "MemWrite";
v000002d5306fa1d0_0 .net "DataAdr", 31 0, v000002d5306e94a0_0;  alias, 1 drivers
v000002d5306f9f50_0 .net "Instr", 31 0, L_000002d530676860;  1 drivers
v000002d5306fa090_0 .net "MemWrite", 0 0, L_000002d5306f94b0;  alias, 1 drivers
v000002d5306f9ff0_0 .net "PC", 31 0, v000002d5306e85a0_0;  1 drivers
v000002d5306fae50_0 .net "ReadData", 31 0, L_000002d530677190;  1 drivers
v000002d5306fa310_0 .net "WriteData", 31 0, L_000002d5306fd6b0;  alias, 1 drivers
v000002d5306fa3b0_0 .net "clk", 0 0, v000002d5306f9190_0;  1 drivers
v000002d5306fa4f0_0 .net "reset", 0 0, v000002d5306fad10_0;  1 drivers
S_000002d530672e90 .scope module, "dmem" "dmem" 4 18, 5 1 0, S_000002d530672d00;
 .timescale 0 0;
    .port_info 0 /INPUT 1 "clk";
    .port_info 1 /INPUT 1 "we";
    .port_info 2 /INPUT 32 "a";
    .port_info 3 /INPUT 32 "wd";
    .port_info 4 /OUTPUT 32 "rd";
L_000002d530677190 .functor BUFZ 32, L_000002d5306fd4d0, C4<00000000000000000000000000000000>, C4<00000000000000000000000000000000>, C4<00000000000000000000000000000000>;
v000002d5306861b0 .array "RAM", 63 0, 31 0;
v000002d530685850_0 .net *"_ivl_0", 31 0, L_000002d5306fd4d0;  1 drivers
v000002d5306862f0_0 .net *"_ivl_3", 29 0, L_000002d5306fe830;  1 drivers
v000002d530684d10_0 .net "a", 31 0, v000002d5306e94a0_0;  alias, 1 drivers
v000002d530684db0_0 .net "clk", 0 0, v000002d5306f9190_0;  alias, 1 drivers
v000002d530685a30_0 .net "rd", 31 0, L_000002d530677190;  alias, 1 drivers
v000002d530685b70_0 .net "wd", 31 0, L_000002d5306fd6b0;  alias, 1 drivers
v000002d530686250_0 .net "we", 0 0, L_000002d5306f94b0;  alias, 1 drivers
E_000002d53068c150 .event posedge, v000002d530684db0_0;
L_000002d5306fd4d0 .array/port v000002d5306861b0, L_000002d5306fe830;
L_000002d5306fe830 .part v000002d5306e94a0_0, 2, 30;
S_000002d530673020 .scope module, "imem" "imem" 4 17, 6 1 0, S_000002d530672d00;
 .timescale 0 0;
    .port_info 0 /INPUT 32 "a";
    .port_info 1 /OUTPUT 32 "rd";
L_000002d530676860 .functor BUFZ 32, L_000002d5306fe290, C4<00000000000000000000000000000000>, C4<00000000000000000000000000000000>, C4<00000000000000000000000000000000>;
v000002d530686390 .array "RAM", 63 0, 31 0;
v000002d530685490_0 .net *"_ivl_0", 31 0, L_000002d5306fe290;  1 drivers
v000002d5306855d0_0 .net *"_ivl_3", 29 0, L_000002d5306fd430;  1 drivers
v000002d530685ad0_0 .net "a", 31 0, v000002d5306e85a0_0;  alias, 1 drivers
v000002d530685c10_0 .net "rd", 31 0, L_000002d530676860;  alias, 1 drivers
L_000002d5306fe290 .array/port v000002d530686390, L_000002d5306fd430;
L_000002d5306fd430 .part v000002d5306e85a0_0, 2, 30;
S_000002d530665380 .scope module, "rvsingle" "riscvsingle" 4 15, 7 4 0, S_000002d530672d00;
 .timescale 0 0;
    .port_info 0 /INPUT 1 "clk";
    .port_info 1 /INPUT 1 "reset";
    .port_info 2 /OUTPUT 32 "PC";
    .port_info 3 /INPUT 32 "Instr";
    .port_info 4 /OUTPUT 1 "MemWrite";
    .port_info 5 /OUTPUT 32 "ALUResult";
    .port_info 6 /OUTPUT 32 "WriteData";
    .port_info 7 /INPUT 32 "ReadData";
v000002d5306f99b0_0 .net "ALUControl", 3 0, v000002d530685cb0_0;  1 drivers
v000002d5306f9c30_0 .net "ALUResult", 31 0, v000002d5306e94a0_0;  alias, 1 drivers
v000002d5306fa630_0 .net "ALUSrc", 0 0, L_000002d5306f9230;  1 drivers
v000002d5306f9730_0 .net "ALUSrcA", 0 0, L_000002d5306fedd0;  1 drivers
v000002d5306f9cd0_0 .net "ImmSrc", 2 0, L_000002d5306faef0;  1 drivers
v000002d5306fa9f0_0 .net "Instr", 31 0, L_000002d530676860;  alias, 1 drivers
v000002d5306fa270_0 .net "Jump", 0 0, L_000002d5306fd390;  1 drivers
v000002d5306f9910_0 .net "MemWrite", 0 0, L_000002d5306f94b0;  alias, 1 drivers
v000002d5306f9370_0 .net "PC", 31 0, v000002d5306e85a0_0;  alias, 1 drivers
v000002d5306f9d70_0 .net "PCSrc", 0 0, L_000002d530676fd0;  1 drivers
v000002d5306f9e10_0 .net "ReadData", 31 0, L_000002d530677190;  alias, 1 drivers
v000002d5306fa450_0 .net "RegWrite", 0 0, L_000002d5306fadb0;  1 drivers
v000002d5306faa90_0 .net "ResultSrc", 1 0, L_000002d5306f9550;  1 drivers
v000002d5306fab30_0 .net "WriteData", 31 0, L_000002d5306fd6b0;  alias, 1 drivers
v000002d5306fabd0_0 .net "Zero", 0 0, v000002d5306e9180_0;  1 drivers
v000002d5306f9eb0_0 .net "clk", 0 0, v000002d5306f9190_0;  alias, 1 drivers
v000002d5306f9410_0 .net "reset", 0 0, v000002d5306fad10_0;  alias, 1 drivers
L_000002d5306fe010 .part L_000002d530676860, 0, 7;
L_000002d5306fec90 .part L_000002d530676860, 12, 3;
L_000002d5306fd570 .part L_000002d530676860, 30, 1;
S_000002d530665510 .scope module, "c" "controller" 7 18, 8 4 0, S_000002d530665380;
 .timescale 0 0;
    .port_info 0 /INPUT 7 "op";
    .port_info 1 /INPUT 3 "funct3";
    .port_info 2 /INPUT 1 "funct7b5";
    .port_info 3 /INPUT 1 "Zero";
    .port_info 4 /OUTPUT 2 "ResultSrc";
    .port_info 5 /OUTPUT 1 "MemWrite";
    .port_info 6 /OUTPUT 1 "PCSrc";
    .port_info 7 /OUTPUT 1 "ALUSrc";
    .port_info 8 /OUTPUT 1 "RegWrite";
    .port_info 9 /OUTPUT 1 "Jump";
    .port_info 10 /OUTPUT 3 "ImmSrc";
    .port_info 11 /OUTPUT 4 "ALUControl";
    .port_info 12 /OUTPUT 1 "ALUSrcA";
L_000002d530676d30 .functor AND 1, L_000002d5306fed30, v000002d5306e9180_0, C4<1>, C4<1>;
L_000002d530676fd0 .functor OR 1, L_000002d530676d30, L_000002d5306fd390, C4<0>, C4<0>;
v000002d5306e8e60_0 .net "ALUControl", 3 0, v000002d530685cb0_0;  alias, 1 drivers
v000002d5306e9d60_0 .net "ALUOp", 1 0, L_000002d5306fd1b0;  1 drivers
v000002d5306ea3a0_0 .net "ALUSrc", 0 0, L_000002d5306f9230;  alias, 1 drivers
v000002d5306e9040_0 .net "ALUSrcA", 0 0, L_000002d5306fedd0;  alias, 1 drivers
v000002d5306e8a00_0 .net "Branch", 0 0, L_000002d5306fed30;  1 drivers
v000002d5306e8b40_0 .net "ImmSrc", 2 0, L_000002d5306faef0;  alias, 1 drivers
v000002d5306e9fe0_0 .net "Jump", 0 0, L_000002d5306fd390;  alias, 1 drivers
v000002d5306e8640_0 .net "MemWrite", 0 0, L_000002d5306f94b0;  alias, 1 drivers
v000002d5306e9400_0 .net "PCSrc", 0 0, L_000002d530676fd0;  alias, 1 drivers
v000002d5306e8be0_0 .net "RegWrite", 0 0, L_000002d5306fadb0;  alias, 1 drivers
v000002d5306e97c0_0 .net "ResultSrc", 1 0, L_000002d5306f9550;  alias, 1 drivers
v000002d5306e8dc0_0 .net "Zero", 0 0, v000002d5306e9180_0;  alias, 1 drivers
v000002d5306e92c0_0 .net *"_ivl_2", 0 0, L_000002d530676d30;  1 drivers
v000002d5306e8f00_0 .net "funct3", 2 0, L_000002d5306fec90;  1 drivers
v000002d5306ea120_0 .net "funct7b5", 0 0, L_000002d5306fd570;  1 drivers
v000002d5306e8d20_0 .net "op", 6 0, L_000002d5306fe010;  1 drivers
L_000002d5306fef10 .part L_000002d5306fe010, 5, 1;
S_000002d5306656a0 .scope module, "ad" "aludec" 8 22, 9 1 0, S_000002d530665510;
 .timescale 0 0;
    .port_info 0 /INPUT 1 "opb5";
    .port_info 1 /INPUT 3 "funct3";
    .port_info 2 /INPUT 1 "funct7b5";
    .port_info 3 /INPUT 2 "ALUOp";
    .port_info 4 /OUTPUT 4 "ALUControl";
v000002d530685cb0_0 .var "ALUControl", 3 0;
v000002d530686430_0 .net "ALUOp", 1 0, L_000002d5306fd1b0;  alias, 1 drivers
v000002d5306864d0_0 .net "funct3", 2 0, L_000002d5306fec90;  alias, 1 drivers
v000002d530686610_0 .net "funct7b5", 0 0, L_000002d5306fd570;  alias, 1 drivers
v000002d5306e8fa0_0 .net "opb5", 0 0, L_000002d5306fef10;  1 drivers
E_000002d53068cd50 .event edge, v000002d530686430_0, v000002d5306864d0_0, v000002d530686610_0, v000002d5306e8fa0_0;
S_000002d530648c30 .scope module, "md" "maindec" 8 21, 10 1 0, S_000002d530665510;
 .timescale 0 0;
    .port_info 0 /INPUT 7 "op";
    .port_info 1 /OUTPUT 2 "ResultSrc";
    .port_info 2 /OUTPUT 1 "MemWrite";
    .port_info 3 /OUTPUT 1 "Branch";
    .port_info 4 /OUTPUT 1 "ALUSrc";
    .port_info 5 /OUTPUT 1 "RegWrite";
    .port_info 6 /OUTPUT 1 "Jump";
    .port_info 7 /OUTPUT 3 "ImmSrc";
    .port_info 8 /OUTPUT 2 "ALUOp";
    .port_info 9 /OUTPUT 1 "ALUSrcA";
v000002d5306e9720_0 .net "ALUOp", 1 0, L_000002d5306fd1b0;  alias, 1 drivers
v000002d5306e8780_0 .net "ALUSrc", 0 0, L_000002d5306f9230;  alias, 1 drivers
v000002d5306e9680_0 .net "ALUSrcA", 0 0, L_000002d5306fedd0;  alias, 1 drivers
v000002d5306e8c80_0 .net "Branch", 0 0, L_000002d5306fed30;  alias, 1 drivers
v000002d5306e8820_0 .net "ImmSrc", 2 0, L_000002d5306faef0;  alias, 1 drivers
v000002d5306e9b80_0 .net "Jump", 0 0, L_000002d5306fd390;  alias, 1 drivers
v000002d5306e9f40_0 .net "MemWrite", 0 0, L_000002d5306f94b0;  alias, 1 drivers
v000002d5306e8aa0_0 .net "RegWrite", 0 0, L_000002d5306fadb0;  alias, 1 drivers
v000002d5306e88c0_0 .net "ResultSrc", 1 0, L_000002d5306f9550;  alias, 1 drivers
v000002d5306e9cc0_0 .net *"_ivl_11", 12 0, v000002d5306e8960_0;  1 drivers
v000002d5306e8960_0 .var "controls", 12 0;
v000002d5306e99a0_0 .net "op", 6 0, L_000002d5306fe010;  alias, 1 drivers
E_000002d53068d0d0 .event edge, v000002d5306e99a0_0;
L_000002d5306fadb0 .part v000002d5306e8960_0, 12, 1;
L_000002d5306faef0 .part v000002d5306e8960_0, 9, 3;
L_000002d5306f9230 .part v000002d5306e8960_0, 8, 1;
L_000002d5306f94b0 .part v000002d5306e8960_0, 7, 1;
L_000002d5306f9550 .part v000002d5306e8960_0, 5, 2;
L_000002d5306fed30 .part v000002d5306e8960_0, 4, 1;
L_000002d5306fd1b0 .part v000002d5306e8960_0, 2, 2;
L_000002d5306fd390 .part v000002d5306e8960_0, 1, 1;
L_000002d5306fedd0 .part v000002d5306e8960_0, 0, 1;
S_000002d530648dc0 .scope module, "dp" "datapath" 7 19, 11 7 0, S_000002d530665380;
 .timescale 0 0;
    .port_info 0 /INPUT 1 "clk";
    .port_info 1 /INPUT 1 "reset";
    .port_info 2 /INPUT 2 "ResultSrc";
    .port_info 3 /INPUT 1 "PCSrc";
    .port_info 4 /INPUT 1 "ALUSrc";
    .port_info 5 /INPUT 1 "RegWrite";
    .port_info 6 /INPUT 3 "ImmSrc";
    .port_info 7 /INPUT 4 "ALUControl";
    .port_info 8 /INPUT 1 "ALUSrcA";
    .port_info 9 /OUTPUT 1 "Zero";
    .port_info 10 /OUTPUT 32 "PC";
    .port_info 11 /INPUT 32 "Instr";
    .port_info 12 /OUTPUT 32 "ALUResult";
    .port_info 13 /OUTPUT 32 "WriteData";
    .port_info 14 /INPUT 32 "ReadData";
v000002d5306eba50_0 .net "ALUControl", 3 0, v000002d530685cb0_0;  alias, 1 drivers
v000002d5306eaa10_0 .net "ALUResult", 31 0, v000002d5306e94a0_0;  alias, 1 drivers
v000002d5306eaab0_0 .net "ALUSrc", 0 0, L_000002d5306f9230;  alias, 1 drivers
v000002d5306eab50_0 .net "ALUSrcA", 0 0, L_000002d5306fedd0;  alias, 1 drivers
v000002d5306ead30_0 .net "ImmExt", 31 0, v000002d5306e9540_0;  1 drivers
v000002d5306eadd0_0 .net "ImmSrc", 2 0, L_000002d5306faef0;  alias, 1 drivers
v000002d5306eb410_0 .net "Instr", 31 0, L_000002d530676860;  alias, 1 drivers
v000002d5306eb4b0_0 .net "PC", 31 0, v000002d5306e85a0_0;  alias, 1 drivers
v000002d5306f95f0_0 .net "PCNext", 31 0, L_000002d5306fd610;  1 drivers
v000002d5306f9b90_0 .net "PCPlus4", 31 0, L_000002d5306feb50;  1 drivers
v000002d5306fa6d0_0 .net "PCSrc", 0 0, L_000002d530676fd0;  alias, 1 drivers
v000002d5306f97d0_0 .net "PCTarget", 31 0, L_000002d5306fd7f0;  1 drivers
v000002d5306fa130_0 .net "ReadData", 31 0, L_000002d530677190;  alias, 1 drivers
v000002d5306fa770_0 .net "RegWrite", 0 0, L_000002d5306fadb0;  alias, 1 drivers
v000002d5306f9af0_0 .net "Result", 31 0, L_000002d5306fd890;  1 drivers
v000002d5306f9690_0 .net "ResultSrc", 1 0, L_000002d5306f9550;  alias, 1 drivers
v000002d5306f92d0_0 .net "SrcA", 31 0, L_000002d5306fe970;  1 drivers
v000002d5306fa810_0 .net "SrcA_ALU", 31 0, L_000002d5306febf0;  1 drivers
v000002d5306fa8b0_0 .net "SrcB", 31 0, L_000002d5306fefb0;  1 drivers
v000002d5306f9a50_0 .net "WriteData", 31 0, L_000002d5306fd6b0;  alias, 1 drivers
v000002d5306f9870_0 .net "Zero", 0 0, v000002d5306e9180_0;  alias, 1 drivers
v000002d5306faf90_0 .net "clk", 0 0, v000002d5306f9190_0;  alias, 1 drivers
v000002d5306fa950_0 .net "reset", 0 0, v000002d5306fad10_0;  alias, 1 drivers
L_000002d5306fd250 .part L_000002d530676860, 15, 5;
L_000002d5306fe0b0 .part L_000002d530676860, 20, 5;
L_000002d5306fe1f0 .part L_000002d530676860, 7, 5;
L_000002d5306fe150 .part L_000002d530676860, 7, 25;
S_000002d530648f50 .scope module, "alu" "alu" 11 41, 12 1 0, S_000002d530648dc0;
 .timescale 0 0;
    .port_info 0 /INPUT 32 "SrcA";
    .port_info 1 /INPUT 32 "SrcB";
    .port_info 2 /INPUT 4 "ALUControl";
    .port_info 3 /OUTPUT 32 "ALUResult";
    .port_info 4 /OUTPUT 1 "Zero";
v000002d5306e9e00_0 .net "ALUControl", 3 0, v000002d530685cb0_0;  alias, 1 drivers
v000002d5306e94a0_0 .var "ALUResult", 31 0;
v000002d5306e90e0_0 .net "SrcA", 31 0, L_000002d5306febf0;  alias, 1 drivers
v000002d5306e9c20_0 .net "SrcB", 31 0, L_000002d5306fefb0;  alias, 1 drivers
v000002d5306e9180_0 .var "Zero", 0 0;
E_000002d53068d150 .event edge, v000002d530685cb0_0, v000002d5306e90e0_0, v000002d5306e9c20_0, v000002d530684d10_0;
S_000002d53063b250 .scope module, "ext" "extend" 11 36, 13 1 0, S_000002d530648dc0;
 .timescale 0 0;
    .port_info 0 /INPUT 25 "instr";
    .port_info 1 /INPUT 3 "immsrc";
    .port_info 2 /OUTPUT 32 "immext";
v000002d5306e9540_0 .var "immext", 31 0;
v000002d5306e9220_0 .net "immsrc", 2 0, L_000002d5306faef0;  alias, 1 drivers
v000002d5306e9860_0 .net "instr", 31 7, L_000002d5306fe150;  1 drivers
E_000002d53068d390 .event edge, v000002d5306e8820_0, v000002d5306e9860_0;
S_000002d53063b3e0 .scope module, "pcadd4" "adder" 11 30, 2 1 0, S_000002d530648dc0;
 .timescale 0 0;
    .port_info 0 /INPUT 32 "a";
    .port_info 1 /INPUT 32 "b";
    .port_info 2 /OUTPUT 32 "y";
v000002d5306e9ea0_0 .net "a", 31 0, v000002d5306e85a0_0;  alias, 1 drivers
L_000002d5306ff0d8 .functor BUFT 1, C4<00000000000000000000000000000100>, C4<0>, C4<0>, C4<0>;
v000002d5306ea080_0 .net "b", 31 0, L_000002d5306ff0d8;  1 drivers
v000002d5306e9360_0 .net "y", 31 0, L_000002d5306feb50;  alias, 1 drivers
L_000002d5306feb50 .arith/sum 32, v000002d5306e85a0_0, L_000002d5306ff0d8;
S_000002d53063b570 .scope module, "pcaddbranch" "adder" 11 31, 2 1 0, S_000002d530648dc0;
 .timescale 0 0;
    .port_info 0 /INPUT 32 "a";
    .port_info 1 /INPUT 32 "b";
    .port_info 2 /OUTPUT 32 "y";
v000002d5306e95e0_0 .net "a", 31 0, v000002d5306e85a0_0;  alias, 1 drivers
v000002d5306e9900_0 .net "b", 31 0, v000002d5306e9540_0;  alias, 1 drivers
v000002d5306ea1c0_0 .net "y", 31 0, L_000002d5306fd7f0;  alias, 1 drivers
L_000002d5306fd7f0 .arith/sum 32, v000002d5306e85a0_0, v000002d5306e9540_0;
S_000002d5306378e0 .scope module, "pcmux" "mux2" 11 32, 14 1 0, S_000002d530648dc0;
 .timescale 0 0;
    .port_info 0 /INPUT 32 "d0";
    .port_info 1 /INPUT 32 "d1";
    .port_info 2 /INPUT 1 "s";
    .port_info 3 /OUTPUT 32 "y";
P_000002d53068d210 .param/l "WIDTH" 0 14 1, +C4<00000000000000000000000000100000>;
v000002d5306ea260_0 .net "d0", 31 0, L_000002d5306feb50;  alias, 1 drivers
v000002d5306e86e0_0 .net "d1", 31 0, L_000002d5306fd7f0;  alias, 1 drivers
v000002d5306ea300_0 .net "s", 0 0, L_000002d530676fd0;  alias, 1 drivers
v000002d5306e9a40_0 .net "y", 31 0, L_000002d5306fd610;  alias, 1 drivers
L_000002d5306fd610 .functor MUXZ 32, L_000002d5306feb50, L_000002d5306fd7f0, L_000002d530676fd0, C4<>;
S_000002d530637a70 .scope module, "pcreg" "flopr" 11 29, 2 10 0, S_000002d530648dc0;
 .timescale 0 0;
    .port_info 0 /INPUT 1 "clk";
    .port_info 1 /INPUT 1 "reset";
    .port_info 2 /INPUT 32 "d";
    .port_info 3 /OUTPUT 32 "q";
P_000002d53068d2d0 .param/l "WIDTH" 0 2 10, +C4<00000000000000000000000000100000>;
v000002d5306e9ae0_0 .net "clk", 0 0, v000002d5306f9190_0;  alias, 1 drivers
v000002d5306ea440_0 .net "d", 31 0, L_000002d5306fd610;  alias, 1 drivers
v000002d5306e85a0_0 .var "q", 31 0;
v000002d5306ebcd0_0 .net "reset", 0 0, v000002d5306fad10_0;  alias, 1 drivers
E_000002d53068d450 .event posedge, v000002d5306ebcd0_0, v000002d530684db0_0;
S_000002d530637c00 .scope module, "resultmux" "mux3" 11 42, 14 10 0, S_000002d530648dc0;
 .timescale 0 0;
    .port_info 0 /INPUT 32 "d0";
    .port_info 1 /INPUT 32 "d1";
    .port_info 2 /INPUT 32 "d2";
    .port_info 3 /INPUT 2 "s";
    .port_info 4 /OUTPUT 32 "y";
P_000002d53068d550 .param/l "WIDTH" 0 14 10, +C4<00000000000000000000000000100000>;
v000002d5306eb690_0 .net *"_ivl_1", 0 0, L_000002d5306fdc50;  1 drivers
v000002d5306eae70_0 .net *"_ivl_3", 0 0, L_000002d5306fe650;  1 drivers
v000002d5306ebd70_0 .net *"_ivl_4", 31 0, L_000002d5306fe8d0;  1 drivers
v000002d5306ec3b0_0 .net "d0", 31 0, v000002d5306e94a0_0;  alias, 1 drivers
v000002d5306eb050_0 .net "d1", 31 0, L_000002d530677190;  alias, 1 drivers
v000002d5306ebaf0_0 .net "d2", 31 0, L_000002d5306feb50;  alias, 1 drivers
v000002d5306eabf0_0 .net "s", 1 0, L_000002d5306f9550;  alias, 1 drivers
v000002d5306ea650_0 .net "y", 31 0, L_000002d5306fd890;  alias, 1 drivers
L_000002d5306fdc50 .part L_000002d5306f9550, 1, 1;
L_000002d5306fe650 .part L_000002d5306f9550, 0, 1;
L_000002d5306fe8d0 .functor MUXZ 32, v000002d5306e94a0_0, L_000002d530677190, L_000002d5306fe650, C4<>;
L_000002d5306fd890 .functor MUXZ 32, L_000002d5306fe8d0, L_000002d5306feb50, L_000002d5306fdc50, C4<>;
S_000002d5306f80e0 .scope module, "rf" "regfile" 11 35, 15 1 0, S_000002d530648dc0;
 .timescale 0 0;
    .port_info 0 /INPUT 1 "clk";
    .port_info 1 /INPUT 1 "we3";
    .port_info 2 /INPUT 5 "a1";
    .port_info 3 /INPUT 5 "a2";
    .port_info 4 /INPUT 5 "a3";
    .port_info 5 /INPUT 32 "wd3";
    .port_info 6 /OUTPUT 32 "rd1";
    .port_info 7 /OUTPUT 32 "rd2";
v000002d5306eb370_0 .net *"_ivl_0", 31 0, L_000002d5306feab0;  1 drivers
v000002d5306ec130_0 .net *"_ivl_10", 6 0, L_000002d5306fda70;  1 drivers
L_000002d5306ff1b0 .functor BUFT 1, C4<00>, C4<0>, C4<0>, C4<0>;
v000002d5306eafb0_0 .net *"_ivl_13", 1 0, L_000002d5306ff1b0;  1 drivers
L_000002d5306ff1f8 .functor BUFT 1, C4<00000000000000000000000000000000>, C4<0>, C4<0>, C4<0>;
v000002d5306eac90_0 .net/2u *"_ivl_14", 31 0, L_000002d5306ff1f8;  1 drivers
v000002d5306ec1d0_0 .net *"_ivl_18", 31 0, L_000002d5306fdbb0;  1 drivers
L_000002d5306ff240 .functor BUFT 1, C4<000000000000000000000000000>, C4<0>, C4<0>, C4<0>;
v000002d5306eb7d0_0 .net *"_ivl_21", 26 0, L_000002d5306ff240;  1 drivers
L_000002d5306ff288 .functor BUFT 1, C4<00000000000000000000000000000000>, C4<0>, C4<0>, C4<0>;
v000002d5306eb550_0 .net/2u *"_ivl_22", 31 0, L_000002d5306ff288;  1 drivers
v000002d5306eaf10_0 .net *"_ivl_24", 0 0, L_000002d5306fd2f0;  1 drivers
v000002d5306eb0f0_0 .net *"_ivl_26", 31 0, L_000002d5306fe510;  1 drivers
v000002d5306ea830_0 .net *"_ivl_28", 6 0, L_000002d5306fe5b0;  1 drivers
L_000002d5306ff120 .functor BUFT 1, C4<000000000000000000000000000>, C4<0>, C4<0>, C4<0>;
v000002d5306ebe10_0 .net *"_ivl_3", 26 0, L_000002d5306ff120;  1 drivers
L_000002d5306ff2d0 .functor BUFT 1, C4<00>, C4<0>, C4<0>, C4<0>;
v000002d5306ea790_0 .net *"_ivl_31", 1 0, L_000002d5306ff2d0;  1 drivers
L_000002d5306ff318 .functor BUFT 1, C4<00000000000000000000000000000000>, C4<0>, C4<0>, C4<0>;
v000002d5306ec090_0 .net/2u *"_ivl_32", 31 0, L_000002d5306ff318;  1 drivers
L_000002d5306ff168 .functor BUFT 1, C4<00000000000000000000000000000000>, C4<0>, C4<0>, C4<0>;
v000002d5306ebb90_0 .net/2u *"_ivl_4", 31 0, L_000002d5306ff168;  1 drivers
v000002d5306eb190_0 .net *"_ivl_6", 0 0, L_000002d5306fd750;  1 drivers
v000002d5306eb230_0 .net *"_ivl_8", 31 0, L_000002d5306fdf70;  1 drivers
v000002d5306ec270_0 .net "a1", 4 0, L_000002d5306fd250;  1 drivers
v000002d5306eb9b0_0 .net "a2", 4 0, L_000002d5306fe0b0;  1 drivers
v000002d5306ec450_0 .net "a3", 4 0, L_000002d5306fe1f0;  1 drivers
v000002d5306ebeb0_0 .net "clk", 0 0, v000002d5306f9190_0;  alias, 1 drivers
v000002d5306eb2d0_0 .net "rd1", 31 0, L_000002d5306fe970;  alias, 1 drivers
v000002d5306ec310_0 .net "rd2", 31 0, L_000002d5306fd6b0;  alias, 1 drivers
v000002d5306ebc30 .array "rf", 31 0, 31 0;
v000002d5306ebf50_0 .net "wd3", 31 0, L_000002d5306fd890;  alias, 1 drivers
v000002d5306ea8d0_0 .net "we3", 0 0, L_000002d5306fadb0;  alias, 1 drivers
L_000002d5306feab0 .concat [ 5 27 0 0], L_000002d5306fd250, L_000002d5306ff120;
L_000002d5306fd750 .cmp/ne 32, L_000002d5306feab0, L_000002d5306ff168;
L_000002d5306fdf70 .array/port v000002d5306ebc30, L_000002d5306fda70;
L_000002d5306fda70 .concat [ 5 2 0 0], L_000002d5306fd250, L_000002d5306ff1b0;
L_000002d5306fe970 .functor MUXZ 32, L_000002d5306ff1f8, L_000002d5306fdf70, L_000002d5306fd750, C4<>;
L_000002d5306fdbb0 .concat [ 5 27 0 0], L_000002d5306fe0b0, L_000002d5306ff240;
L_000002d5306fd2f0 .cmp/ne 32, L_000002d5306fdbb0, L_000002d5306ff288;
L_000002d5306fe510 .array/port v000002d5306ebc30, L_000002d5306fe5b0;
L_000002d5306fe5b0 .concat [ 5 2 0 0], L_000002d5306fe0b0, L_000002d5306ff2d0;
L_000002d5306fd6b0 .functor MUXZ 32, L_000002d5306ff318, L_000002d5306fe510, L_000002d5306fd2f0, C4<>;
S_000002d5306f8a40 .scope module, "srcamux" "mux2" 11 39, 14 1 0, S_000002d530648dc0;
 .timescale 0 0;
    .port_info 0 /INPUT 32 "d0";
    .port_info 1 /INPUT 32 "d1";
    .port_info 2 /INPUT 1 "s";
    .port_info 3 /OUTPUT 32 "y";
P_000002d53068d810 .param/l "WIDTH" 0 14 1, +C4<00000000000000000000000000100000>;
v000002d5306eb730_0 .net "d0", 31 0, L_000002d5306fe970;  alias, 1 drivers
L_000002d5306ff360 .functor BUFT 1, C4<00000000000000000000000000000000>, C4<0>, C4<0>, C4<0>;
v000002d5306eb870_0 .net "d1", 31 0, L_000002d5306ff360;  1 drivers
v000002d5306ea6f0_0 .net "s", 0 0, L_000002d5306fedd0;  alias, 1 drivers
v000002d5306eb5f0_0 .net "y", 31 0, L_000002d5306febf0;  alias, 1 drivers
L_000002d5306febf0 .functor MUXZ 32, L_000002d5306fe970, L_000002d5306ff360, L_000002d5306fedd0, C4<>;
S_000002d5306f8ef0 .scope module, "srcbmux" "mux2" 11 40, 14 1 0, S_000002d530648dc0;
 .timescale 0 0;
    .port_info 0 /INPUT 32 "d0";
    .port_info 1 /INPUT 32 "d1";
    .port_info 2 /INPUT 1 "s";
    .port_info 3 /OUTPUT 32 "y";
P_000002d53068d610 .param/l "WIDTH" 0 14 1, +C4<00000000000000000000000000100000>;
v000002d5306ebff0_0 .net "d0", 31 0, L_000002d5306fd6b0;  alias, 1 drivers
v000002d5306ea5b0_0 .net "d1", 31 0, v000002d5306e9540_0;  alias, 1 drivers
v000002d5306ea970_0 .net "s", 0 0, L_000002d5306f9230;  alias, 1 drivers
v000002d5306eb910_0 .net "y", 31 0, L_000002d5306fefb0;  alias, 1 drivers
L_000002d5306fefb0 .functor MUXZ 32, L_000002d5306fd6b0, v000002d5306e9540_0, L_000002d5306f9230, C4<>;
    .scope S_000002d530695c20;
T_0 ;
    %wait E_000002d53068cc90;
    %load/vec4 v000002d530684c70_0;
    %flag_set/vec4 8;
    %jmp/0xz  T_0.0, 8;
    %pushi/vec4 0, 0, 8;
    %assign/vec4 v000002d530685530_0, 0;
    %jmp T_0.1;
T_0.0 ;
    %load/vec4 v000002d530686110_0;
    %flag_set/vec4 8;
    %jmp/0xz  T_0.2, 8;
    %load/vec4 v000002d5306853f0_0;
    %assign/vec4 v000002d530685530_0, 0;
T_0.2 ;
T_0.1 ;
    %jmp T_0;
    .thread T_0;
    .scope S_000002d530648c30;
T_1 ;
    %wait E_000002d53068d0d0;
    %load/vec4 v000002d5306e99a0_0;
    %dup/vec4;
    %pushi/vec4 3, 0, 7;
    %cmp/u;
    %jmp/1 T_1.0, 6;
    %dup/vec4;
    %pushi/vec4 35, 0, 7;
    %cmp/u;
    %jmp/1 T_1.1, 6;
    %dup/vec4;
    %pushi/vec4 51, 0, 7;
    %cmp/u;
    %jmp/1 T_1.2, 6;
    %dup/vec4;
    %pushi/vec4 99, 0, 7;
    %cmp/u;
    %jmp/1 T_1.3, 6;
    %dup/vec4;
    %pushi/vec4 19, 0, 7;
    %cmp/u;
    %jmp/1 T_1.4, 6;
    %dup/vec4;
    %pushi/vec4 111, 0, 7;
    %cmp/u;
    %jmp/1 T_1.5, 6;
    %dup/vec4;
    %pushi/vec4 55, 0, 7;
    %cmp/u;
    %jmp/1 T_1.6, 6;
    %pushi/vec4 8191, 8191, 13;
    %store/vec4 v000002d5306e8960_0, 0, 13;
    %jmp T_1.8;
T_1.0 ;
    %pushi/vec4 4384, 0, 13;
    %store/vec4 v000002d5306e8960_0, 0, 13;
    %jmp T_1.8;
T_1.1 ;
    %pushi/vec4 896, 0, 13;
    %store/vec4 v000002d5306e8960_0, 0, 13;
    %jmp T_1.8;
T_1.2 ;
    %pushi/vec4 7688, 3584, 13;
    %store/vec4 v000002d5306e8960_0, 0, 13;
    %jmp T_1.8;
T_1.3 ;
    %pushi/vec4 1044, 0, 13;
    %store/vec4 v000002d5306e8960_0, 0, 13;
    %jmp T_1.8;
T_1.4 ;
    %pushi/vec4 4360, 0, 13;
    %store/vec4 v000002d5306e8960_0, 0, 13;
    %jmp T_1.8;
T_1.5 ;
    %pushi/vec4 5698, 0, 13;
    %store/vec4 v000002d5306e8960_0, 0, 13;
    %jmp T_1.8;
T_1.6 ;
    %pushi/vec4 6401, 0, 13;
    %store/vec4 v000002d5306e8960_0, 0, 13;
    %jmp T_1.8;
T_1.8 ;
    %pop/vec4 1;
    %jmp T_1;
    .thread T_1, $push;
    .scope S_000002d5306656a0;
T_2 ;
    %wait E_000002d53068cd50;
    %load/vec4 v000002d530686430_0;
    %dup/vec4;
    %pushi/vec4 0, 0, 2;
    %cmp/u;
    %jmp/1 T_2.0, 6;
    %dup/vec4;
    %pushi/vec4 1, 0, 2;
    %cmp/u;
    %jmp/1 T_2.1, 6;
    %load/vec4 v000002d5306864d0_0;
    %dup/vec4;
    %pushi/vec4 0, 0, 3;
    %cmp/u;
    %jmp/1 T_2.4, 6;
    %dup/vec4;
    %pushi/vec4 1, 0, 3;
    %cmp/u;
    %jmp/1 T_2.5, 6;
    %dup/vec4;
    %pushi/vec4 2, 0, 3;
    %cmp/u;
    %jmp/1 T_2.6, 6;
    %dup/vec4;
    %pushi/vec4 3, 0, 3;
    %cmp/u;
    %jmp/1 T_2.7, 6;
    %dup/vec4;
    %pushi/vec4 4, 0, 3;
    %cmp/u;
    %jmp/1 T_2.8, 6;
    %dup/vec4;
    %pushi/vec4 5, 0, 3;
    %cmp/u;
    %jmp/1 T_2.9, 6;
    %dup/vec4;
    %pushi/vec4 6, 0, 3;
    %cmp/u;
    %jmp/1 T_2.10, 6;
    %dup/vec4;
    %pushi/vec4 7, 0, 3;
    %cmp/u;
    %jmp/1 T_2.11, 6;
    %pushi/vec4 15, 15, 4;
    %store/vec4 v000002d530685cb0_0, 0, 4;
    %jmp T_2.13;
T_2.4 ;
    %load/vec4 v000002d530686610_0;
    %load/vec4 v000002d5306e8fa0_0;
    %and;
    %flag_set/vec4 8;
    %jmp/0xz  T_2.14, 8;
    %pushi/vec4 1, 0, 4;
    %store/vec4 v000002d530685cb0_0, 0, 4;
    %jmp T_2.15;
T_2.14 ;
    %pushi/vec4 0, 0, 4;
    %store/vec4 v000002d530685cb0_0, 0, 4;
T_2.15 ;
    %jmp T_2.13;
T_2.5 ;
    %pushi/vec4 10, 0, 4;
    %store/vec4 v000002d530685cb0_0, 0, 4;
    %jmp T_2.13;
T_2.6 ;
    %pushi/vec4 5, 0, 4;
    %store/vec4 v000002d530685cb0_0, 0, 4;
    %jmp T_2.13;
T_2.7 ;
    %pushi/vec4 11, 0, 4;
    %store/vec4 v000002d530685cb0_0, 0, 4;
    %jmp T_2.13;
T_2.8 ;
    %pushi/vec4 7, 0, 4;
    %store/vec4 v000002d530685cb0_0, 0, 4;
    %jmp T_2.13;
T_2.9 ;
    %load/vec4 v000002d530686610_0;
    %flag_set/vec4 8;
    %jmp/0xz  T_2.16, 8;
    %pushi/vec4 8, 0, 4;
    %store/vec4 v000002d530685cb0_0, 0, 4;
    %jmp T_2.17;
T_2.16 ;
    %pushi/vec4 9, 0, 4;
    %store/vec4 v000002d530685cb0_0, 0, 4;
T_2.17 ;
    %jmp T_2.13;
T_2.10 ;
    %pushi/vec4 3, 0, 4;
    %store/vec4 v000002d530685cb0_0, 0, 4;
    %jmp T_2.13;
T_2.11 ;
    %pushi/vec4 2, 0, 4;
    %store/vec4 v000002d530685cb0_0, 0, 4;
    %jmp T_2.13;
T_2.13 ;
    %pop/vec4 1;
    %jmp T_2.3;
T_2.0 ;
    %pushi/vec4 0, 0, 4;
    %store/vec4 v000002d530685cb0_0, 0, 4;
    %jmp T_2.3;
T_2.1 ;
    %pushi/vec4 1, 0, 4;
    %store/vec4 v000002d530685cb0_0, 0, 4;
    %jmp T_2.3;
T_2.3 ;
    %pop/vec4 1;
    %jmp T_2;
    .thread T_2, $push;
    .scope S_000002d530637a70;
T_3 ;
    %wait E_000002d53068d450;
    %load/vec4 v000002d5306ebcd0_0;
    %flag_set/vec4 8;
    %jmp/0xz  T_3.0, 8;
    %pushi/vec4 0, 0, 32;
    %assign/vec4 v000002d5306e85a0_0, 0;
    %jmp T_3.1;
T_3.0 ;
    %load/vec4 v000002d5306ea440_0;
    %assign/vec4 v000002d5306e85a0_0, 0;
T_3.1 ;
    %jmp T_3;
    .thread T_3;
    .scope S_000002d5306f80e0;
T_4 ;
    %wait E_000002d53068c150;
    %load/vec4 v000002d5306ea8d0_0;
    %flag_set/vec4 8;
    %jmp/0xz  T_4.0, 8;
    %load/vec4 v000002d5306ebf50_0;
    %load/vec4 v000002d5306ec450_0;
    %pad/u 7;
    %ix/vec4 3;
    %ix/load 4, 0, 0; Constant delay
    %assign/vec4/a/d v000002d5306ebc30, 0, 4;
T_4.0 ;
    %jmp T_4;
    .thread T_4;
    .scope S_000002d53063b250;
T_5 ;
    %wait E_000002d53068d390;
    %load/vec4 v000002d5306e9220_0;
    %dup/vec4;
    %pushi/vec4 0, 0, 3;
    %cmp/u;
    %jmp/1 T_5.0, 6;
    %dup/vec4;
    %pushi/vec4 1, 0, 3;
    %cmp/u;
    %jmp/1 T_5.1, 6;
    %dup/vec4;
    %pushi/vec4 2, 0, 3;
    %cmp/u;
    %jmp/1 T_5.2, 6;
    %dup/vec4;
    %pushi/vec4 3, 0, 3;
    %cmp/u;
    %jmp/1 T_5.3, 6;
    %dup/vec4;
    %pushi/vec4 4, 0, 3;
    %cmp/u;
    %jmp/1 T_5.4, 6;
    %pushi/vec4 4294967295, 4294967295, 32;
    %store/vec4 v000002d5306e9540_0, 0, 32;
    %jmp T_5.6;
T_5.0 ;
    %load/vec4 v000002d5306e9860_0;
    %parti/s 1, 24, 6;
    %replicate 20;
    %load/vec4 v000002d5306e9860_0;
    %parti/s 12, 13, 5;
    %concat/vec4; draw_concat_vec4
    %store/vec4 v000002d5306e9540_0, 0, 32;
    %jmp T_5.6;
T_5.1 ;
    %load/vec4 v000002d5306e9860_0;
    %parti/s 1, 24, 6;
    %replicate 20;
    %load/vec4 v000002d5306e9860_0;
    %parti/s 7, 18, 6;
    %concat/vec4; draw_concat_vec4
    %load/vec4 v000002d5306e9860_0;
    %parti/s 5, 0, 2;
    %concat/vec4; draw_concat_vec4
    %store/vec4 v000002d5306e9540_0, 0, 32;
    %jmp T_5.6;
T_5.2 ;
    %load/vec4 v000002d5306e9860_0;
    %parti/s 1, 24, 6;
    %replicate 20;
    %load/vec4 v000002d5306e9860_0;
    %parti/s 1, 0, 2;
    %concat/vec4; draw_concat_vec4
    %load/vec4 v000002d5306e9860_0;
    %parti/s 6, 18, 6;
    %concat/vec4; draw_concat_vec4
    %load/vec4 v000002d5306e9860_0;
    %parti/s 4, 1, 2;
    %concat/vec4; draw_concat_vec4
    %concati/vec4 0, 0, 1;
    %store/vec4 v000002d5306e9540_0, 0, 32;
    %jmp T_5.6;
T_5.3 ;
    %load/vec4 v000002d5306e9860_0;
    %parti/s 1, 24, 6;
    %replicate 12;
    %load/vec4 v000002d5306e9860_0;
    %parti/s 8, 5, 4;
    %concat/vec4; draw_concat_vec4
    %load/vec4 v000002d5306e9860_0;
    %parti/s 1, 13, 5;
    %concat/vec4; draw_concat_vec4
    %load/vec4 v000002d5306e9860_0;
    %parti/s 10, 14, 5;
    %concat/vec4; draw_concat_vec4
    %concati/vec4 0, 0, 1;
    %store/vec4 v000002d5306e9540_0, 0, 32;
    %jmp T_5.6;
T_5.4 ;
    %load/vec4 v000002d5306e9860_0;
    %parti/s 20, 5, 4;
    %concati/vec4 0, 0, 12;
    %store/vec4 v000002d5306e9540_0, 0, 32;
    %jmp T_5.6;
T_5.6 ;
    %pop/vec4 1;
    %jmp T_5;
    .thread T_5, $push;
    .scope S_000002d530648f50;
T_6 ;
    %wait E_000002d53068d150;
    %load/vec4 v000002d5306e9e00_0;
    %dup/vec4;
    %pushi/vec4 0, 0, 4;
    %cmp/u;
    %jmp/1 T_6.0, 6;
    %dup/vec4;
    %pushi/vec4 1, 0, 4;
    %cmp/u;
    %jmp/1 T_6.1, 6;
    %dup/vec4;
    %pushi/vec4 2, 0, 4;
    %cmp/u;
    %jmp/1 T_6.2, 6;
    %dup/vec4;
    %pushi/vec4 3, 0, 4;
    %cmp/u;
    %jmp/1 T_6.3, 6;
    %dup/vec4;
    %pushi/vec4 5, 0, 4;
    %cmp/u;
    %jmp/1 T_6.4, 6;
    %dup/vec4;
    %pushi/vec4 7, 0, 4;
    %cmp/u;
    %jmp/1 T_6.5, 6;
    %dup/vec4;
    %pushi/vec4 8, 0, 4;
    %cmp/u;
    %jmp/1 T_6.6, 6;
    %dup/vec4;
    %pushi/vec4 9, 0, 4;
    %cmp/u;
    %jmp/1 T_6.7, 6;
    %dup/vec4;
    %pushi/vec4 10, 0, 4;
    %cmp/u;
    %jmp/1 T_6.8, 6;
    %dup/vec4;
    %pushi/vec4 11, 0, 4;
    %cmp/u;
    %jmp/1 T_6.9, 6;
    %pushi/vec4 4294967295, 4294967295, 32;
    %store/vec4 v000002d5306e94a0_0, 0, 32;
    %jmp T_6.11;
T_6.0 ;
    %load/vec4 v000002d5306e90e0_0;
    %load/vec4 v000002d5306e9c20_0;
    %add;
    %store/vec4 v000002d5306e94a0_0, 0, 32;
    %jmp T_6.11;
T_6.1 ;
    %load/vec4 v000002d5306e90e0_0;
    %load/vec4 v000002d5306e9c20_0;
    %sub;
    %store/vec4 v000002d5306e94a0_0, 0, 32;
    %jmp T_6.11;
T_6.2 ;
    %load/vec4 v000002d5306e90e0_0;
    %load/vec4 v000002d5306e9c20_0;
    %and;
    %store/vec4 v000002d5306e94a0_0, 0, 32;
    %jmp T_6.11;
T_6.3 ;
    %load/vec4 v000002d5306e90e0_0;
    %load/vec4 v000002d5306e9c20_0;
    %or;
    %store/vec4 v000002d5306e94a0_0, 0, 32;
    %jmp T_6.11;
T_6.4 ;
    %load/vec4 v000002d5306e90e0_0;
    %load/vec4 v000002d5306e9c20_0;
    %cmp/s;
    %flag_mov 8, 5;
    %jmp/0 T_6.12, 8;
    %pushi/vec4 1, 0, 32;
    %jmp/1 T_6.13, 8;
T_6.12 ; End of true expr.
    %pushi/vec4 0, 0, 32;
    %jmp/0 T_6.13, 8;
 ; End of false expr.
    %blend;
T_6.13;
    %store/vec4 v000002d5306e94a0_0, 0, 32;
    %jmp T_6.11;
T_6.5 ;
    %load/vec4 v000002d5306e90e0_0;
    %load/vec4 v000002d5306e9c20_0;
    %xor;
    %store/vec4 v000002d5306e94a0_0, 0, 32;
    %jmp T_6.11;
T_6.6 ;
    %load/vec4 v000002d5306e90e0_0;
    %load/vec4 v000002d5306e9c20_0;
    %parti/s 5, 0, 2;
    %ix/vec4 4;
    %shiftr 4;
    %store/vec4 v000002d5306e94a0_0, 0, 32;
    %jmp T_6.11;
T_6.7 ;
    %load/vec4 v000002d5306e90e0_0;
    %load/vec4 v000002d5306e9c20_0;
    %parti/s 5, 0, 2;
    %ix/vec4 4;
    %shiftr 4;
    %store/vec4 v000002d5306e94a0_0, 0, 32;
    %jmp T_6.11;
T_6.8 ;
    %load/vec4 v000002d5306e90e0_0;
    %load/vec4 v000002d5306e9c20_0;
    %parti/s 5, 0, 2;
    %ix/vec4 4;
    %shiftl 4;
    %store/vec4 v000002d5306e94a0_0, 0, 32;
    %jmp T_6.11;
T_6.9 ;
    %load/vec4 v000002d5306e90e0_0;
    %load/vec4 v000002d5306e9c20_0;
    %cmp/u;
    %flag_mov 8, 5;
    %jmp/0 T_6.14, 8;
    %pushi/vec4 1, 0, 32;
    %jmp/1 T_6.15, 8;
T_6.14 ; End of true expr.
    %pushi/vec4 0, 0, 32;
    %jmp/0 T_6.15, 8;
 ; End of false expr.
    %blend;
T_6.15;
    %store/vec4 v000002d5306e94a0_0, 0, 32;
    %jmp T_6.11;
T_6.11 ;
    %pop/vec4 1;
    %load/vec4 v000002d5306e94a0_0;
    %cmpi/e 0, 0, 32;
    %flag_mov 8, 4;
    %jmp/0 T_6.16, 8;
    %pushi/vec4 1, 0, 1;
    %jmp/1 T_6.17, 8;
T_6.16 ; End of true expr.
    %pushi/vec4 0, 0, 1;
    %jmp/0 T_6.17, 8;
 ; End of false expr.
    %blend;
T_6.17;
    %store/vec4 v000002d5306e9180_0, 0, 1;
    %jmp T_6;
    .thread T_6, $push;
    .scope S_000002d530672e90;
T_7 ;
    %wait E_000002d53068c150;
    %load/vec4 v000002d530686250_0;
    %flag_set/vec4 8;
    %jmp/0xz  T_7.0, 8;
    %load/vec4 v000002d530685b70_0;
    %load/vec4 v000002d530684d10_0;
    %parti/s 30, 2, 3;
    %ix/vec4 3;
    %ix/load 4, 0, 0; Constant delay
    %assign/vec4/a/d v000002d5306861b0, 0, 4;
T_7.0 ;
    %jmp T_7;
    .thread T_7;
    .scope S_000002d530696230;
T_8 ;
    %vpi_call 3 15 "$readmemh", "riscvtest.hex", v000002d530686390 {0 0 0};
    %pushi/vec4 1, 0, 1;
    %assign/vec4 v000002d5306fad10_0, 0;
    %delay 22, 0;
    %pushi/vec4 0, 0, 1;
    %assign/vec4 v000002d5306fad10_0, 0;
    %end;
    .thread T_8;
    .scope S_000002d530696230;
T_9 ;
    %vpi_call 3 22 "$dumpfile", "sc_tb.vcd" {0 0 0};
    %vpi_call 3 23 "$dumpvars", 32'sb00000000000000000000000000000000, S_000002d530696230 {0 0 0};
    %end;
    .thread T_9;
    .scope S_000002d530696230;
T_10 ;
    %pushi/vec4 1, 0, 1;
    %assign/vec4 v000002d5306f9190_0, 0;
    %delay 5, 0;
    %pushi/vec4 0, 0, 1;
    %assign/vec4 v000002d5306f9190_0, 0;
    %delay 5, 0;
    %jmp T_10;
    .thread T_10;
    .scope S_000002d530696230;
T_11 ;
    %wait E_000002d53068bfd0;
    %load/vec4 v000002d5306ead30_0;
    %load/vec4 v000002d5306fa8b0_0;
    %load/vec4 v000002d5306f90f0_0;
    %vpi_call 3 38 "$display", "PC=%h, Instr=%h, ImmExt=%d, ALUSrc=%b, SrcB=%d, ALURes=%d | x2=%d x3=%d x4=%d x5=%d x7=%d", v000002d5306f9370_0, v000002d5306fa9f0_0, S<2,vec4,s32>, v000002d5306eaab0_0, S<1,vec4,s32>, S<0,vec4,s32>, &A<v000002d5306ebc30, 2>, &A<v000002d5306ebc30, 3>, &A<v000002d5306ebc30, 4>, &A<v000002d5306ebc30, 5>, &A<v000002d5306ebc30, 7> {3 0 0};
    %load/vec4 v000002d5306fa590_0;
    %flag_set/vec4 8;
    %jmp/0xz  T_11.0, 8;
    %vpi_call 3 44 "$display", "MemWrite: DataAdr=%d, WriteData=%d", v000002d5306f90f0_0, v000002d5306fac70_0 {0 0 0};
    %load/vec4 v000002d5306f90f0_0;
    %pushi/vec4 100, 0, 32;
    %cmp/e;
    %flag_get/vec4 4;
    %load/vec4 v000002d5306fac70_0;
    %pushi/vec4 25, 0, 32;
    %cmp/e;
    %flag_get/vec4 4;
    %and;
    %flag_set/vec4 8;
    %jmp/0xz  T_11.2, 8;
    %vpi_call 3 46 "$display", "Simulation succeeded" {0 0 0};
    %vpi_call 3 47 "$finish" {0 0 0};
    %jmp T_11.3;
T_11.2 ;
    %load/vec4 v000002d5306f90f0_0;
    %cmpi/ne 96, 0, 32;
    %jmp/0xz  T_11.4, 4;
    %vpi_call 3 49 "$display", "Simulation failed" {0 0 0};
    %vpi_call 3 50 "$finish" {0 0 0};
T_11.4 ;
T_11.3 ;
T_11.0 ;
    %jmp T_11;
    .thread T_11;
    .scope S_000002d530696230;
T_12 ;
    %delay 10000, 0;
    %vpi_call 3 58 "$display", "Simulation timeout" {0 0 0};
    %vpi_call 3 59 "$finish" {0 0 0};
    %end;
    .thread T_12;
# The file index is used to find the file name in the following table.
:file_names 16;
    "N/A";
    "<interactive>";
    "./generic_building_blocks.v";
    "sc_tb.v";
    "./top_module.v";
    "./data_mem.v";
    "./instruction_mem.v";
    "./riscv_single.v";
    "./controller.v";
    "./ALU_Decoder.v";
    "./main_decoder.v";
    "./datapath.v";
    "./alu.v";
    "./extend_unit.v";
    "./multiplexer.v";
    "./reg_file.v";
